0.01 0.00618421
0.02 0.0151655
0.03 -0.0033312
0.04 -0.0751669
0.05 -0.196021
0.06 -0.334839
0.07 -0.448685
0.08 -0.507269
0.09 -0.507505
0.1 -0.464207
0.11 -0.392861
0.12 -0.304855
0.13 -0.212192
0.14 -0.133163
0.15 -0.085381
0.16 -0.0696017
0.17 -0.0687591
0.18 -0.0673411
0.19 -0.0684999
0.2 -0.0886607
0.21 -0.136152
0.22 -0.198537
0.23 -0.25254
0.24 -0.284649
0.25 -0.298826
0.26 -0.306975
0.27 -0.321168
0.28 -0.353161
0.29 -0.407722
0.3 -0.477323
0.31 -0.548724
0.32 -0.605605
0.33 -0.631333
0.34 -0.62407
0.35 -0.597777
0.36 -0.561966
0.37 -0.511014
0.38 -0.437883
0.39 -0.349883
0.4 -0.263124
0.41 -0.189439
0.42 -0.135919
0.43 -0.110836
0.44 -0.120207
0.45 -0.162404
0.46 -0.231361
0.47 -0.318917
0.48 -0.41104
0.49 -0.48536
0.5 -0.519358
0.51 -0.509841
0.52 -0.477084
0.53 -0.439095
0.54 -0.395443
0.55 -0.338707
0.56 -0.267199
0.57 -0.183973
0.58 -0.0894475
0.59 0.0165228
0.6 0.126396
0.61 0.228402
0.62 0.313225
0.63 0.364081
0.64 0.352301
0.65 0.254033
0.66 0.0573935
0.67 -0.236099
0.68 -0.596216
0.69 -0.966524
0.7 -1.29478
0.71 -1.55984
0.72 -1.77454
0.73 -1.96014
0.74 -2.11765
0.75 -2.22155
0.76 -2.2323
0.77 -2.12258
0.78 -1.90192
0.79 -1.60981
0.8 -1.29122
0.81 -0.979306
0.82 -0.688032
0.83 -0.430366
0.84 -0.275487
0.85 -0.345611
0.86 -0.702419
0.87 -1.29438
0.88 -2.0216
0.89 -2.80454
0.9 -3.60126
0.91 -4.38472
0.92 -5.11017
0.93 -5.7147
0.94 -6.15424
0.95 -6.42172
0.96 -6.5287
0.97 -6.47427
0.98 -6.24296
0.99 -5.83227
1 -5.2509
1.01 -4.50219
1.02 -3.59579
1.03 -2.56463
1.04 -1.46791
1.05 -0.378143
1.06 0.645205
1.07 1.58401
1.08 2.46137
1.09 3.30114
1.1 4.09811
1.11 4.83321
1.12 5.49984
1.13 6.09869
1.14 6.61582
1.15 7.02624
1.16 7.32062
1.17 7.52095
1.18 7.66402
1.19 7.77306
1.2 7.85093
1.21 7.88952
1.22 7.87448
1.23 7.78071
1.24 7.57554
1.25 7.22943
1.26 6.7172
1.27 6.012
1.28 5.07111
1.29 3.83519
1.3 2.26615
1.31 0.37973
1.32 -1.74619
1.33 -3.97916
1.34 -6.18056
1.35 -8.26351
1.36 -10.206
1.37 -12.0147
1.38 -13.664
1.39 -15.0575
1.4 -16.0471
1.41 -16.485
1.42 -16.2646
1.43 -15.3543
1.44 -13.7977
1.45 -11.6973
1.46 -9.18267
1.47 -6.38411
1.48 -3.43772
1.49 -0.479002
1.5 2.38841
1.51 5.10332
1.52 7.62746
1.53 9.93695
1.54 12.0189
1.55 13.841
1.56 15.329
1.57 16.3898
1.58 16.9452
1.59 16.9453
1.6 16.3708
1.61 15.2239
1.62 13.5155
1.63 11.2775
1.64 8.57685
1.65 5.51446
1.66 2.20892
1.67 -1.23287
1.68 -4.72688
1.69 -8.19383
1.7 -11.5383
1.71 -14.6431
1.72 -17.3833
1.73 -19.6645
1.74 -21.4526
1.75 -22.7488
1.76 -23.5339
1.77 -23.7516
1.78 -23.3358
1.79 -22.2556
1.8 -20.5212
1.81 -18.1783
1.82 -15.2979
1.83 -11.9802
1.84 -8.34789
1.85 -4.5251
1.86 -0.635587
1.87 3.1938
1.88 6.84985
1.89 10.2496
1.9 13.3452
1.91 16.127
1.92 18.6074
1.93 20.7924
1.94 22.6665
1.95 24.2008
1.96 25.3919
1.97 26.2832
1.98 26.9365
1.99 27.4058
2 27.7364
2.01 27.9773
2.02 28.1891
2.03 28.4271
2.04 28.7073
2.05 28.99
2.06 29.2009
2.07 29.2804
2.08 29.2132
2.09 29.0203
2.1 28.7243
2.11 28.3375
2.12 27.8752
2.13 27.3698
2.14 26.8497
2.15 26.3003
2.16 25.6514
2.17 24.7817
2.18 23.5156
2.19 21.6288
2.2 18.8868
2.21 15.1084
2.22 10.2057
2.23 4.16551
2.24 -3.01273
2.25 -11.3669
2.26 -20.9265
2.27 -31.5494
2.28 -42.8313
2.29 -54.1111
2.3 -64.6221
2.31 -73.6557
2.32 -80.6453
2.33 -85.1668
2.34 -86.8974
2.35 -85.6192
2.36 -81.3926
2.37 -74.5538
2.38 -65.6764
2.39 -55.4893
2.4 -44.7128
2.41 -34.0049
2.42 -23.9696
2.43 -15.1384
2.44 -7.93887
2.45 -2.68806
2.46 0.41046
2.47 1.24078
2.48 -0.249694
2.49 -3.96693
2.5 -9.67102
2.51 -16.9572
2.52 -25.2959
2.53 -34.1932
2.54 -43.302
2.55 -52.4589
2.56 -61.6537
2.57 -70.9724
2.58 -80.5396
2.59 -90.4511
2.6 -100.716
2.61 -111.23
2.62 -121.812
2.63 -132.303
2.64 -142.513
2.65 -152.242
2.66 -161.273
2.67 -169.371
2.68 -176.275
2.69 -181.689
2.7 -185.286
2.71 -186.731
2.72 -185.718
2.73 -182.137
2.74 -176.076
2.75 -167.836
2.76 -157.934
2.77 -147.006
2.78 -135.732
2.79 -124.803
2.8 -114.905
2.81 -106.701
2.82 -100.802
2.83 -97.6367
2.84 -97.3209
2.85 -99.6469
2.86 -104.179
2.87 -110.483
2.88 -118.214
2.89 -127.094
2.9 -136.877
2.91 -147.295
2.92 -158.047
2.93 -168.801
2.94 -179.224
2.95 -189.016
2.96 -197.966
2.97 -205.935
2.98 -212.835
2.99 -218.607
3 -223.223
3.01 -226.664
3.02 -228.903
3.03 -229.873
3.04 -229.452
3.05 -227.548
3.06 -224.13
3.07 -219.246
3.08 -212.997
3.09 -205.506
3.1 -196.871
3.11 -187.156
3.12 -176.386
3.13 -164.56
3.14 -151.687
3.15 -137.808
3.16 -122.993
3.17 -107.33
3.18 -90.9473
3.19 -74.0372
3.2 -56.8931
3.21 -39.9228
3.22 -23.6178
3.23 -8.47287
3.24 5.11934
3.25 16.9075
3.26 26.7774
3.27 34.7821
3.28 41.1158
3.29 46.0292
3.3 49.7374
3.31 52.3827
3.32 54.0436
3.33 54.7765
3.34 54.6556
3.35 53.8671
3.36 52.6843
3.37 51.4339
3.38 50.4364
3.39 49.9631
3.4 50.2087
3.41 51.2615
3.42 53.0711
3.43 55.4517
3.44 58.1153
3.45 60.8132
3.46 63.3352
3.47 65.5572
3.48 67.4505
3.49 69.0768
3.5 70.5798
3.51 72.143
3.52 73.9003
3.53 75.8501
3.54 77.8286
3.55 79.5416
3.56 80.6377
3.57 80.7829
3.58 79.7301
3.59 77.3524
3.6 73.6226
3.61 68.5755
3.62 62.2806
3.63 54.8287
3.64 46.3138
3.65 36.822
3.66 26.4004
3.67 15.0264
3.68 2.60834
3.69 -10.9787
3.7 -25.8023
3.71 -41.7744
3.72 -58.6297
3.73 -75.9757
3.74 -93.3589
3.75 -110.327
3.76 -126.461
3.77 -141.428
3.78 -155.064
3.79 -167.378
3.8 -178.517
3.81 -188.718
3.82 -198.258
3.83 -207.41
3.84 -216.416
3.85 -225.468
3.86 -234.674
3.87 -244.016
3.88 -253.361
3.89 -262.521
3.9 -271.307
3.91 -279.553
3.92 -287.108
3.93 -293.846
3.94 -299.679
3.95 -304.577
3.96 -308.565
3.97 -311.723
3.98 -314.181
3.99 -316.1
4 -317.63
4.01 -318.846
4.02 -319.693
4.03 -320.002
4.04 -319.568
4.05 -318.255
4.06 -316.014
4.07 -312.866
4.08 -308.845
4.09 -303.967
4.1 -298.226
4.11 -291.63
4.12 -284.236
4.13 -276.12
4.14 -267.328
4.15 -257.818
4.16 -247.449
4.17 -236.027
4.18 -223.381
4.19 -209.424
4.2 -194.179
4.21 -177.79
4.22 -160.507
4.23 -142.67
4.24 -124.66
4.25 -106.871
4.26 -89.6297
4.27 -73.139
4.28 -57.5359
4.29 -42.9331
4.3 -29.428
4.31 -17.1337
4.32 -6.1939
4.33 3.2298
4.34 10.9871
4.35 16.9578
4.36 21.0649
4.37 23.2737
4.38 23.6001
4.39 22.1119
4.4 18.9363
4.41 14.2169
4.42 8.09224
4.43 0.70028
4.44 -7.83122
4.45 -17.3847
4.46 -27.8271
4.47 -38.9731
4.48 -50.5486
4.49 -62.1849
4.5 -73.4828
4.51 -84.1029
4.52 -93.8303
4.53 -102.592
4.54 -110.42
4.55 -117.405
4.56 -123.648
4.57 -129.216
4.58 -134.119
4.59 -138.317
4.6 -141.724
4.61 -144.213
4.62 -145.6
4.63 -145.644
4.64 -144.096
4.65 -140.749
4.66 -135.479
4.67 -128.271
4.68 -119.286
4.69 -108.843
4.7 -97.3461
4.71 -85.2274
4.72 -72.8867
4.73 -60.6746
4.74 -48.9063
4.75 -37.857
4.76 -27.7653
4.77 -18.8525
4.78 -11.3584
4.79 -5.56997
4.8 -1.77655
4.81 -0.21495
4.82 -1.0547
4.83 -4.31932
4.84 -9.95546
4.85 -17.8784
4.86 -27.9571
4.87 -39.9962
4.88 -53.6926
4.89 -68.6159
4.9 -84.2595
4.91 -100.137
4.92 -115.877
4.93 -131.28
4.94 -146.315
4.95 -161.051
4.96 -175.567
4.97 -189.888
4.98 -203.997
4.99 -217.875
5 -231.485
5.01 -244.786
5.02 -257.774
5.03 -270.478
5.04 -282.926
5.05 -295.129
5.06 -307.062
5.07 -318.677
5.08 -329.907
5.09 -340.66
5.1 -350.82
5.11 -360.259
5.12 -368.839
5.13 -376.434
5.14 -382.935
5.15 -388.25
5.16 -392.293
5.17 -394.984
5.18 -396.248
5.19 -396.016
5.2 -394.297
5.21 -391.157
5.22 -386.724
5.23 -381.158
5.24 -374.628
5.25 -367.273
5.26 -359.178
5.27 -350.38
5.28 -340.882
5.29 -330.67
5.3 -319.728
5.31 -308.051
5.32 -295.643
5.33 -282.515
5.34 -268.683
5.35 -254.162
5.36 -238.956
5.37 -223.046
5.38 -206.4
5.39 -189.004
5.4 -170.892
5.41 -152.123
5.42 -132.832
5.43 -113.276
5.44 -93.7406
5.45 -74.4841
5.46 -55.6972
5.47 -37.4824
5.48 -19.8471
5.49 -2.72616
5.5 13.9912
5.51 30.4244
5.52 46.6834
5.53 62.8597
5.54 79.0309
5.55 95.2566
5.56 111.581
5.57 128.029
5.58 144.608
5.59 161.301
5.6 178.081
5.61 194.909
5.62 211.754
5.63 228.587
5.64 245.389
5.65 262.133
5.66 278.789
5.67 295.309
5.68 311.623
5.69 327.629
5.7 343.193
5.71 358.153
5.72 372.336
5.73 385.585
5.74 397.782
5.75 408.858
5.76 418.792
5.77 427.596
5.78 435.299
5.79 441.929
5.8 447.492
5.81 451.967
5.82 455.326
5.83 457.543
5.84 458.627
5.85 458.606
5.86 457.551
5.87 455.539
5.88 452.664
5.89 449.05
5.9 444.837
5.91 440.176
5.92 435.202
5.93 430.027
5.94 424.738
5.95 419.398
5.96 414.021
5.97 408.564
5.98 402.945
5.99 397.076
6 390.884
6.01 384.324
6.02 377.382
6.03 370.062
6.04 362.381
6.05 354.34
6.06 345.926
6.07 337.109
6.08 327.853
6.09 318.135
6.1 307.954
6.11 297.328
6.12 286.296
6.13 274.903
6.14 263.192
6.15 251.188
6.16 238.885
6.17 226.222
6.18 213.082
6.19 199.338
6.2 184.884
6.21 169.657
6.22 153.645
6.23 136.887
6.24 119.454
6.25 101.441
6.26 82.9442
6.27 64.047
6.28 44.8147
6.29 25.3012
6.3 5.56383
6.31 -14.3194
6.32 -34.2411
6.33 -54.0677
6.34 -73.6612
6.35 -92.9006
6.36 -111.69
6.37 -129.959
6.38 -147.651
6.39 -164.72
6.4 -181.125
6.41 -196.822
6.42 -211.764
6.43 -225.899
6.44 -239.179
6.45 -251.563
6.46 -263.021
6.47 -273.529
6.48 -283.059
6.49 -291.571
6.5 -299.022
6.51 -305.365
6.52 -310.566
6.53 -314.61
6.54 -317.497
6.55 -319.248
6.56 -319.894
6.57 -319.465
6.58 -318.028
6.59 -315.662
6.6 -312.472
6.61 -308.597
6.62 -304.205
6.63 -299.484
6.64 -294.602
6.65 -289.676
6.66 -284.765
6.67 -279.881
6.68 -275.019
6.69 -270.173
6.7 -265.342
6.71 -260.529
6.72 -255.744
6.73 -251.004
6.74 -246.342
6.75 -241.79
6.76 -237.37
6.77 -233.062
6.78 -228.81
6.79 -224.539
6.8 -220.192
6.81 -215.748
6.82 -211.221
6.83 -206.634
6.84 -202.006
6.85 -197.332
6.86 -192.581
6.87 -187.716
6.88 -182.702
6.89 -177.501
6.9 -172.066
6.91 -166.339
6.92 -160.26
6.93 -153.773
6.94 -146.831
6.95 -139.408
6.96 -131.508
6.97 -123.183
6.98 -114.534
6.99 -105.707
7 -96.8879
7.01 -88.2797
7.02 -80.0795
7.03 -72.4531
7.04 -65.5071
7.05 -59.2842
7.06 -53.7735
7.07 -48.9358
7.08 -44.728
7.09 -41.1286
7.1 -38.1566
7.11 -35.873
7.12 -34.3741
7.13 -33.7706
7.14 -34.1756
7.15 -35.6604
7.16 -38.283
7.17 -42.0896
7.18 -47.1411
7.19 -53.5139
7.2 -61.3038
7.21 -70.6109
7.22 -81.4954
7.23 -93.9381
7.24 -107.802
7.25 -122.823
7.26 -138.639
7.27 -154.85
7.28 -171.069
7.29 -186.971
7.3 -202.309
7.31 -216.928
7.32 -230.736
7.33 -243.669
7.34 -255.67
7.35 -266.685
7.36 -276.64
7.37 -285.442
7.38 -292.987
7.39 -299.201
7.4 -304.048
7.41 -307.519
7.42 -309.625
7.43 -310.399
7.44 -309.89
7.45 -308.234
7.46 -305.629
7.47 -302.347
7.48 -298.699
7.49 -294.999
7.5 -291.526
7.51 -288.491
7.52 -286.036
7.53 -284.247
7.54 -283.185
7.55 -282.914
7.56 -283.525
7.57 -285.116
7.58 -287.741
7.59 -291.344
7.6 -295.755
7.61 -300.701
7.62 -305.875
7.63 -310.998
7.64 -315.849
7.65 -320.269
7.66 -324.158
7.67 -327.453
7.68 -330.116
7.69 -332.106
7.7 -333.371
7.71 -333.86
7.72 -333.534
7.73 -332.409
7.74 -330.539
7.75 -328.031
7.76 -325.02
7.77 -321.64
7.78 -317.994
7.79 -314.14
7.8 -310.101
7.81 -305.891
7.82 -301.52
7.83 -297.012
7.84 -292.41
7.85 -287.752
7.86 -283.054
7.87 -278.294
7.88 -273.416
7.89 -268.351
7.9 -263.04
7.91 -257.449
7.92 -251.571
7.93 -245.424
7.94 -239.058
7.95 -232.563
7.96 -226.081
7.97 -219.824
7.98 -214.049
7.99 -209.035
8 -205.026
8.01 -202.193
8.02 -200.62
8.03 -200.298
8.04 -201.132
8.05 -202.923
8.06 -205.416
8.07 -208.343
8.08 -211.464
8.09 -214.594
8.1 -217.607
8.11 -220.427
8.12 -223.016
8.13 -225.358
8.14 -227.449
8.15 -229.287
8.16 -230.868
8.17 -232.19
8.18 -233.25
8.19 -234.039
8.2 -234.532
8.21 -234.706
8.22 -234.555
8.23 -234.111
8.24 -233.418
8.25 -232.536
8.26 -231.529
8.27 -230.474
8.28 -229.449
8.29 -228.513
8.3 -227.699
8.31 -227.017
8.32 -226.47
8.33 -226.07
8.34 -225.833
8.35 -225.778
8.36 -225.929
8.37 -226.306
8.38 -226.918
8.39 -227.76
8.4 -228.809
8.41 -230.039
8.42 -231.414
8.43 -232.901
8.44 -234.461
8.45 -236.049
8.46 -237.616
8.47 -239.109
8.48 -240.47
8.49 -241.634
8.5 -242.528
8.51 -243.076
8.52 -243.212
8.53 -242.882
8.54 -242.057
8.55 -240.723
8.56 -238.877
8.57 -236.535
8.58 -233.714
8.59 -230.423
8.6 -226.648
8.61 -222.352
8.62 -217.494
8.63 -212.037
8.64 -205.953
8.65 -199.208
8.66 -191.758
8.67 -183.559
8.68 -174.574
8.69 -164.796
8.7 -154.243
8.71 -142.949
8.72 -130.965
8.73 -118.361
8.74 -105.197
8.75 -91.4662
8.76 -77.1827
8.77 -62.386
8.78 -47.1065
8.79 -31.3689
8.8 -15.2014
8.81 1.36437
8.82 18.2895
8.83 35.5205
8.84 52.9867
8.85 70.5926
8.86 88.2211
8.87 105.734
8.88 122.975
8.89 139.782
8.9 156
8.91 171.503
8.92 186.199
8.93 200.036
8.94 212.994
8.95 225.086
8.96 236.351
8.97 246.83
8.98 256.531
8.99 265.424
9 273.465
9.01 280.615
9.02 286.852
9.03 292.169
9.04 296.581
9.05 300.13
9.06 302.877
9.07 304.882
9.08 306.19
9.09 306.823
9.1 306.776
9.11 306.051
9.12 304.662
9.13 302.667
9.14 300.174
9.15 297.32
9.16 294.231
9.17 290.993
9.18 287.649
9.19 284.202
9.2 280.639
9.21 276.949
9.22 273.132
9.23 269.214
9.24 265.24
9.25 261.264
9.26 257.336
9.27 253.486
9.28 249.725
9.29 246.052
9.3 242.458
9.31 238.94
9.32 235.503
9.33 232.163
9.34 228.95
9.35 225.907
9.36 223.1
9.37 220.598
9.38 218.447
9.39 216.658
9.4 215.204
9.41 214.032
9.42 213.08
9.43 212.287
9.44 211.608
9.45 211.014
9.46 210.501
9.47 210.074
9.48 209.735
9.49 209.473
9.5 209.261
9.51 209.058
9.52 208.815
9.53 208.482
9.54 208.012
9.55 207.359
9.56 206.487
9.57 205.371
9.58 204.007
9.59 202.407
9.6 200.59
9.61 198.57
9.62 196.349
9.63 193.911
9.64 191.239
9.65 188.327
9.66 185.203
9.67 181.935
9.68 178.631
9.69 175.401
9.7 172.335
9.71 169.471
9.72 166.801
9.73 164.289
9.74 161.902
9.75 159.646
9.76 157.568
9.77 155.744
9.78 154.248
9.79 153.115
9.8 152.345
9.81 151.901
9.82 151.74
9.83 151.836
9.84 152.19
9.85 152.84
9.86 153.835
9.87 155.211
9.88 156.969
9.89 159.066
9.9 161.427
9.91 163.966
9.92 166.598
9.93 169.256
9.94 171.885
9.95 174.447
9.96 176.914
9.97 179.238
9.98 181.345
9.99 183.127
10 184.461
10.01 185.231
10.02 185.334
10.03 184.702
10.04 183.319
10.05 181.222
10.06 178.486
10.07 175.181
10.08 171.366
10.09 167.089
10.1 162.387
10.11 157.297
10.12 151.848
10.13 146.057
10.14 139.922
10.15 133.422
10.16 126.536
10.17 119.262
10.18 111.636
10.19 103.728
10.2 95.6459
10.21 87.5299
10.22 79.5246
10.23 71.7599
10.24 64.3687
10.25 57.4672
10.26 51.1252
10.27 45.3615
10.28 40.165
10.29 35.5298
10.3 31.4831
10.31 28.0838
10.32 25.4093
10.33 23.523
10.34 22.444
10.35 22.1362
10.36 22.519
10.37 23.4844
10.38 24.9456
10.39 26.8409
10.4 29.1398
10.41 31.8287
10.42 34.8879
10.43 38.2764
10.44 41.9308
10.45 45.7831
10.46 49.7745
10.47 53.8642
10.48 58.0354
10.49 62.29
10.5 66.6381
10.51 71.0786
10.52 75.579
10.53 80.0689
10.54 84.4369
10.55 88.5423
10.56 92.2406
10.57 95.417
10.58 98.0193
10.59 100.059
10.6 101.593
10.61 102.696
10.62 103.433
10.63 103.849
10.64 103.961
10.65 103.764
10.66 103.26
10.67 102.463
10.68 101.414
10.69 100.175
10.7 98.8245
10.71 97.4556
10.72 96.1556
10.73 94.9928
10.74 94.01
10.75 93.2205
10.76 92.6198
10.77 92.1981
10.78 91.9542
10.79 91.9098
10.8 92.1022
10.81 92.5662
10.82 93.3149
10.83 94.3262
10.84 95.5533
10.85 96.9437
10.86 98.4583
10.87 100.087
10.88 101.846
10.89 103.769
10.9 105.893
10.91 108.238
10.92 110.815
10.93 113.627
10.94 116.686
10.95 120.012
10.96 123.632
10.97 127.561
10.98 131.792
10.99 136.292
11 141.012
11.01 145.897
11.02 150.898
11.03 155.987
11.04 161.15
11.05 166.383
11.06 171.689
11.07 177.065
11.08 182.503
11.09 187.983
11.1 193.475
11.11 198.953
11.12 204.394
11.13 209.777
11.14 215.071
11.15 220.226
11.16 225.176
11.17 229.835
11.18 234.118
11.19 237.949
11.2 241.27
11.21 244.041
11.22 246.235
11.23 247.832
11.24 248.822
11.25 249.198
11.26 248.956
11.27 248.116
11.28 246.711
11.29 244.801
11.3 242.472
11.31 239.82
11.32 236.952
11.33 233.974
11.34 230.993
11.35 228.106
11.36 225.398
11.37 222.928
11.38 220.73
11.39 218.809
11.4 217.152
11.41 215.739
11.42 214.566
11.43 213.655
11.44 213.053
11.45 212.815
11.46 212.982
11.47 213.554
11.48 214.486
11.49 215.7
11.5 217.097
11.51 218.586
11.52 220.1
11.53 221.605
11.54 223.096
11.55 224.582
11.56 226.07
11.57 227.547
11.58 228.979
11.59 230.326
11.6 231.56
11.61 232.673
11.62 233.671
11.63 234.562
11.64 235.328
11.65 235.928
11.66 236.292
11.67 236.349
11.68 236.038
11.69 235.32
11.7 234.192
11.71 232.676
11.72 230.816
11.73 228.652
11.74 226.211
11.75 223.517
11.76 220.602
11.77 217.516
11.78 214.327
11.79 211.102
11.8 207.89
11.81 204.72
11.82 201.59
11.83 198.49
11.84 195.422
11.85 192.405
11.86 189.477
11.87 186.676
11.88 184.03
11.89 181.545
11.9 179.213
11.91 177.018
11.92 174.949
11.93 173.005
11.94 171.198
11.95 169.542
11.96 168.049
11.97 166.726
11.98 165.568
11.99 164.564
12 163.691
12.01 162.931
12.02 162.271
12.03 161.706
12.04 161.241
12.05 160.879
12.06 160.619
12.07 160.456
12.08 160.377
12.09 160.375
12.1 160.447
12.11 160.602
12.12 160.857
12.13 161.225
12.14 161.7
12.15 162.262
12.16 162.878
12.17 163.518
12.18 164.153
12.19 164.772
12.2 165.386
12.21 166.02
12.22 166.704
12.23 167.471
12.24 168.343
12.25 169.34
12.26 170.467
12.27 171.724
12.28 173.091
12.29 174.53
12.3 175.979
12.31 177.368
12.32 178.63
12.33 179.719
12.34 180.609
12.35 181.296
12.36 181.78
12.37 182.056
12.38 182.11
12.39 181.915
12.4 181.441
12.41 180.665
12.42 179.574
12.43 178.173
12.44 176.493
12.45 174.588
12.46 172.531
12.47 170.409
12.48 168.304
12.49 166.281
12.5 164.384
12.51 162.64
12.52 161.069
12.53 159.69
12.54 158.537
12.55 157.647
12.56 157.071
12.57 156.847
12.58 156.997
12.59 157.514
12.6 158.365
12.61 159.503
12.62 160.877
12.63 162.439
12.64 164.153
12.65 165.997
12.66 167.959
12.67 170.029
12.68 172.193
12.69 174.428
12.7 176.707
12.71 179.01
12.72 181.333
12.73 183.69
12.74 186.13
12.75 188.725
12.76 191.567
12.77 194.75
12.78 198.347
12.79 202.393
12.8 206.885
12.81 211.79
12.82 217.053
12.83 222.6
12.84 228.345
12.85 234.189
12.86 240.025
12.87 245.747
12.88 251.252
12.89 256.446
12.9 261.26
12.91 265.633
12.92 269.522
12.93 272.896
12.94 275.73
12.95 278.01
12.96 279.731
12.97 280.891
12.98 281.484
12.99 281.49
13 280.899
13.01 279.717
13.02 277.977
13.03 275.749
13.04 273.124
13.05 270.197
13.06 267.057
13.07 263.772
13.08 260.398
13.09 256.985
13.1 253.577
13.11 250.214
13.12 246.926
13.13 243.74
13.14 240.681
13.15 237.772
13.16 235.038
13.17 232.501
13.18 230.176
13.19 228.072
13.2 226.184
13.21 224.5
13.22 223.004
13.23 221.675
13.24 220.495
13.25 219.444
13.26 218.508
13.27 217.67
13.28 216.912
13.29 216.211
13.3 215.541
13.31 214.87
13.32 214.161
13.33 213.38
13.34 212.49
13.35 211.452
13.36 210.218
13.37 208.735
13.38 206.938
13.39 204.732
13.4 201.988
13.41 198.543
13.42 194.24
13.43 188.981
13.44 182.749
13.45 175.605
13.46 167.634
13.47 158.915
13.48 149.504
13.49 139.45
13.5 128.804
13.51 117.63
13.52 105.991
13.53 93.9526
13.54 81.5858
13.55 68.9736
13.56 56.2042
13.57 43.3592
13.58 30.5339
13.59 17.8452
13.6 5.41485
13.61 -6.64975
13.62 -18.26
13.63 -29.3437
13.64 -39.8482
13.65 -49.7336
13.66 -58.9646
13.67 -67.5077
13.68 -75.3309
13.69 -82.409
13.7 -88.7236
13.71 -94.2624
13.72 -99.0203
13.73 -102.995
13.74 -106.188
13.75 -108.604
13.76 -110.257
13.77 -111.175
13.78 -111.386
13.79 -110.917
13.8 -109.811
13.81 -108.111
13.82 -105.871
13.83 -103.15
13.84 -100.007
13.85 -96.516
13.86 -92.7523
13.87 -88.7912
13.88 -84.7079
13.89 -80.5705
13.9 -76.432
13.91 -72.3208
13.92 -68.2421
13.93 -64.189
13.94 -60.1479
13.95 -56.1064
13.96 -52.0574
13.97 -47.999
13.98 -43.9321
13.99 -39.8504
14 -35.736
14.01 -31.5582
14.02 -27.2729
14.03 -22.8334
14.04 -18.1952
14.05 -13.3174
14.06 -8.16547
14.07 -2.70706
14.08 3.08924
14.09 9.25588
14.1 15.8272
14.11 22.8336
14.12 30.2985
14.13 38.2317
14.14 46.6247
14.15 55.4592
14.16 64.7113
14.17 74.355
14.18 84.361
14.19 94.6914
14.2 105.301
14.21 116.141
14.22 127.149
14.23 138.248
14.24 149.336
14.25 160.308
14.26 171.071
14.27 181.55
14.28 191.697
14.29 201.48
14.3 210.89
14.31 219.925
14.32 228.583
14.33 236.851
14.34 244.696
14.35 252.074
14.36 258.939
14.37 265.252
14.38 270.993
14.39 276.155
14.4 280.744
14.41 284.772
14.42 288.248
14.43 291.178
14.44 293.568
14.45 295.417
14.46 296.724
14.47 297.494
14.48 297.736
14.49 297.466
14.5 296.719
14.51 295.539
14.52 293.979
14.53 292.098
14.54 289.96
14.55 287.618
14.56 285.113
14.57 282.475
14.58 279.731
14.59 276.912
14.6 274.056
14.61 271.203
14.62 268.393
14.63 265.656
14.64 263.002
14.65 260.43
14.66 257.926
14.67 255.485
14.68 253.103
14.69 250.787
14.7 248.553
14.71 246.415
14.72 244.381
14.73 242.452
14.74 240.615
14.75 238.855
14.76 237.152
14.77 235.487
14.78 233.84
14.79 232.191
14.8 230.526
14.81 228.834
14.82 227.104
14.83 225.326
14.84 223.485
14.85 221.571
14.86 219.571
14.87 217.485
14.88 215.335
14.89 213.161
14.9 211.026
14.91 209.002
14.92 207.151
14.93 205.523
14.94 204.147
14.95 203.044
14.96 202.23
14.97 201.716
14.98 201.522
14.99 201.67
15 202.167
15.01 203.008
15.02 204.17
15.03 205.617
15.04 207.306
15.05 209.186
15.06 211.208
15.07 213.32
15.08 215.48
15.09 217.648
15.1 219.783
15.11 221.851
15.12 223.836
15.13 225.739
15.14 227.572
15.15 229.354
15.16 231.104
15.17 232.84
15.18 234.577
15.19 236.333
15.2 238.123
15.21 239.966
15.22 241.879
15.23 243.868
15.24 245.921
15.25 248.009
15.26 250.085
15.27 252.104
15.28 254.031
15.29 255.854
15.3 257.574
15.31 259.194
15.32 260.702
15.33 262.073
15.34 263.263
15.35 264.224
15.36 264.908
15.37 265.282
15.38 265.33
15.39 265.044
15.4 264.437
15.41 263.52
15.42 262.303
15.43 260.796
15.44 259.011
15.45 256.971
15.46 254.712
15.47 252.285
15.48 249.756
15.49 247.193
15.5 244.666
15.51 242.228
15.52 239.92
15.53 237.764
15.54 235.772
15.55 233.954
15.56 232.315
15.57 230.862
15.58 229.6
15.59 228.534
15.6 227.662
15.61 226.975
15.62 226.462
15.63 226.107
15.64 225.901
15.65 225.836
15.66 225.905
15.67 226.094
15.68 226.378
15.69 226.722
15.7 227.083
15.71 227.414
15.72 227.674
15.73 227.831
15.74 227.866
15.75 227.766
15.76 227.523
15.77 227.138
15.78 226.612
15.79 225.95
15.8 225.153
15.81 224.224
15.82 223.158
15.83 221.959
15.84 220.634
15.85 219.193
15.86 217.64
15.87 215.967
15.88 214.157
15.89 212.197
15.9 210.095
15.91 207.891
15.92 205.656
15.93 203.48
15.94 201.449
15.95 199.628
15.96 198.055
15.97 196.75
15.98 195.72
15.99 194.979
16 194.552
16.01 194.463
16.02 194.737
16.03 195.372
16.04 196.339
16.05 197.577
16.06 199.008
16.07 200.555
16.08 202.151
16.09 203.741
16.1 205.28
16.11 206.73
16.12 208.061
16.13 209.244
16.14 210.249
16.15 211.058
16.16 211.66
16.17 212.058
16.18 212.269
16.19 212.328
16.2 212.278
16.21 212.163
16.22 212.018
16.23 211.864
16.24 211.707
16.25 211.547
16.26 211.386
16.27 211.227
16.28 211.086
16.29 210.983
16.3 210.942
16.31 210.982
16.32 211.112
16.33 211.329
16.34 211.625
16.35 211.985
16.36 212.398
16.37 212.849
16.38 213.324
16.39 213.811
16.4 214.302
16.41 214.795
16.42 215.298
16.43 215.819
16.44 216.364
16.45 216.932
16.46 217.519
16.47 218.12
16.48 218.729
16.49 219.346
16.5 219.977
16.51 220.631
16.52 221.317
16.53 222.041
16.54 222.801
16.55 223.596
16.56 224.421
16.57 225.277
16.58 226.16
16.59 227.067
16.6 227.993
16.61 228.927
16.62 229.856
16.63 230.761
16.64 231.62
16.65 232.41
16.66 233.113
16.67 233.717
16.68 234.211
16.69 234.586
16.7 234.83
16.71 234.923
16.72 234.844
16.73 234.573
16.74 234.096
16.75 233.41
16.76 232.525
16.77 231.468
16.78 230.275
16.79 228.989
16.8 227.646
16.81 226.272
16.82 224.886
16.83 223.494
16.84 222.103
16.85 220.72
16.86 219.355
16.87 218.021
16.88 216.73
16.89 215.49
16.9 214.304
16.91 213.166
16.92 212.067
16.93 210.996
16.94 209.952
16.95 208.94
16.96 207.975
16.97 207.071
16.98 206.232
16.99 205.455
17 204.727
17.01 204.034
17.02 203.364
17.03 202.711
17.04 202.073
17.05 201.45
17.06 200.844
17.07 200.251
17.08 199.666
17.09 199.078
17.1 198.479
17.11 197.864
17.12 197.236
17.13 196.592
17.14 195.929
17.15 195.242
17.16 194.532
17.17 193.814
17.18 193.113
17.19 192.453
17.2 191.855
17.21 191.327
17.22 190.874
17.23 190.503
17.24 190.225
17.25 190.064
17.26 190.038
17.27 190.157
17.28 190.41
17.29 190.772
17.3 191.21
17.31 191.689
17.32 192.185
17.33 192.683
17.34 193.171
17.35 193.626
17.36 194.014
17.37 194.295
17.38 194.435
17.39 194.417
17.4 194.245
17.41 193.934
17.42 193.511
17.43 193.011
17.44 192.473
17.45 191.942
17.46 191.464
17.47 191.088
17.48 190.859
17.49 190.812
17.5 190.966
17.51 191.326
17.52 191.885
17.53 192.628
17.54 193.534
17.55 194.583
17.56 195.75
17.57 197.012
17.58 198.34
17.59 199.701
17.6 201.061
17.61 202.385
17.62 203.642
17.63 204.81
17.64 205.884
17.65 206.865
17.66 207.756
17.67 208.556
17.68 209.258
17.69 209.855
17.7 210.34
17.71 210.708
17.72 210.962
17.73 211.107
17.74 211.147
17.75 211.087
17.76 210.936
17.77 210.704
17.78 210.406
17.79 210.061
17.8 209.689
17.81 209.308
17.82 208.931
17.83 208.563
17.84 208.2
17.85 207.84
17.86 207.484
17.87 207.147
17.88 206.848
17.89 206.603
17.9 206.416
17.91 206.277
17.92 206.172
17.93 206.086
17.94 206.01
17.95 205.944
17.96 205.891
17.97 205.854
17.98 205.828
17.99 205.801
18 205.763
18.01 205.708
18.02 205.637
18.03 205.561
18.04 205.489
18.05 205.435
18.06 205.406
18.07 205.402
18.08 205.421
18.09 205.461
18.1 205.523
18.11 205.611
18.12 205.729
18.13 205.879
18.14 206.058
18.15 206.253
18.16 206.451
18.17 206.636
18.18 206.8
18.19 206.939
18.2 207.048
18.21 207.128
18.22 207.18
18.23 207.209
18.24 207.223
18.25 207.23
18.26 207.228
18.27 207.209
18.28 207.162
18.29 207.081
18.3 206.97
18.31 206.849
18.32 206.742
18.33 206.669
18.34 206.635
18.35 206.632
18.36 206.648
18.37 206.676
18.38 206.722
18.39 206.802
18.4 206.931
18.41 207.114
18.42 207.345
18.43 207.613
18.44 207.905
18.45 208.207
18.46 208.504
18.47 208.778
18.48 209.012
18.49 209.185
18.5 209.279
18.51 209.279
18.52 209.181
18.53 208.988
18.54 208.706
18.55 208.339
18.56 207.893
18.57 207.378
18.58 206.814
18.59 206.228
18.6 205.656
18.61 205.138
18.62 204.705
18.63 204.381
18.64 204.172
18.65 204.07
18.66 204.055
18.67 204.11
18.68 204.221
18.69 204.381
18.7 204.587
18.71 204.837
18.72 205.118
18.73 205.412
18.74 205.691
18.75 205.929
18.76 206.108
18.77 206.224
18.78 206.28
18.79 206.287
18.8 206.254
18.81 206.179
18.82 206.056
18.83 205.875
18.84 205.632
18.85 205.333
18.86 204.991
18.87 204.627
18.88 204.261
18.89 203.908
18.9 203.574
18.91 203.262
18.92 202.976
18.93 202.724
18.94 202.52
18.95 202.376
18.96 202.304
18.97 202.309
18.98 202.392
18.99 202.548
19 202.774
19.01 203.065
19.02 203.423
19.03 203.846
19.04 204.328
19.05 204.859
19.06 205.419
19.07 205.989
19.08 206.552
19.09 207.096
19.1 207.614
19.11 208.1
19.12 208.553
19.13 208.971
19.14 209.346
19.15 209.67
19.16 209.929
19.17 210.114
19.18 210.22
19.19 210.252
19.2 210.22
19.21 210.136
19.22 210.006
19.23 209.834
19.24 209.621
19.25 209.369
19.26 209.083
19.27 208.774
19.28 208.463
19.29 208.168
19.3 207.906
19.31 207.684
19.32 207.505
19.33 207.372
19.34 207.282
19.35 207.238
19.36 207.242
19.37 207.296
19.38 207.397
19.39 207.533
19.4 207.682
19.41 207.827
19.42 207.954
19.43 208.056
19.44 208.13
19.45 208.172
19.46 208.18
19.47 208.154
19.48 208.093
19.49 207.997
19.5 207.868
19.51 207.708
19.52 207.523
19.53 207.323
19.54 207.112
19.55 206.891
19.56 206.661
19.57 206.417
19.58 206.156
19.59 205.873
19.6 205.568
19.61 205.244
19.62 204.91
19.63 204.574
19.64 204.247
19.65 203.936
19.66 203.645
19.67 203.376
19.68 203.126
19.69 202.888
19.7 202.661
19.71 202.443
19.72 202.239
19.73 202.054
19.74 201.89
19.75 201.743
19.76 201.602
19.77 201.456
19.78 201.295
19.79 201.105
19.8 200.882
19.81 200.622
19.82 200.331
19.83 200.016
19.84 199.689
19.85 199.359
19.86 199.037
19.87 198.734
19.88 198.469
19.89 198.264
19.9 198.146
19.91 198.133
19.92 198.238
19.93 198.462
19.94 198.799
19.95 199.234
19.96 199.752
19.97 200.331
19.98 200.954
19.99 201.603
20 202.255
20.01 202.883
20.02 203.456
20.03 203.947
20.04 204.333
20.05 204.593
20.06 204.714
20.07 204.692
20.08 204.53
20.09 204.246
20.1 203.862
20.11 203.406
20.12 202.904
20.13 202.379
20.14 201.853
20.15 201.342
20.16 200.862
20.17 200.43
20.18 200.063
20.19 199.781
20.2 199.598
20.21 199.516
20.22 199.534
20.23 199.636
20.24 199.807
20.25 200.025
20.26 200.271
20.27 200.531
20.28 200.791
20.29 201.033
20.3 201.239
20.31 201.387
20.32 201.458
20.33 201.436
20.34 201.312
20.35 201.086
20.36 200.764
20.37 200.358
20.38 199.882
20.39 199.35
20.4 198.781
20.41 198.195
20.42 197.614
20.43 197.066
20.44 196.58
20.45 196.186
20.46 195.909
20.47 195.771
20.48 195.788
20.49 195.969
20.5 196.318
20.51 196.833
20.52 197.505
20.53 198.32
20.54 199.254
20.55 200.278
20.56 201.359
20.57 202.468
20.58 203.579
20.59 204.674
20.6 205.738
20.61 206.764
20.62 207.742
20.63 208.664
20.64 209.516
20.65 210.288
20.66 210.97
20.67 211.554
20.68 212.037
20.69 212.419
20.7 212.698
20.71 212.879
20.72 212.964
20.73 212.952
20.74 212.844
20.75 212.642
20.76 212.355
20.77 211.995
20.78 211.575
20.79 211.11
20.8 210.615
20.81 210.104
20.82 209.595
20.83 209.11
20.84 208.671
20.85 208.3
20.86 208.009
20.87 207.805
20.88 207.685
20.89 207.641
20.9 207.665
20.91 207.75
20.92 207.892
20.93 208.089
20.94 208.337
20.95 208.627
20.96 208.943
20.97 209.268
20.98 209.582
20.99 209.868
21 210.115
21.01 210.317
21.02 210.474
21.03 210.588
21.04 210.658
21.05 210.682
21.06 210.659
21.07 210.588
21.08 210.473
21.09 210.318
21.1 210.13
21.11 209.919
21.12 209.699
21.13 209.48
21.14 209.273
21.15 209.085
21.16 208.921
21.17 208.783
21.18 208.672
21.19 208.583
21.2 208.513
21.21 208.455
21.22 208.403
21.23 208.345
21.24 208.268
21.25 208.158
21.26 208.003
21.27 207.794
21.28 207.526
21.29 207.205
21.3 206.841
21.31 206.445
21.32 206.026
21.33 205.589
21.34 205.14
21.35 204.684
21.36 204.233
21.37 203.798
21.38 203.394
21.39 203.035
21.4 202.732
21.41 202.491
21.42 202.312
21.43 202.194
21.44 202.138
21.45 202.146
21.46 202.223
21.47 202.377
21.48 202.61
21.49 202.918
21.5 203.288
21.51 203.7
21.52 204.132
21.53 204.56
21.54 204.973
21.55 205.36
21.56 205.713
21.57 206.024
21.58 206.281
21.59 206.472
21.6 206.592
21.61 206.642
21.62 206.638
21.63 206.595
21.64 206.525
21.65 206.436
21.66 206.333
21.67 206.216
21.68 206.089
21.69 205.961
21.7 205.84
21.71 205.736
21.72 205.652
21.73 205.594
21.74 205.563
21.75 205.565
21.76 205.602
21.77 205.678
21.78 205.792
21.79 205.936
21.8 206.1
21.81 206.274
21.82 206.451
21.83 206.623
21.84 206.781
21.85 206.918
21.86 207.026
21.87 207.098
21.88 207.128
21.89 207.112
21.9 207.048
21.91 206.932
21.92 206.765
21.93 206.554
21.94 206.308
21.95 206.043
21.96 205.768
21.97 205.492
21.98 205.216
21.99 204.943
22 204.674
22.01 204.417
22.02 204.18
22.03 203.969
22.04 203.786
22.05 203.627
22.06 203.486
22.07 203.361
22.08 203.251
22.09 203.158
22.1 203.085
22.11 203.032
22.12 202.995
22.13 202.968
22.14 202.942
22.15 202.909
22.16 202.864
22.17 202.81
22.18 202.749
22.19 202.687
22.2 202.625
22.21 202.564
22.22 202.504
22.23 202.445
22.24 202.391
22.25 202.347
22.26 202.315
22.27 202.296
22.28 202.285
22.29 202.271
22.3 202.247
22.31 202.206
22.32 202.144
22.33 202.057
22.34 201.94
22.35 201.787
22.36 201.59
22.37 201.34
22.38 201.033
22.39 200.667
22.4 200.243
22.41 199.763
22.42 199.23
22.43 198.643
22.44 198.003
22.45 197.314
22.46 196.584
22.47 195.826
22.48 195.056
22.49 194.291
22.5 193.551
22.51 192.851
22.52 192.206
22.53 191.632
22.54 191.144
22.55 190.761
22.56 190.506
22.57 190.403
22.58 190.475
22.59 190.735
22.6 191.192
22.61 191.849
22.62 192.7
22.63 193.728
22.64 194.905
22.65 196.193
22.66 197.549
22.67 198.933
22.68 200.311
22.69 201.659
22.7 202.955
22.71 204.179
22.72 205.316
22.73 206.349
22.74 207.266
22.75 208.06
22.76 208.725
22.77 209.262
22.78 209.672
22.79 209.956
22.8 210.116
22.81 210.157
22.82 210.087
22.83 209.922
22.84 209.68
22.85 209.381
22.86 209.044
22.87 208.683
22.88 208.314
22.89 207.952
22.9 207.614
22.91 207.315
22.92 207.072
22.93 206.903
22.94 206.82
22.95 206.83
22.96 206.937
22.97 207.135
22.98 207.419
22.99 207.778
23 208.205
23.01 208.689
23.02 209.219
23.03 209.785
23.04 210.373
23.05 210.963
23.06 211.534
23.07 212.065
23.08 212.537
23.09 212.939
23.1 213.27
23.11 213.536
23.12 213.743
23.13 213.895
23.14 213.993
23.15 214.032
23.16 214.007
23.17 213.916
23.18 213.764
23.19 213.561
23.2 213.325
23.21 213.074
23.22 212.824
23.23 212.586
23.24 212.37
23.25 212.18
23.26 212.023
23.27 211.906
23.28 211.833
23.29 211.81
23.3 211.838
23.31 211.91
23.32 212.016
23.33 212.143
23.34 212.274
23.35 212.395
23.36 212.489
23.37 212.543
23.38 212.543
23.39 212.477
23.4 212.333
23.41 212.104
23.42 211.793
23.43 211.405
23.44 210.95
23.45 210.444
23.46 209.896
23.47 209.316
23.48 208.711
23.49 208.091
23.5 207.466
23.51 206.85
23.52 206.26
23.53 205.707
23.54 205.2
23.55 204.74
23.56 204.325
23.57 203.956
23.58 203.631
23.59 203.35
23.6 203.109
23.61 202.907
23.62 202.739
23.63 202.605
23.64 202.499
23.65 202.418
23.66 202.355
23.67 202.303
23.68 202.254
23.69 202.198
23.7 202.132
23.71 202.055
23.72 201.969
23.73 201.875
23.74 201.773
23.75 201.661
23.76 201.534
23.77 201.384
23.78 201.206
23.79 200.997
23.8 200.76
23.81 200.499
23.82 200.219
23.83 199.922
23.84 199.605
23.85 199.261
23.86 198.884
23.87 198.468
23.88 198.018
23.89 197.544
23.9 197.057
23.91 196.572
23.92 196.106
23.93 195.677
23.94 195.309
23.95 195.025
23.96 194.849
23.97 194.799
23.98 194.885
23.99 195.115
24 195.493
24.01 196.019
24.02 196.685
24.03 197.47
24.04 198.345
24.05 199.275
24.06 200.222
24.07 201.152
24.08 202.038
24.09 202.859
24.1 203.602
24.11 204.255
24.12 204.811
24.13 205.263
24.14 205.608
24.15 205.843
24.16 205.966
24.17 205.984
24.18 205.904
24.19 205.743
24.2 205.515
24.21 205.238
24.22 204.93
24.23 204.609
24.24 204.292
24.25 203.992
24.26 203.727
24.27 203.51
24.28 203.352
24.29 203.262
24.3 203.242
24.31 203.291
24.32 203.403
24.33 203.571
24.34 203.779
24.35 204.01
24.36 204.244
24.37 204.461
24.38 204.643
24.39 204.774
24.4 204.844
24.41 204.847
24.42 204.78
24.43 204.643
24.44 204.437
24.45 204.163
24.46 203.826
24.47 203.435
24.48 203.002
24.49 202.541
24.5 202.065
24.51 201.584
24.52 201.107
24.53 200.643
24.54 200.2
24.55 199.789
24.56 199.422
24.57 199.115
24.58 198.879
24.59 198.724
24.6 198.653
24.61 198.665
24.62 198.754
24.63 198.91
24.64 199.121
24.65 199.371
24.66 199.647
24.67 199.935
24.68 200.224
24.69 200.501
24.7 200.755
24.71 200.977
24.72 201.156
24.73 201.285
24.74 201.359
24.75 201.376
24.76 201.337
24.77 201.247
24.78 201.111
24.79 200.932
24.8 200.716
24.81 200.467
24.82 200.193
24.83 199.907
24.84 199.622
24.85 199.349
24.86 199.096
24.87 198.867
24.88 198.663
24.89 198.483
24.9 198.324
24.91 198.188
24.92 198.076
24.93 197.992
24.94 197.935
24.95 197.908
24.96 197.911
24.97 197.948
24.98 198.027
24.99 198.157
25 198.343
25.01 198.587
25.02 198.887
25.03 199.24
25.04 199.642
25.05 200.086
25.06 200.565
25.07 201.069
25.08 201.583
25.09 202.094
25.1 202.59
25.11 203.065
25.12 203.514
25.13 203.935
25.14 204.325
25.15 204.683
25.16 205.004
25.17 205.286
25.18 205.523
25.19 205.715
25.2 205.857
25.21 205.951
25.22 205.996
25.23 205.991
25.24 205.939
25.25 205.841
25.26 205.701
25.27 205.525
25.28 205.317
25.29 205.084
25.3 204.833
25.31 204.571
25.32 204.299
25.33 204.023
25.34 203.748
25.35 203.478
25.36 203.219
25.37 202.977
25.38 202.757
25.39 202.562
25.4 202.393
25.41 202.249
25.42 202.132
25.43 202.038
25.44 201.962
25.45 201.9
25.46 201.845
25.47 201.792
25.48 201.735
25.49 201.67
25.5 201.597
25.51 201.519
25.52 201.441
25.53 201.375
25.54 201.332
25.55 201.32
25.56 201.345
25.57 201.407
25.58 201.507
25.59 201.646
25.6 201.823
25.61 202.038
25.62 202.285
25.63 202.559
25.64 202.85
25.65 203.145
25.66 203.433
25.67 203.705
25.68 203.958
25.69 204.194
25.7 204.41
25.71 204.604
25.72 204.771
25.73 204.906
25.74 205.006
25.75 205.069
25.76 205.094
25.77 205.086
25.78 205.05
25.79 204.99
25.8 204.908
25.81 204.809
25.82 204.694
25.83 204.565
25.84 204.422
25.85 204.269
25.86 204.112
25.87 203.956
25.88 203.808
25.89 203.669
25.9 203.538
25.91 203.418
25.92 203.311
25.93 203.223
25.94 203.16
25.95 203.129
25.96 203.129
25.97 203.157
25.98 203.206
25.99 203.267
26 203.34
26.01 203.425
26.02 203.525
26.03 203.64
26.04 203.764
26.05 203.891
26.06 204.013
26.07 204.124
26.08 204.222
26.09 204.307
26.1 204.381
26.11 204.443
26.12 204.494
26.13 204.529
26.14 204.539
26.15 204.518
26.16 204.462
26.17 204.375
26.18 204.267
26.19 204.148
26.2 204.026
26.21 203.903
26.22 203.782
26.23 203.671
26.24 203.576
26.25 203.505
26.26 203.465
26.27 203.452
26.28 203.463
26.29 203.487
26.3 203.52
26.31 203.558
26.32 203.6
26.33 203.647
26.34 203.694
26.35 203.734
26.36 203.763
26.37 203.776
26.38 203.771
26.39 203.751
26.4 203.717
26.41 203.671
26.42 203.613
26.43 203.54
26.44 203.451
26.45 203.342
26.46 203.211
26.47 203.063
26.48 202.902
26.49 202.737
26.5 202.576
26.51 202.425
26.52 202.287
26.53 202.159
26.54 202.042
26.55 201.939
26.56 201.853
26.57 201.786
26.58 201.739
26.59 201.708
26.6 201.686
26.61 201.664
26.62 201.633
26.63 201.586
26.64 201.522
26.65 201.441
26.66 201.345
26.67 201.233
26.68 201.103
26.69 200.952
26.7 200.783
26.71 200.602
26.72 200.422
26.73 200.26
26.74 200.131
26.75 200.047
26.76 200.011
26.77 200.025
26.78 200.088
26.79 200.197
26.8 200.352
26.81 200.551
26.82 200.787
26.83 201.047
26.84 201.316
26.85 201.576
26.86 201.811
26.87 202.01
26.88 202.167
26.89 202.282
26.9 202.358
26.91 202.398
26.92 202.403
26.93 202.381
26.94 202.344
26.95 202.305
26.96 202.282
26.97 202.289
26.98 202.337
26.99 202.435
27 202.583
27.01 202.773
27.02 202.994
27.03 203.236
27.04 203.493
27.05 203.757
27.06 204.017
27.07 204.261
27.08 204.476
27.09 204.653
27.1 204.783
27.11 204.868
27.12 204.911
27.13 204.919
27.14 204.899
27.15 204.858
27.16 204.803
27.17 204.735
27.18 204.657
27.19 204.577
27.2 204.505
27.21 204.45
27.22 204.42
27.23 204.418
27.24 204.442
27.25 204.487
27.26 204.547
27.27 204.619
27.28 204.703
27.29 204.801
27.3 204.908
27.31 205.016
27.32 205.119
27.33 205.209
27.34 205.28
27.35 205.33
27.36 205.36
27.37 205.375
27.38 205.374
27.39 205.354
27.4 205.314
27.41 205.249
27.42 205.161
27.43 205.055
27.44 204.934
27.45 204.798
27.46 204.646
27.47 204.469
27.48 204.262
27.49 204.021
27.5 203.745
27.51 203.437
27.52 203.098
27.53 202.734
27.54 202.347
27.55 201.942
27.56 201.525
27.57 201.102
27.58 200.68
27.59 200.268
27.6 199.869
27.61 199.488
27.62 199.126
27.63 198.788
27.64 198.477
27.65 198.197
27.66 197.947
27.67 197.728
27.68 197.537
27.69 197.374
27.7 197.241
27.71 197.141
27.72 197.079
27.73 197.057
27.74 197.076
27.75 197.136
27.76 197.234
27.77 197.371
27.78 197.547
27.79 197.761
27.8 198.013
27.81 198.304
27.82 198.629
27.83 198.985
27.84 199.368
27.85 199.77
27.86 200.182
27.87 200.595
27.88 200.997
27.89 201.377
27.9 201.726
27.91 202.036
27.92 202.299
27.93 202.511
27.94 202.67
27.95 202.778
27.96 202.838
27.97 202.854
27.98 202.83
27.99 202.77
28 202.677
28.01 202.559
28.02 202.423
28.03 202.279
28.04 202.139
28.05 202.014
28.06 201.919
28.07 201.862
28.08 201.853
28.09 201.896
28.1 201.994
28.11 202.151
28.12 202.362
28.13 202.623
28.14 202.928
28.15 203.269
28.16 203.637
28.17 204.021
28.18 204.411
28.19 204.804
28.2 205.199
28.21 205.594
28.22 205.982
28.23 206.358
28.24 206.715
28.25 207.045
28.26 207.347
28.27 207.621
28.28 207.866
28.29 208.079
28.3 208.254
28.31 208.384
28.32 208.466
28.33 208.495
28.34 208.465
28.35 208.368
28.36 208.194
28.37 207.938
28.38 207.597
28.39 207.176
28.4 206.678
28.41 206.114
28.42 205.497
28.43 204.842
28.44 204.167
28.45 203.49
28.46 202.825
28.47 202.188
28.48 201.591
28.49 201.044
28.5 200.555
28.51 200.133
28.52 199.784
28.53 199.509
28.54 199.31
28.55 199.184
28.56 199.13
28.57 199.141
28.58 199.211
28.59 199.33
28.6 199.485
28.61 199.656
28.62 199.826
28.63 199.974
28.64 200.087
28.65 200.154
28.66 200.172
28.67 200.138
28.68 200.054
28.69 199.92
28.7 199.736
28.71 199.501
28.72 199.221
28.73 198.9
28.74 198.544
28.75 198.156
28.76 197.736
28.77 197.282
28.78 196.793
28.79 196.27
28.8 195.722
28.81 195.161
28.82 194.602
28.83 194.053
28.84 193.524
28.85 193.022
28.86 192.565
28.87 192.173
28.88 191.872
28.89 191.687
28.9 191.642
28.91 191.753
28.92 192.027
28.93 192.463
28.94 193.055
28.95 193.791
28.96 194.651
28.97 195.612
28.98 196.64
28.99 197.702
29 198.762
29.01 199.792
29.02 200.768
29.03 201.675
29.04 202.501
29.05 203.238
29.06 203.881
29.07 204.426
29.08 204.869
29.09 205.207
29.1 205.442
29.11 205.577
29.12 205.616
29.13 205.567
29.14 205.439
29.15 205.242
29.16 204.986
29.17 204.682
29.18 204.342
29.19 203.981
29.2 203.616
29.21 203.268
29.22 202.956
29.23 202.698
29.24 202.504
29.25 202.38
29.26 202.329
29.27 202.356
29.28 202.465
29.29 202.657
29.3 202.932
29.31 203.284
29.32 203.698
29.33 204.156
29.34 204.641
29.35 205.135
29.36 205.623
29.37 206.095
29.38 206.539
29.39 206.944
29.4 207.298
29.41 207.594
29.42 207.826
29.43 207.995
29.44 208.108
29.45 208.175
29.46 208.205
29.47 208.202
29.48 208.167
29.49 208.098
29.5 207.996
29.51 207.866
29.52 207.714
29.53 207.545
29.54 207.359
29.55 207.154
29.56 206.925
29.57 206.671
29.58 206.392
29.59 206.094
29.6 205.782
29.61 205.462
29.62 205.139
29.63 204.816
29.64 204.498
29.65 204.192
29.66 203.908
29.67 203.655
29.68 203.442
29.69 203.273
29.7 203.148
29.71 203.058
29.72 202.99
29.73 202.932
29.74 202.877
29.75 202.816
29.76 202.743
29.77 202.653
29.78 202.538
29.79 202.391
29.8 202.204
29.81 201.974
29.82 201.699
29.83 201.385
29.84 201.039
29.85 200.672
29.86 200.295
29.87 199.917
29.88 199.544
29.89 199.182
29.9 198.836
29.91 198.514
29.92 198.222
29.93 197.968
29.94 197.76
29.95 197.604
29.96 197.51
29.97 197.483
29.98 197.532
29.99 197.66
30 197.874
30.01 198.174
30.02 198.556
30.03 199.013
30.04 199.532
30.05 200.098
30.06 200.69
30.07 201.284
30.08 201.861
30.09 202.407
30.1 202.905
30.11 203.348
30.12 203.725
30.13 204.03
30.14 204.25
30.15 204.379
30.16 204.414
30.17 204.358
30.18 204.221
30.19 204.017
30.2 203.76
30.21 203.46
30.22 203.126
30.23 202.768
30.24 202.396
30.25 202.025
30.26 201.671
30.27 201.349
30.28 201.071
30.29 200.849
30.3 200.69
30.31 200.604
30.32 200.599
30.33 200.682
30.34 200.851
30.35 201.099
30.36 201.416
30.37 201.788
30.38 202.199
30.39 202.636
30.4 203.085
30.41 203.532
30.42 203.963
30.43 204.357
30.44 204.694
30.45 204.956
30.46 205.13
30.47 205.209
30.48 205.195
30.49 205.086
30.5 204.886
30.51 204.593
30.52 204.213
30.53 203.755
30.54 203.234
30.55 202.671
30.56 202.089
30.57 201.509
30.58 200.945
30.59 200.406
30.6 199.898
30.61 199.428
30.62 199.003
30.63 198.628
30.64 198.306
30.65 198.04
30.66 197.828
30.67 197.669
30.68 197.558
30.69 197.492
30.7 197.465
30.71 197.47
30.72 197.503
30.73 197.56
30.74 197.645
30.75 197.757
30.76 197.895
30.77 198.048
30.78 198.209
30.79 198.368
30.8 198.525
30.81 198.678
30.82 198.826
30.83 198.962
30.84 199.083
30.85 199.182
30.86 199.256
30.87 199.304
30.88 199.324
30.89 199.314
30.9 199.274
30.91 199.203
30.92 199.103
30.93 198.98
30.94 198.846
30.95 198.709
30.96 198.58
30.97 198.466
30.98 198.373
30.99 198.308
31 198.28
31.01 198.302
31.02 198.383
31.03 198.529
31.04 198.736
31.05 198.998
31.06 199.307
31.07 199.654
31.08 200.035
31.09 200.442
31.1 200.87
31.11 201.305
31.12 201.733
31.13 202.139
31.14 202.514
31.15 202.854
31.16 203.16
31.17 203.435
31.18 203.677
31.19 203.884
31.2 204.055
31.21 204.192
31.22 204.3
31.23 204.385
31.24 204.451
31.25 204.504
31.26 204.545
31.27 204.575
31.28 204.593
31.29 204.601
31.3 204.601
31.31 204.597
31.32 204.594
31.33 204.594
31.34 204.597
31.35 204.601
31.36 204.603
31.37 204.603
31.38 204.601
31.39 204.6
31.4 204.602
31.41 204.609
31.42 204.624
31.43 204.647
31.44 204.68
31.45 204.724
31.46 204.78
31.47 204.849
31.48 204.927
31.49 205.008
31.5 205.089
31.51 205.165
31.52 205.237
31.53 205.305
31.54 205.368
31.55 205.42
31.56 205.455
31.57 205.467
31.58 205.447
31.59 205.392
31.6 205.297
31.61 205.16
31.62 204.98
31.63 204.756
31.64 204.487
31.65 204.174
31.66 203.822
31.67 203.439
31.68 203.034
31.69 202.616
31.7 202.196
31.71 201.784
31.72 201.388
31.73 201.015
31.74 200.668
31.75 200.349
31.76 200.062
31.77 199.809
31.78 199.593
31.79 199.41
31.8 199.259
31.81 199.133
31.82 199.024
31.83 198.924
31.84 198.827
31.85 198.73
31.86 198.632
31.87 198.532
31.88 198.43
31.89 198.329
31.9 198.228
31.91 198.127
31.92 198.027
31.93 197.931
31.94 197.838
31.95 197.754
31.96 197.684
31.97 197.633
31.98 197.604
31.99 197.598
32 197.62
32.01 197.671
32.02 197.755
32.03 197.876
32.04 198.033
32.05 198.227
32.06 198.456
32.07 198.717
32.08 199.006
32.09 199.318
32.1 199.647
32.11 199.984
32.12 200.317
32.13 200.634
32.14 200.923
32.15 201.174
32.16 201.384
32.17 201.553
32.18 201.686
32.19 201.786
32.2 201.857
32.21 201.897
32.22 201.907
32.23 201.889
32.24 201.847
32.25 201.788
32.26 201.719
32.27 201.647
32.28 201.577
32.29 201.512
32.3 201.457
32.31 201.416
32.32 201.397
32.33 201.404
32.34 201.44
32.35 201.508
32.36 201.608
32.37 201.736
32.38 201.889
32.39 202.062
32.4 202.252
32.41 202.456
32.42 202.671
32.43 202.893
32.44 203.119
32.45 203.346
32.46 203.569
32.47 203.784
32.48 203.99
32.49 204.186
32.5 204.37
32.51 204.544
32.52 204.703
32.53 204.848
32.54 204.978
32.55 205.093
32.56 205.192
32.57 205.273
32.58 205.334
32.59 205.371
32.6 205.383
32.61 205.367
32.62 205.316
32.63 205.228
32.64 205.103
32.65 204.941
32.66 204.744
32.67 204.518
32.68 204.266
32.69 203.994
32.7 203.705
32.71 203.407
32.72 203.105
32.73 202.805
32.74 202.517
32.75 202.245
32.76 201.992
32.77 201.76
32.78 201.548
32.79 201.362
32.8 201.203
32.81 201.069
32.82 200.956
32.83 200.858
32.84 200.768
32.85 200.676
32.86 200.574
32.87 200.457
32.88 200.323
32.89 200.166
32.9 199.982
32.91 199.759
32.92 199.489
32.93 199.163
32.94 198.778
32.95 198.332
32.96 197.826
32.97 197.26
32.98 196.634
32.99 195.949
33 195.211
33.01 194.427
33.02 193.61
33.03 192.776
33.04 191.946
33.05 191.144
33.06 190.392
33.07 189.711
33.08 189.119
33.09 188.628
33.1 188.25
33.11 187.994
33.12 187.871
33.13 187.889
33.14 188.05
33.15 188.353
33.16 188.794
33.17 189.363
33.18 190.048
33.19 190.838
33.2 191.713
33.21 192.654
33.22 193.635
33.23 194.63
33.24 195.615
33.25 196.566
33.26 197.464
33.27 198.293
33.28 199.042
33.29 199.702
33.3 200.266
33.31 200.731
33.32 201.092
33.33 201.347
33.34 201.495
33.35 201.542
33.36 201.497
33.37 201.369
33.38 201.174
33.39 200.927
33.4 200.647
33.41 200.351
33.42 200.055
33.43 199.774
33.44 199.524
33.45 199.318
33.46 199.166
33.47 199.077
33.48 199.059
33.49 199.115
33.5 199.248
33.51 199.459
33.52 199.747
33.53 200.104
33.54 200.52
33.55 200.98
33.56 201.472
33.57 201.981
33.58 202.497
33.59 203.009
33.6 203.508
33.61 203.987
33.62 204.433
33.63 204.839
33.64 205.196
33.65 205.5
33.66 205.75
33.67 205.943
33.68 206.081
33.69 206.162
33.7 206.187
33.71 206.156
33.72 206.065
33.73 205.917
33.74 205.716
33.75 205.465
33.76 205.169
33.77 204.832
33.78 204.46
33.79 204.057
33.8 203.63
33.81 203.185
33.82 202.728
33.83 202.268
33.84 201.813
33.85 201.372
33.86 200.951
33.87 200.558
33.88 200.197
33.89 199.873
33.9 199.591
33.91 199.35
33.92 199.153
33.93 198.998
33.94 198.883
33.95 198.807
33.96 198.766
33.97 198.758
33.98 198.776
33.99 198.817
34 198.874
34.01 198.938
34.02 199.002
34.03 199.058
34.04 199.099
34.05 199.119
34.06 199.111
34.07 199.069
34.08 198.989
34.09 198.871
34.1 198.714
34.11 198.522
34.12 198.299
34.13 198.051
34.14 197.783
34.15 197.502
34.16 197.215
34.17 196.93
34.18 196.654
34.19 196.396
34.2 196.162
34.21 195.957
34.22 195.785
34.23 195.649
34.24 195.55
34.25 195.49
34.26 195.466
34.27 195.478
34.28 195.524
34.29 195.603
34.3 195.719
34.31 195.872
34.32 196.061
34.33 196.284
34.34 196.536
34.35 196.808
34.36 197.092
34.37 197.383
34.38 197.675
34.39 197.963
34.4 198.241
34.41 198.5
34.42 198.731
34.43 198.928
34.44 199.081
34.45 199.183
34.46 199.23
34.47 199.218
34.48 199.149
34.49 199.028
34.5 198.863
34.51 198.662
34.52 198.435
34.53 198.195
34.54 197.951
34.55 197.718
34.56 197.507
34.57 197.335
34.58 197.212
34.59 197.148
34.6 197.147
34.61 197.211
34.62 197.339
34.63 197.528
34.64 197.774
34.65 198.07
34.66 198.404
34.67 198.762
34.68 199.129
34.69 199.489
34.7 199.826
34.71 200.131
34.72 200.394
34.73 200.609
34.74 200.771
34.75 200.877
34.76 200.925
34.77 200.916
34.78 200.849
34.79 200.723
34.8 200.54
34.81 200.3
34.82 200.008
34.83 199.677
34.84 199.321
34.85 198.96
34.86 198.609
34.87 198.283
34.88 197.985
34.89 197.715
34.9 197.472
34.91 197.26
34.92 197.095
34.93 196.993
34.94 196.963
34.95 197.003
34.96 197.101
34.97 197.24
34.98 197.407
34.99 197.591
35 197.795
35.01 198.024
35.02 198.279
35.03 198.549
35.04 198.814
35.05 199.052
35.06 199.251
35.07 199.409
35.08 199.533
35.09 199.626
35.1 199.686
35.11 199.705
35.12 199.675
35.13 199.592
35.14 199.458
35.15 199.283
35.16 199.079
35.17 198.856
35.18 198.621
35.19 198.381
35.2 198.146
35.21 197.925
35.22 197.735
35.23 197.586
35.24 197.487
35.25 197.439
35.26 197.44
35.27 197.489
35.28 197.587
35.29 197.733
35.3 197.924
35.31 198.152
35.32 198.409
35.33 198.682
35.34 198.962
35.35 199.241
35.36 199.512
35.37 199.77
35.38 200.011
35.39 200.224
35.4 200.402
35.41 200.54
35.42 200.635
35.43 200.684
35.44 200.688
35.45 200.647
35.46 200.561
35.47 200.436
35.48 200.277
35.49 200.095
35.5 199.896
35.51 199.689
35.52 199.48
35.53 199.282
35.54 199.106
35.55 198.96
35.56 198.851
35.57 198.781
35.58 198.754
35.59 198.771
35.6 198.834
35.61 198.941
35.62 199.086
35.63 199.259
35.64 199.45
35.65 199.646
35.66 199.839
35.67 200.017
35.68 200.169
35.69 200.289
35.7 200.368
35.71 200.4
35.72 200.38
35.73 200.31
35.74 200.193
35.75 200.033
35.76 199.834
35.77 199.599
35.78 199.332
35.79 199.038
35.8 198.731
35.81 198.43
35.82 198.152
35.83 197.905
35.84 197.688
35.85 197.5
35.86 197.343
35.87 197.229
35.88 197.175
35.89 197.192
35.9 197.281
35.91 197.437
35.92 197.647
35.93 197.902
35.94 198.194
35.95 198.518
35.96 198.868
35.97 199.24
35.98 199.624
35.99 200.006
36 200.368
36.01 200.693
36.02 200.968
36.03 201.189
36.04 201.357
36.05 201.475
36.06 201.54
36.07 201.553
36.08 201.509
36.09 201.412
36.1 201.265
36.11 201.079
36.12 200.868
36.13 200.644
36.14 200.42
36.15 200.206
36.16 200.006
36.17 199.823
36.18 199.662
36.19 199.531
36.2 199.439
36.21 199.391
36.22 199.393
36.23 199.442
36.24 199.533
36.25 199.66
36.26 199.823
36.27 200.018
36.28 200.24
36.29 200.479
36.3 200.722
36.31 200.955
36.32 201.165
36.33 201.349
36.34 201.503
36.35 201.622
36.36 201.698
36.37 201.727
36.38 201.704
36.39 201.632
36.4 201.514
36.41 201.358
36.42 201.168
36.43 200.945
36.44 200.691
36.45 200.414
36.46 200.127
36.47 199.847
36.48 199.587
36.49 199.357
36.5 199.16
36.51 198.995
36.52 198.862
36.53 198.763
36.54 198.706
36.55 198.695
36.56 198.731
36.57 198.81
36.58 198.914
36.59 199.029
36.6 199.141
36.61 199.241
36.62 199.323
36.63 199.38
36.64 199.406
36.65 199.396
36.66 199.346
36.67 199.253
36.68 199.116
36.69 198.934
36.7 198.713
36.71 198.459
36.72 198.183
36.73 197.896
36.74 197.606
36.75 197.321
36.76 197.046
36.77 196.788
36.78 196.55
36.79 196.334
36.8 196.142
36.81 195.971
36.82 195.819
36.83 195.684
36.84 195.563
36.85 195.455
36.86 195.359
36.87 195.271
36.88 195.188
36.89 195.104
36.9 195.02
36.91 194.941
36.92 194.88
36.93 194.85
36.94 194.865
36.95 194.936
36.96 195.069
36.97 195.264
36.98 195.517
36.99 195.821
37 196.168
37.01 196.546
37.02 196.945
37.03 197.352
37.04 197.754
37.05 198.135
37.06 198.48
37.07 198.778
37.08 199.026
37.09 199.223
37.1 199.369
37.11 199.465
37.12 199.515
37.13 199.524
37.14 199.501
37.15 199.455
37.16 199.391
37.17 199.313
37.18 199.225
37.19 199.128
37.2 199.025
37.21 198.919
37.22 198.814
37.23 198.712
37.24 198.614
37.25 198.522
37.26 198.442
37.27 198.381
37.28 198.346
37.29 198.348
37.3 198.396
37.31 198.495
37.32 198.647
37.33 198.847
37.34 199.088
37.35 199.36
37.36 199.651
37.37 199.949
37.38 200.241
37.39 200.517
37.4 200.767
37.41 200.982
37.42 201.154
37.43 201.281
37.44 201.36
37.45 201.39
37.46 201.37
37.47 201.299
37.48 201.181
37.49 201.018
37.5 200.814
37.51 200.575
37.52 200.303
37.53 200.005
37.54 199.688
37.55 199.359
37.56 199.023
37.57 198.689
37.58 198.367
37.59 198.069
37.6 197.805
37.61 197.584
37.62 197.412
37.63 197.292
37.64 197.223
37.65 197.2
37.66 197.218
37.67 197.269
37.68 197.344
37.69 197.434
37.7 197.527
37.71 197.613
37.72 197.682
37.73 197.728
37.74 197.744
37.75 197.725
37.76 197.673
37.77 197.589
37.78 197.478
37.79 197.346
37.8 197.204
37.81 197.065
37.82 196.943
37.83 196.852
37.84 196.804
37.85 196.81
37.86 196.877
37.87 197.01
37.88 197.207
37.89 197.461
37.9 197.763
37.91 198.103
37.92 198.468
37.93 198.849
37.94 199.232
37.95 199.605
37.96 199.956
37.97 200.275
37.98 200.554
37.99 200.786
38 200.97
38.01 201.104
38.02 201.188
38.03 201.224
38.04 201.213
38.05 201.158
38.06 201.065
38.07 200.942
38.08 200.8
38.09 200.649
38.1 200.5
38.11 200.362
38.12 200.243
38.13 200.147
38.14 200.074
38.15 200.026
38.16 200.005
38.17 200.01
38.18 200.045
38.19 200.108
38.2 200.196
38.21 200.3
38.22 200.417
38.23 200.544
38.24 200.678
38.25 200.816
38.26 200.956
38.27 201.09
38.28 201.21
38.29 201.311
38.3 201.386
38.31 201.437
38.32 201.461
38.33 201.456
38.34 201.418
38.35 201.342
38.36 201.229
38.37 201.079
38.38 200.898
38.39 200.692
38.4 200.466
38.41 200.223
38.42 199.967
38.43 199.702
38.44 199.437
38.45 199.182
38.46 198.949
38.47 198.747
38.48 198.581
38.49 198.452
38.5 198.36
38.51 198.308
38.52 198.296
38.53 198.322
38.54 198.381
38.55 198.465
38.56 198.565
38.57 198.671
38.58 198.777
38.59 198.877
38.6 198.973
38.61 199.062
38.62 199.141
38.63 199.209
38.64 199.26
38.65 199.291
38.66 199.299
38.67 199.285
38.68 199.247
38.69 199.186
38.7 199.104
38.71 199.003
38.72 198.889
38.73 198.769
38.74 198.649
38.75 198.532
38.76 198.424
38.77 198.324
38.78 198.234
38.79 198.159
38.8 198.101
38.81 198.059
38.82 198.031
38.83 198.012
38.84 197.999
38.85 197.986
38.86 197.974
38.87 197.966
38.88 197.961
38.89 197.959
38.9 197.958
38.91 197.954
38.92 197.95
38.93 197.944
38.94 197.942
38.95 197.95
38.96 197.974
38.97 198.019
38.98 198.086
38.99 198.176
39 198.29
39.01 198.43
39.02 198.596
39.03 198.786
39.04 198.994
39.05 199.215
39.06 199.442
39.07 199.667
39.08 199.887
39.09 200.1
39.1 200.298
39.11 200.477
39.12 200.628
39.13 200.745
39.14 200.822
39.15 200.857
39.16 200.849
39.17 200.797
39.18 200.701
39.19 200.559
39.2 200.374
39.21 200.147
39.22 199.883
39.23 199.59
39.24 199.279
39.25 198.964
39.26 198.656
39.27 198.368
39.28 198.106
39.29 197.879
39.3 197.693
39.31 197.549
39.32 197.449
39.33 197.39
39.34 197.37
39.35 197.384
39.36 197.43
39.37 197.508
39.38 197.614
39.39 197.743
39.4 197.884
39.41 198.029
39.42 198.171
39.43 198.304
39.44 198.427
39.45 198.537
39.46 198.629
39.47 198.698
39.48 198.738
39.49 198.745
39.5 198.721
39.51 198.675
39.52 198.611
39.53 198.536
39.54 198.455
39.55 198.37
39.56 198.282
39.57 198.194
39.58 198.114
39.59 198.048
39.6 197.999
39.61 197.968
39.62 197.954
39.63 197.957
39.64 197.982
39.65 198.032
39.66 198.112
39.67 198.22
39.68 198.352
39.69 198.504
39.7 198.669
39.71 198.844
39.72 199.026
39.73 199.212
39.74 199.395
39.75 199.568
39.76 199.722
39.77 199.852
39.78 199.954
39.79 200.027
39.8 200.073
39.81 200.09
39.82 200.079
39.83 200.038
39.84 199.969
39.85 199.879
39.86 199.771
39.87 199.65
39.88 199.518
39.89 199.372
39.9 199.215
39.91 199.05
39.92 198.882
39.93 198.715
39.94 198.554
39.95 198.403
39.96 198.264
39.97 198.141
39.98 198.036
39.99 197.949
40 197.879
40.01 197.828
40.02 197.792
40.03 197.769
40.04 197.753
40.05 197.74
40.06 197.728
40.07 197.719
40.08 197.716
40.09 197.718
40.1 197.725
40.11 197.737
40.12 197.749
40.13 197.761
40.14 197.776
40.15 197.797
40.16 197.83
40.17 197.878
40.18 197.939
40.19 198.01
40.2 198.089
40.21 198.177
40.22 198.273
40.23 198.377
40.24 198.486
40.25 198.597
40.26 198.708
40.27 198.815
40.28 198.915
40.29 199.005
40.3 199.081
40.31 199.137
40.32 199.166
40.33 199.165
40.34 199.132
40.35 199.069
40.36 198.978
40.37 198.86
40.38 198.717
40.39 198.554
40.4 198.378
40.41 198.2
40.42 198.032
40.43 197.883
40.44 197.762
40.45 197.675
40.46 197.632
40.47 197.641
40.48 197.707
40.49 197.833
40.5 198.013
40.51 198.239
40.52 198.502
40.53 198.792
40.54 199.099
40.55 199.417
40.56 199.738
40.57 200.055
40.58 200.36
40.59 200.647
40.6 200.909
40.61 201.146
40.62 201.355
40.63 201.534
40.64 201.681
40.65 201.796
40.66 201.88
40.67 201.935
40.68 201.96
40.69 201.956
40.7 201.927
40.71 201.878
40.72 201.813
40.73 201.736
40.74 201.65
40.75 201.558
40.76 201.461
40.77 201.365
40.78 201.27
40.79 201.181
40.8 201.1
40.81 201.03
40.82 200.971
40.83 200.923
40.84 200.884
40.85 200.855
40.86 200.837
40.87 200.832
40.88 200.841
40.89 200.86
40.9 200.885
40.91 200.912
40.92 200.935
40.93 200.947
40.94 200.946
40.95 200.921
40.96 200.854
