0.01 0.00725491
0.02 0.0177911
0.03 -0.00390794
0.04 -0.0881808
0.05 -0.229959
0.06 -0.392807
0.07 -0.526355
0.08 -0.595068
0.09 -0.595328
0.1 -0.544519
0.11 -0.46081
0.12 -0.357562
0.13 -0.248854
0.14 -0.156141
0.15 -0.100087
0.16 -0.0815754
0.17 -0.080587
0.18 -0.0789234
0.19 -0.0802827
0.2 -0.103934
0.21 -0.159648
0.22 -0.232833
0.23 -0.296184
0.24 -0.333849
0.25 -0.350479
0.26 -0.360034
0.27 -0.376681
0.28 -0.414209
0.29 -0.478209
0.3 -0.559851
0.31 -0.643597
0.32 -0.710304
0.33 -0.740459
0.34 -0.73191
0.35 -0.70104
0.36 -0.659008
0.37 -0.599218
0.38 -0.513414
0.39 -0.410173
0.4 -0.308391
0.41 -0.221947
0.42 -0.159161
0.43 -0.129734
0.44 -0.140728
0.45 -0.190231
0.46 -0.271126
0.47 -0.373839
0.48 -0.481906
0.49 -0.569085
0.5 -0.608956
0.51 -0.597778
0.52 -0.559337
0.53 -0.514762
0.54 -0.463545
0.55 -0.396983
0.56 -0.313091
0.57 -0.215455
0.58 -0.104564
0.59 0.019753
0.6 0.148649
0.61 0.268314
0.62 0.367818
0.63 0.42747
0.64 0.41364
0.65 0.298353
0.66 0.0676666
0.67 -0.276639
0.68 -0.699097
0.69 -1.13347
0.7 -1.5184
0.71 -1.82909
0.72 -2.08056
0.73 -2.2978
0.74 -2.48198
0.75 -2.60324
0.76 -2.61525
0.77 -2.48604
0.78 -2.22686
0.79 -1.88401
0.8 -1.5102
0.81 -1.14427
0.82 -0.802562
0.83 -0.500285
0.84 -0.318596
0.85 -0.400868
0.86 -0.819453
0.87 -1.5139
0.88 -2.36689
0.89 -3.28483
0.9 -4.21811
0.91 -5.13481
0.92 -5.98256
0.93 -6.688
0.94 -7.19995
0.95 -7.51049
0.96 -7.63337
0.97 -7.56759
0.98 -7.29498
0.99 -6.81252
1 -6.13024
1.01 -5.25188
1.02 -4.18855
1.03 -2.9791
1.04 -1.69366
1.05 -0.418005
1.06 0.778102
1.07 1.87403
1.08 2.8975
1.09 3.87681
1.1 4.80598
1.11 5.66278
1.12 6.43958
1.13 7.13724
1.14 7.73945
1.15 8.21696
1.16 8.55889
1.17 8.79109
1.18 8.9566
1.19 9.0826
1.2 9.17233
1.21 9.21626
1.22 9.19752
1.23 9.08667
1.24 8.8454
1.25 8.43905
1.26 7.83803
1.27 7.01073
1.28 5.90696
1.29 4.45752
1.3 2.6191
1.31 0.412008
1.32 -2.07182
1.33 -4.6783
1.34 -7.2466
1.35 -9.67616
1.36 -11.9418
1.37 -14.0516
1.38 -15.9756
1.39 -17.6005
1.4 -18.7528
1.41 -19.259
1.42 -18.9963
1.43 -17.9267
1.44 -16.1003
1.45 -13.6364
1.46 -10.6892
1.47 -7.41597
1.48 -3.97586
1.49 -0.52417
1.5 2.82006
1.51 5.98625
1.52 8.9302
1.53 11.6243
1.54 14.0537
1.55 16.1802
1.56 17.9163
1.57 19.1522
1.58 19.7962
1.59 19.791
1.6 19.1146
1.61 17.7685
1.62 15.7643
1.63 13.1394
1.64 9.97657
1.65 6.39749
1.66 2.53891
1.67 -1.47727
1.68 -5.5546
1.69 -9.60136
1.7 -13.5065
1.71 -17.1328
1.72 -20.3336
1.73 -22.9972
1.74 -25.0831
1.75 -26.593
1.76 -27.5041
1.77 -27.7503
1.78 -27.2592
1.79 -25.9909
1.8 -23.956
1.81 -21.2079
1.82 -17.8337
1.83 -13.9554
1.84 -9.71448
1.85 -5.2526
1.86 -0.712506
1.87 3.75837
1.88 8.02799
1.89 11.9991
1.9 15.6152
1.91 18.8646
1.92 21.7614
1.93 24.3127
1.94 26.5
1.95 28.2893
1.96 29.6767
1.97 30.7133
1.98 31.4718
1.99 32.0154
2 32.3973
2.01 32.6749
2.02 32.9195
2.03 33.1956
2.04 33.5221
2.05 33.8516
2.06 34.0964
2.07 34.1867
2.08 34.1065
2.09 33.8792
2.1 33.5313
2.11 33.0773
2.12 32.5349
2.13 31.942
2.14 31.3318
2.15 30.6874
2.16 29.9263
2.17 28.9067
2.18 27.4235
2.19 25.2152
2.2 22.0092
2.21 17.5946
2.22 11.8687
2.23 4.81392
2.24 -3.57295
2.25 -13.338
2.26 -24.5144
2.27 -36.9444
2.28 -50.1423
2.29 -63.3304
2.3 -75.6114
2.31 -86.1557
2.32 -94.3011
2.33 -99.5509
2.34 -101.534
2.35 -100.026
2.36 -95.0663
2.37 -87.0499
2.38 -76.6736
2.39 -64.7719
2.4 -52.1761
2.41 -39.6583
2.42 -27.929
2.43 -17.6117
2.44 -9.2073
2.45 -3.08595
2.46 0.514109
2.47 1.4582
2.48 -0.295816
2.49 -4.65736
2.5 -11.3444
2.51 -19.8624
2.52 -29.6021
2.53 -39.9973
2.54 -50.6431
2.55 -61.3471
2.56 -72.0968
2.57 -82.9906
2.58 -94.1735
2.59 -105.761
2.6 -117.769
2.61 -130.085
2.62 -142.507
2.63 -154.807
2.64 -166.76
2.65 -178.14
2.66 -188.7
2.67 -198.163
2.68 -206.221
2.69 -212.528
2.7 -216.7
2.71 -218.351
2.72 -217.156
2.73 -212.952
2.74 -205.845
2.75 -196.21
2.76 -184.641
2.77 -171.869
2.78 -158.687
2.79 -145.912
2.8 -134.345
2.81 -124.765
2.82 -117.888
2.83 -114.214
2.84 -113.871
2.85 -116.603
2.86 -121.92
2.87 -129.304
2.88 -138.338
2.89 -148.712
2.9 -160.146
2.91 -172.327
2.92 -184.899
2.93 -197.475
2.94 -209.663
2.95 -221.125
2.96 -231.6
2.97 -240.919
2.98 -248.98
2.99 -255.719
3 -261.098
3.01 -265.099
3.02 -267.69
3.03 -268.799
3.04 -268.298
3.05 -266.063
3.06 -262.052
3.07 -256.329
3.08 -249.024
3.09 -240.273
3.1 -230.184
3.11 -218.827
3.12 -206.233
3.13 -192.402
3.14 -177.348
3.15 -161.119
3.16 -143.795
3.17 -125.484
3.18 -106.333
3.19 -86.5671
3.2 -66.5298
3.21 -46.6962
3.22 -27.6293
3.23 -9.89229
3.24 6.03922
3.25 19.8412
3.26 31.3795
3.27 40.7245
3.28 48.1106
3.29 53.8336
3.3 58.1464
3.31 61.2146
3.32 63.1328
3.33 63.9676
3.34 63.8197
3.35 62.8922
3.36 61.504
3.37 60.037
3.38 58.8667
3.39 58.3117
3.4 58.6003
3.41 59.8354
3.42 61.9583
3.43 64.747
3.44 67.8844
3.45 71.0545
3.46 74.008
3.47 76.601
3.48 78.8053
3.49 80.6976
3.5 82.449
3.51 84.2775
3.52 86.3391
3.53 88.628
3.54 90.9458
3.55 92.943
3.56 94.2088
3.57 94.3646
3.58 93.1264
3.59 90.3366
3.6 85.9615
3.61 80.053
3.62 72.6985
3.63 63.995
3.64 54.0467
3.65 42.9528
3.66 30.7688
3.67 17.4699
3.68 2.9498
3.69 -12.9366
3.7 -30.268
3.71 -48.9399
3.72 -68.6416
3.73 -88.9136
3.74 -109.226
3.75 -129.054
3.76 -147.92
3.77 -165.451
3.78 -181.434
3.79 -195.856
3.8 -208.888
3.81 -220.817
3.82 -231.974
3.83 -242.679
3.84 -253.216
3.85 -263.81
3.86 -274.586
3.87 -285.519
3.88 -296.455
3.89 -307.17
3.9 -317.445
3.91 -327.084
3.92 -335.913
3.93 -343.782
3.94 -350.59
3.95 -356.301
3.96 -360.946
3.97 -364.619
3.98 -367.473
3.99 -369.699
4 -371.474
4.01 -372.882
4.02 -373.858
4.03 -374.207
4.04 -373.694
4.05 -372.152
4.06 -369.523
4.07 -365.832
4.08 -361.125
4.09 -355.426
4.1 -348.721
4.11 -341.018
4.12 -332.379
4.13 -322.894
4.14 -312.616
4.15 -301.498
4.16 -289.375
4.17 -276.02
4.18 -261.233
4.19 -244.914
4.2 -227.09
4.21 -207.931
4.22 -187.729
4.23 -166.881
4.24 -145.829
4.25 -125.01
4.26 -104.795
4.27 -85.4628
4.28 -67.1965
4.29 -50.1148
4.3 -34.3232
4.31 -19.9518
4.32 -7.16899
4.33 3.83608
4.34 12.8865
4.35 19.8411
4.36 24.6081
4.37 27.1547
4.38 27.5108
4.39 25.7609
4.4 22.0349
4.41 16.5008
4.42 9.33727
4.43 0.702832
4.44 -9.26418
4.45 -20.4302
4.46 -32.6393
4.47 -45.6726
4.48 -59.207
4.49 -72.8098
4.5 -86.0134
4.51 -98.4212
4.52 -109.783
4.53 -120.014
4.54 -129.153
4.55 -137.307
4.56 -144.594
4.57 -151.091
4.58 -156.811
4.59 -161.706
4.6 -165.675
4.61 -168.566
4.62 -170.166
4.63 -170.205
4.64 -168.386
4.65 -164.46
4.66 -158.282
4.67 -149.854
4.68 -139.357
4.69 -127.153
4.7 -113.713
4.71 -99.5436
4.72 -85.1159
4.73 -70.8411
4.74 -57.0883
4.75 -44.1791
4.76 -32.3922
4.77 -21.9865
4.78 -13.2429
4.79 -6.49779
4.8 -2.09169
4.81 -0.298602
4.82 -1.29212
4.83 -5.12331
4.84 -11.7339
4.85 -21.002
4.86 -32.7782
4.87 -46.8516
4.88 -62.8699
4.89 -80.3246
4.9 -98.6192
4.91 -117.182
4.92 -135.581
4.93 -153.583
4.94 -171.153
4.95 -188.375
4.96 -205.345
4.97 -222.111
4.98 -238.663
4.99 -254.943
5 -270.888
5.01 -286.456
5.02 -301.654
5.03 -316.518
5.04 -331.083
5.05 -345.36
5.06 -359.322
5.07 -372.912
5.08 -386.05
5.09 -398.627
5.1 -410.509
5.11 -421.543
5.12 -431.57
5.13 -440.441
5.14 -448.028
5.15 -454.222
5.16 -458.925
5.17 -462.042
5.18 -463.49
5.19 -463.21
5.2 -461.192
5.21 -457.507
5.22 -452.31
5.23 -445.801
5.24 -438.174
5.25 -429.582
5.26 -420.123
5.27 -409.839
5.28 -398.734
5.29 -386.792
5.3 -373.997
5.31 -360.343
5.32 -345.835
5.33 -330.486
5.34 -314.315
5.35 -297.341
5.36 -279.565
5.37 -260.966
5.38 -241.504
5.39 -221.147
5.4 -199.907
5.41 -177.882
5.42 -155.279
5.43 -132.386
5.44 -109.525
5.45 -86.9935
5.46 -65.0143
5.47 -43.7049
5.48 -23.0743
5.49 -3.04438
5.5 16.5137
5.51 35.7411
5.52 54.765
5.53 73.6937
5.54 92.6167
5.55 111.605
5.56 130.708
5.57 149.957
5.58 169.358
5.59 188.894
5.6 208.529
5.61 228.223
5.62 247.933
5.63 267.631
5.64 287.292
5.65 306.885
5.66 326.374
5.67 345.703
5.68 364.791
5.69 383.517
5.7 401.724
5.71 419.222
5.72 435.809
5.73 451.301
5.74 465.559
5.75 478.504
5.76 490.111
5.77 500.395
5.78 509.39
5.79 517.128
5.8 523.614
5.81 528.826
5.82 532.727
5.83 535.291
5.84 536.533
5.85 536.5
5.86 535.26
5.87 532.898
5.88 529.526
5.89 525.291
5.9 520.367
5.91 514.924
5.92 509.117
5.93 503.073
5.94 496.896
5.95 490.658
5.96 484.375
5.97 477.998
5.98 471.43
5.99 464.568
6 457.329
6.01 449.66
6.02 441.543
6.03 432.986
6.04 424.005
6.05 414.605
6.06 404.769
6.07 394.461
6.08 383.641
6.09 372.281
6.1 360.378
6.11 347.957
6.12 335.061
6.13 321.743
6.14 308.049
6.15 294.001
6.16 279.581
6.17 264.721
6.18 249.308
6.19 233.201
6.2 216.273
6.21 198.444
6.22 179.699
6.23 160.081
6.24 139.675
6.25 118.591
6.26 96.9425
6.27 74.8257
6.28 52.3172
6.29 29.4802
6.3 6.38191
6.31 -16.8863
6.32 -40.1983
6.33 -63.3977
6.34 -86.323
6.35 -108.833
6.36 -130.815
6.37 -152.187
6.38 -172.883
6.39 -192.85
6.4 -212.04
6.41 -230.4
6.42 -247.876
6.43 -264.406
6.44 -279.935
6.45 -294.414
6.46 -307.81
6.47 -320.092
6.48 -331.228
6.49 -341.173
6.5 -349.872
6.51 -357.273
6.52 -363.335
6.53 -368.038
6.54 -371.387
6.55 -373.407
6.56 -374.139
6.57 -373.63
6.58 -371.943
6.59 -369.166
6.6 -365.426
6.61 -360.89
6.62 -355.759
6.63 -350.247
6.64 -344.547
6.65 -338.795
6.66 -333.059
6.67 -327.354
6.68 -321.674
6.69 -316.011
6.7 -310.366
6.71 -304.742
6.72 -299.15
6.73 -293.612
6.74 -288.164
6.75 -282.846
6.76 -277.682
6.77 -272.65
6.78 -267.682
6.79 -262.69
6.8 -257.61
6.81 -252.418
6.82 -247.127
6.83 -241.766
6.84 -236.359
6.85 -230.896
6.86 -225.344
6.87 -219.659
6.88 -213.799
6.89 -207.719
6.9 -201.366
6.91 -194.67
6.92 -187.563
6.93 -179.978
6.94 -171.861
6.95 -163.18
6.96 -153.942
6.97 -144.205
6.98 -134.083
6.99 -123.745
7 -113.407
7.01 -103.313
7.02 -93.7028
7.03 -84.7734
7.04 -76.6485
7.05 -69.3746
7.06 -62.9372
7.07 -57.2888
7.08 -52.3783
7.09 -48.1806
7.1 -44.7193
7.11 -42.0668
7.12 -40.3341
7.13 -39.6484
7.14 -40.1286
7.15 -41.872
7.16 -44.949
7.17 -49.4127
7.18 -55.3228
7.19 -62.7676
7.2 -71.8674
7.21 -82.7441
7.22 -95.4701
7.23 -110.021
7.24 -126.236
7.25 -143.801
7.26 -162.292
7.27 -181.241
7.28 -200.198
7.29 -218.779
7.3 -236.7
7.31 -253.781
7.32 -269.918
7.33 -285.048
7.34 -299.108
7.35 -312.019
7.36 -323.681
7.37 -333.978
7.38 -342.795
7.39 -350.048
7.4 -355.694
7.41 -359.726
7.42 -362.162
7.43 -363.04
7.44 -362.437
7.45 -360.492
7.46 -357.436
7.47 -353.588
7.48 -349.32
7.49 -344.999
7.5 -340.947
7.51 -337.406
7.52 -334.543
7.53 -332.459
7.54 -331.225
7.55 -330.916
7.56 -331.636
7.57 -333.503
7.58 -336.583
7.59 -340.808
7.6 -345.97
7.61 -351.749
7.62 -357.794
7.63 -363.784
7.64 -369.456
7.65 -374.625
7.66 -379.171
7.67 -383.019
7.68 -386.126
7.69 -388.441
7.7 -389.906
7.71 -390.463
7.72 -390.075
7.73 -388.753
7.74 -386.56
7.75 -383.617
7.76 -380.09
7.77 -376.138
7.78 -371.881
7.79 -367.381
7.8 -362.665
7.81 -357.749
7.82 -352.644
7.83 -347.378
7.84 -342.002
7.85 -336.559
7.86 -331.069
7.87 -325.507
7.88 -319.806
7.89 -313.886
7.9 -307.679
7.91 -301.143
7.92 -294.271
7.93 -287.086
7.94 -279.646
7.95 -272.054
7.96 -264.482
7.97 -257.172
7.98 -250.43
7.99 -244.58
8 -239.908
8.01 -236.615
8.02 -234.798
8.03 -234.44
8.04 -235.423
8.05 -237.525
8.06 -240.45
8.07 -243.881
8.08 -247.533
8.09 -251.188
8.1 -254.704
8.11 -257.994
8.12 -261.015
8.13 -263.747
8.14 -266.186
8.15 -268.329
8.16 -270.173
8.17 -271.715
8.18 -272.95
8.19 -273.868
8.2 -274.44
8.21 -274.638
8.22 -274.459
8.23 -273.936
8.24 -273.124
8.25 -272.088
8.26 -270.907
8.27 -269.669
8.28 -268.467
8.29 -267.372
8.3 -266.42
8.31 -265.624
8.32 -264.986
8.33 -264.52
8.34 -264.245
8.35 -264.183
8.36 -264.363
8.37 -264.805
8.38 -265.524
8.39 -266.511
8.4 -267.743
8.41 -269.185
8.42 -270.799
8.43 -272.54
8.44 -274.364
8.45 -276.22
8.46 -278.051
8.47 -279.795
8.48 -281.384
8.49 -282.742
8.5 -283.782
8.51 -284.419
8.52 -284.572
8.53 -284.182
8.54 -283.214
8.55 -281.648
8.56 -279.483
8.57 -276.737
8.58 -273.434
8.59 -269.589
8.6 -265.18
8.61 -260.162
8.62 -254.488
8.63 -248.113
8.64 -241.002
8.65 -233.116
8.66 -224.404
8.67 -214.813
8.68 -204.302
8.69 -192.864
8.7 -180.522
8.71 -167.316
8.72 -153.3
8.73 -138.533
8.74 -123.069
8.75 -106.955
8.76 -90.2223
8.77 -72.899
8.78 -55.0126
8.79 -36.591
8.8 -17.6669
8.81 1.72309
8.82 21.5327
8.83 41.6996
8.84 62.1408
8.85 82.7447
8.86 103.373
8.87 123.865
8.88 144.037
8.89 163.699
8.9 182.671
8.91 200.804
8.92 217.992
8.93 234.173
8.94 249.325
8.95 263.463
8.96 276.634
8.97 288.885
8.98 300.224
8.99 310.617
9 320.012
9.01 328.363
9.02 335.643
9.03 341.846
9.04 346.987
9.05 351.117
9.06 354.308
9.07 356.632
9.08 358.142
9.09 358.863
9.1 358.802
9.11 357.95
9.12 356.319
9.13 353.979
9.14 351.055
9.15 347.714
9.16 344.104
9.17 340.325
9.18 336.421
9.19 332.398
9.2 328.238
9.21 323.929
9.22 319.471
9.23 314.894
9.24 310.251
9.25 305.607
9.26 301.018
9.27 296.52
9.28 292.127
9.29 287.836
9.3 283.637
9.31 279.528
9.32 275.512
9.33 271.612
9.34 267.859
9.35 264.305
9.36 261.029
9.37 258.11
9.38 255.602
9.39 253.518
9.4 251.825
9.41 250.463
9.42 249.356
9.43 248.434
9.44 247.645
9.45 246.955
9.46 246.36
9.47 245.864
9.48 245.471
9.49 245.168
9.5 244.924
9.51 244.689
9.52 244.406
9.53 244.017
9.54 243.466
9.55 242.7
9.56 241.675
9.57 240.365
9.58 238.766
9.59 236.891
9.6 234.765
9.61 232.403
9.62 229.805
9.63 226.955
9.64 223.832
9.65 220.429
9.66 216.777
9.67 212.96
9.68 209.1
9.69 205.329
9.7 201.751
9.71 198.409
9.72 195.295
9.73 192.365
9.74 189.579
9.75 186.947
9.76 184.523
9.77 182.399
9.78 180.658
9.79 179.344
9.8 178.454
9.81 177.945
9.82 177.764
9.83 177.88
9.84 178.297
9.85 179.061
9.86 180.228
9.87 181.843
9.88 183.905
9.89 186.361
9.9 189.121
9.91 192.087
9.92 195.16
9.93 198.262
9.94 201.329
9.95 204.319
9.96 207.197
9.97 209.91
9.98 212.368
9.99 214.446
10 216.001
10.01 216.893
10.02 217.007
10.03 216.263
10.04 214.639
10.05 212.179
10.06 208.97
10.07 205.1
10.08 200.642
10.09 195.646
10.1 190.154
10.11 184.206
10.12 177.838
10.13 171.066
10.14 163.89
10.15 156.287
10.16 148.23
10.17 139.722
10.18 130.802
10.19 121.553
10.2 112.094
10.21 102.576
10.22 93.1721
10.23 84.0577
10.24 75.3967
10.25 67.3209
10.26 59.9054
10.27 53.1695
10.28 47.0983
10.29 41.6852
10.3 36.9621
10.31 32.9994
10.32 29.8884
10.33 27.7024
10.34 26.4611
10.35 26.1174
10.36 26.5704
10.37 27.7045
10.38 29.419
10.39 31.6427
10.4 34.3381
10.41 37.4852
10.42 41.0599
10.43 45.0165
10.44 49.2827
10.45 53.78
10.46 58.4403
10.47 63.2161
10.48 68.0879
10.49 73.058
10.5 78.1379
10.51 83.3262
10.52 88.5848
10.53 93.8307
10.54 98.9333
10.55 103.728
10.56 108.045
10.57 111.751
10.58 114.785
10.59 117.161
10.6 118.945
10.61 120.225
10.62 121.078
10.63 121.556
10.64 121.68
10.65 121.446
10.66 120.853
10.67 119.918
10.68 118.688
10.69 117.233
10.7 115.65
10.71 114.046
10.72 112.526
10.73 111.168
10.74 110.022
10.75 109.102
10.76 108.403
10.77 107.913
10.78 107.63
10.79 107.581
10.8 107.809
10.81 108.354
10.82 109.233
10.83 110.42
10.84 111.86
10.85 113.491
10.86 115.266
10.87 117.172
10.88 119.229
10.89 121.478
10.9 123.962
10.91 126.708
10.92 129.723
10.93 133.014
10.94 136.592
10.95 140.484
10.96 144.717
10.97 149.312
10.98 154.259
10.99 159.52
11 165.037
11.01 170.744
11.02 176.588
11.03 182.533
11.04 188.564
11.05 194.677
11.06 200.876
11.07 207.156
11.08 213.51
11.09 219.911
11.1 226.327
11.11 232.726
11.12 239.082
11.13 245.37
11.14 251.554
11.15 257.577
11.16 263.36
11.17 268.806
11.18 273.815
11.19 278.295
11.2 282.178
11.21 285.416
11.22 287.975
11.23 289.831
11.24 290.974
11.25 291.4
11.26 291.112
11.27 290.125
11.28 288.475
11.29 286.235
11.3 283.503
11.31 280.4
11.32 277.048
11.33 273.572
11.34 270.093
11.35 266.724
11.36 263.564
11.37 260.683
11.38 258.118
11.39 255.879
11.4 253.946
11.41 252.298
11.42 250.932
11.43 249.871
11.44 249.172
11.45 248.899
11.46 249.097
11.47 249.77
11.48 250.864
11.49 252.288
11.5 253.927
11.51 255.673
11.52 257.446
11.53 259.205
11.54 260.946
11.55 262.682
11.56 264.418
11.57 266.141
11.58 267.812
11.59 269.383
11.6 270.823
11.61 272.12
11.62 273.285
11.63 274.323
11.64 275.216
11.65 275.914
11.66 276.336
11.67 276.399
11.68 276.031
11.69 275.189
11.7 273.865
11.71 272.087
11.72 269.905
11.73 267.37
11.74 264.516
11.75 261.369
11.76 257.965
11.77 254.362
11.78 250.638
11.79 246.872
11.8 243.125
11.81 239.424
11.82 235.771
11.83 232.152
11.84 228.57
11.85 225.047
11.86 221.628
11.87 218.358
11.88 215.269
11.89 212.368
11.9 209.646
11.91 207.084
11.92 204.669
11.93 202.4
11.94 200.292
11.95 198.36
11.96 196.619
11.97 195.077
11.98 193.728
11.99 192.559
12 191.543
12.01 190.659
12.02 189.891
12.03 189.234
12.04 188.694
12.05 188.275
12.06 187.976
12.07 187.789
12.08 187.701
12.09 187.7
12.1 187.786
12.11 187.968
12.12 188.269
12.13 188.7
12.14 189.258
12.15 189.917
12.16 190.64
12.17 191.39
12.18 192.135
12.19 192.861
12.2 193.58
12.21 194.32
12.22 195.121
12.23 196.017
12.24 197.036
12.25 198.2
12.26 199.517
12.27 200.984
12.28 202.58
12.29 204.259
12.3 205.951
12.31 207.571
12.32 209.043
12.33 210.312
12.34 211.349
12.35 212.149
12.36 212.711
12.37 213.03
12.38 213.089
12.39 212.859
12.4 212.303
12.41 211.392
12.42 210.111
12.43 208.467
12.44 206.497
12.45 204.265
12.46 201.86
12.47 199.382
12.48 196.923
12.49 194.561
12.5 192.347
12.51 190.312
12.52 188.478
12.53 186.869
12.54 185.523
12.55 184.488
12.56 183.818
12.57 183.562
12.58 183.741
12.59 184.35
12.6 185.348
12.61 186.683
12.62 188.295
12.63 190.127
12.64 192.134
12.65 194.29
12.66 196.582
12.67 198.999
12.68 201.525
12.69 204.133
12.7 206.793
12.71 209.481
12.72 212.192
12.73 214.945
12.74 217.793
12.75 220.824
12.76 224.144
12.77 227.865
12.78 232.069
12.79 236.798
12.8 242.05
12.81 247.783
12.82 253.935
12.83 260.42
12.84 267.135
12.85 273.965
12.86 280.785
12.87 287.475
12.88 293.915
12.89 299.997
12.9 305.631
12.91 310.745
12.92 315.289
12.93 319.227
12.94 322.532
12.95 325.186
12.96 327.185
12.97 328.526
12.98 329.206
12.99 329.206
13 328.511
13.01 327.122
13.02 325.081
13.03 322.468
13.04 319.393
13.05 315.971
13.06 312.303
13.07 308.469
13.08 304.531
13.09 300.547
13.1 296.569
13.11 292.642
13.12 288.803
13.13 285.083
13.14 281.511
13.15 278.114
13.16 274.923
13.17 271.961
13.18 269.247
13.19 266.791
13.2 264.589
13.21 262.624
13.22 260.88
13.23 259.33
13.24 257.954
13.25 256.729
13.26 255.638
13.27 254.662
13.28 253.778
13.29 252.962
13.3 252.181
13.31 251.397
13.32 250.57
13.33 249.657
13.34 248.616
13.35 247.4
13.36 245.955
13.37 244.219
13.38 242.113
13.39 239.531
13.4 236.317
13.41 232.282
13.42 227.245
13.43 221.089
13.44 213.798
13.45 205.442
13.46 196.121
13.47 185.926
13.48 174.924
13.49 163.169
13.5 150.725
13.51 137.663
13.52 124.058
13.53 109.985
13.54 95.5214
13.55 80.7536
13.56 65.779
13.57 50.7108
13.58 35.6795
13.59 20.8227
13.6 6.27657
13.61 -7.83743
13.62 -21.4175
13.63 -34.38
13.64 -46.6636
13.65 -58.2218
13.66 -69.0132
13.67 -78.9988
13.68 -88.141
13.69 -96.4102
13.7 -103.785
13.71 -110.25
13.72 -115.801
13.73 -120.433
13.74 -124.148
13.75 -126.952
13.76 -128.865
13.77 -129.918
13.78 -130.15
13.79 -129.596
13.8 -128.297
13.81 -126.303
13.82 -123.676
13.83 -120.486
13.84 -116.811
13.85 -112.734
13.86 -108.34
13.87 -103.716
13.88 -98.9487
13.89 -94.1176
13.9 -89.2847
13.91 -84.4829
13.92 -79.7186
13.93 -74.9837
13.94 -70.2624
13.95 -65.5404
13.96 -60.8095
13.97 -56.0674
13.98 -51.3155
13.99 -46.5461
14 -41.7385
14.01 -36.8564
14.02 -31.8485
14.03 -26.6597
14.04 -21.2383
14.05 -15.5365
14.06 -9.51398
14.07 -3.13297
14.08 3.6432
14.09 10.8525
14.1 18.535
14.11 26.7262
14.12 35.4535
14.13 44.728
14.14 54.5398
14.15 64.8674
14.16 75.6832
14.17 86.9575
14.18 98.6584
14.19 110.747
14.2 123.178
14.21 135.892
14.22 148.806
14.23 161.815
14.24 174.799
14.25 187.641
14.26 200.233
14.27 212.492
14.28 224.36
14.29 235.803
14.3 246.807
14.31 257.374
14.32 267.499
14.33 277.167
14.34 286.34
14.35 294.965
14.36 302.988
14.37 310.365
14.38 317.071
14.39 323.1
14.4 328.457
14.41 333.156
14.42 337.209
14.43 340.622
14.44 343.402
14.45 345.547
14.46 347.058
14.47 347.942
14.48 348.212
14.49 347.891
14.5 347.015
14.51 345.63
14.52 343.799
14.53 341.593
14.54 339.089
14.55 336.349
14.56 333.424
14.57 330.345
14.58 327.142
14.59 323.852
14.6 320.518
14.61 317.188
14.62 313.908
14.63 310.712
14.64 307.615
14.65 304.611
14.66 301.688
14.67 298.837
14.68 296.055
14.69 293.351
14.7 290.743
14.71 288.246
14.72 285.872
14.73 283.619
14.74 281.475
14.75 279.42
14.76 277.432
14.77 275.488
14.78 273.564
14.79 271.638
14.8 269.694
14.81 267.717
14.82 265.695
14.83 263.617
14.84 261.467
14.85 259.229
14.86 256.892
14.87 254.454
14.88 251.941
14.89 249.401
14.9 246.908
14.91 244.545
14.92 242.386
14.93 240.487
14.94 238.884
14.95 237.602
14.96 236.657
14.97 236.065
14.98 235.846
14.99 236.022
15 236.607
15.01 237.594
15.02 238.957
15.03 240.655
15.04 242.636
15.05 244.837
15.06 247.2
15.07 249.667
15.08 252.189
15.09 254.718
15.1 257.209
15.11 259.622
15.12 261.939
15.13 264.158
15.14 266.298
15.15 268.378
15.16 270.42
15.17 272.446
15.18 274.475
15.19 276.524
15.2 278.615
15.21 280.767
15.22 283.002
15.23 285.326
15.24 287.725
15.25 290.164
15.26 292.589
15.27 294.947
15.28 297.197
15.29 299.325
15.3 301.334
15.31 303.224
15.32 304.984
15.33 306.583
15.34 307.97
15.35 309.089
15.36 309.883
15.37 310.314
15.38 310.364
15.39 310.027
15.4 309.313
15.41 308.237
15.42 306.809
15.43 305.041
15.44 302.949
15.45 300.561
15.46 297.921
15.47 295.088
15.48 292.135
15.49 289.145
15.5 286.195
15.51 283.351
15.52 280.657
15.53 278.141
15.54 275.817
15.55 273.696
15.56 271.785
15.57 270.089
15.58 268.618
15.59 267.376
15.6 266.36
15.61 265.561
15.62 264.964
15.63 264.553
15.64 264.316
15.65 264.243
15.66 264.326
15.67 264.549
15.68 264.883
15.69 265.287
15.7 265.711
15.71 266.099
15.72 266.404
15.73 266.588
15.74 266.63
15.75 266.511
15.76 266.227
15.77 265.775
15.78 265.158
15.79 264.382
15.8 263.448
15.81 262.356
15.82 261.106
15.83 259.701
15.84 258.15
15.85 256.464
15.86 254.647
15.87 252.69
15.88 250.574
15.89 248.282
15.9 245.826
15.91 243.251
15.92 240.641
15.93 238.101
15.94 235.731
15.95 233.607
15.96 231.775
15.97 230.255
15.98 229.058
15.99 228.2
16 227.707
16.01 227.611
16.02 227.934
16.03 228.681
16.04 229.815
16.05 231.267
16.06 232.946
16.07 234.76
16.08 236.629
16.09 238.486
16.1 240.282
16.11 241.974
16.12 243.527
16.13 244.905
16.14 246.077
16.15 247.019
16.16 247.72
16.17 248.181
16.18 248.425
16.19 248.491
16.2 248.43
16.21 248.295
16.22 248.124
16.23 247.942
16.24 247.757
16.25 247.569
16.26 247.38
16.27 247.194
16.28 247.028
16.29 246.907
16.3 246.859
16.31 246.906
16.32 247.058
16.33 247.313
16.34 247.66
16.35 248.082
16.36 248.566
16.37 249.095
16.38 249.651
16.39 250.22
16.4 250.794
16.41 251.37
16.42 251.957
16.43 252.566
16.44 253.201
16.45 253.864
16.46 254.549
16.47 255.251
16.48 255.962
16.49 256.682
16.5 257.418
16.51 258.181
16.52 258.983
16.53 259.828
16.54 260.716
16.55 261.644
16.56 262.608
16.57 263.607
16.58 264.638
16.59 265.698
16.6 266.779
16.61 267.869
16.62 268.955
16.63 270.012
16.64 271.014
16.65 271.936
16.66 272.757
16.67 273.46
16.68 274.035
16.69 274.471
16.7 274.753
16.71 274.859
16.72 274.764
16.73 274.445
16.74 273.885
16.75 273.08
16.76 272.042
16.77 270.801
16.78 269.403
16.79 267.896
16.8 266.324
16.81 264.72
16.82 263.101
16.83 261.477
16.84 259.854
16.85 258.24
16.86 256.648
16.87 255.091
16.88 253.585
16.89 252.139
16.9 250.755
16.91 249.429
16.92 248.146
16.93 246.897
16.94 245.678
16.95 244.498
16.96 243.373
16.97 242.318
16.98 241.339
16.99 240.434
17 239.585
17.01 238.777
17.02 237.996
17.03 237.233
17.04 236.489
17.05 235.763
17.06 235.055
17.07 234.364
17.08 233.681
17.09 232.995
17.1 232.296
17.11 231.578
17.12 230.844
17.13 230.093
17.14 229.318
17.15 228.516
17.16 227.687
17.17 226.849
17.18 226.03
17.19 225.26
17.2 224.562
17.21 223.947
17.22 223.42
17.23 222.988
17.24 222.667
17.25 222.481
17.26 222.454
17.27 222.593
17.28 222.891
17.29 223.317
17.3 223.83
17.31 224.392
17.32 224.974
17.33 225.559
17.34 226.132
17.35 226.665
17.36 227.12
17.37 227.448
17.38 227.612
17.39 227.59
17.4 227.387
17.41 227.022
17.42 226.526
17.43 225.94
17.44 225.309
17.45 224.684
17.46 224.124
17.47 223.683
17.48 223.415
17.49 223.36
17.5 223.541
17.51 223.964
17.52 224.62
17.53 225.491
17.54 226.555
17.55 227.784
17.56 229.152
17.57 230.629
17.58 232.181
17.59 233.771
17.6 235.358
17.61 236.902
17.62 238.368
17.63 239.731
17.64 240.983
17.65 242.127
17.66 243.165
17.67 244.097
17.68 244.915
17.69 245.611
17.7 246.175
17.71 246.603
17.72 246.898
17.73 247.064
17.74 247.109
17.75 247.038
17.76 246.859
17.77 246.586
17.78 246.236
17.79 245.831
17.8 245.395
17.81 244.948
17.82 244.506
17.83 244.073
17.84 243.648
17.85 243.226
17.86 242.809
17.87 242.413
17.88 242.063
17.89 241.777
17.9 241.558
17.91 241.397
17.92 241.275
17.93 241.175
17.94 241.086
17.95 241.009
17.96 240.948
17.97 240.905
17.98 240.875
17.99 240.845
18 240.8
18.01 240.736
18.02 240.653
18.03 240.564
18.04 240.481
18.05 240.418
18.06 240.384
18.07 240.38
18.08 240.403
18.09 240.45
18.1 240.523
18.11 240.627
18.12 240.765
18.13 240.941
18.14 241.151
18.15 241.38
18.16 241.612
18.17 241.829
18.18 242.021
18.19 242.184
18.2 242.313
18.21 242.406
18.22 242.467
18.23 242.501
18.24 242.518
18.25 242.526
18.26 242.523
18.27 242.501
18.28 242.447
18.29 242.352
18.3 242.222
18.31 242.079
18.32 241.954
18.33 241.868
18.34 241.827
18.35 241.824
18.36 241.843
18.37 241.876
18.38 241.93
18.39 242.024
18.4 242.175
18.41 242.389
18.42 242.661
18.43 242.976
18.44 243.318
18.45 243.672
18.46 244.019
18.47 244.341
18.48 244.615
18.49 244.817
18.5 244.926
18.51 244.925
18.52 244.809
18.53 244.583
18.54 244.252
18.55 243.821
18.56 243.298
18.57 242.694
18.58 242.032
18.59 241.344
18.6 240.674
18.61 240.066
18.62 239.56
18.63 239.182
18.64 238.939
18.65 238.82
18.66 238.804
18.67 238.87
18.68 239
18.69 239.188
18.7 239.431
18.71 239.724
18.72 240.054
18.73 240.399
18.74 240.726
18.75 241.005
18.76 241.216
18.77 241.351
18.78 241.417
18.79 241.426
18.8 241.386
18.81 241.299
18.82 241.155
18.83 240.942
18.84 240.657
18.85 240.306
18.86 239.905
18.87 239.479
18.88 239.049
18.89 238.636
18.9 238.244
18.91 237.879
18.92 237.545
18.93 237.251
18.94 237.012
18.95 236.845
18.96 236.761
18.97 236.769
18.98 236.867
18.99 237.051
19 237.316
19.01 237.658
19.02 238.078
19.03 238.574
19.04 239.14
19.05 239.762
19.06 240.419
19.07 241.088
19.08 241.747
19.09 242.384
19.1 242.99
19.11 243.558
19.12 244.087
19.13 244.574
19.14 245.012
19.15 245.389
19.16 245.691
19.17 245.906
19.18 246.028
19.19 246.064
19.2 246.026
19.21 245.926
19.22 245.773
19.23 245.57
19.24 245.32
19.25 245.024
19.26 244.689
19.27 244.327
19.28 243.961
19.29 243.616
19.3 243.308
19.31 243.047
19.32 242.838
19.33 242.681
19.34 242.576
19.35 242.524
19.36 242.529
19.37 242.593
19.38 242.712
19.39 242.871
19.4 243.046
19.41 243.216
19.42 243.365
19.43 243.485
19.44 243.572
19.45 243.621
19.46 243.631
19.47 243.6
19.48 243.528
19.49 243.416
19.5 243.264
19.51 243.076
19.52 242.86
19.53 242.625
19.54 242.377
19.55 242.119
19.56 241.849
19.57 241.564
19.58 241.258
19.59 240.927
19.6 240.57
19.61 240.191
19.62 239.8
19.63 239.408
19.64 239.026
19.65 238.663
19.66 238.324
19.67 238.01
19.68 237.718
19.69 237.441
19.7 237.176
19.71 236.922
19.72 236.684
19.73 236.469
19.74 236.278
19.75 236.107
19.76 235.943
19.77 235.774
19.78 235.585
19.79 235.364
19.8 235.103
19.81 234.8
19.82 234.459
19.83 234.092
19.84 233.709
19.85 233.324
19.86 232.949
19.87 232.595
19.88 232.286
19.89 232.048
19.9 231.91
19.91 231.897
19.92 232.021
19.93 232.285
19.94 232.68
19.95 233.191
19.96 233.799
19.97 234.478
19.98 235.209
19.99 235.97
20 236.734
20.01 237.47
20.02 238.141
20.03 238.715
20.04 239.165
20.05 239.467
20.06 239.607
20.07 239.579
20.08 239.388
20.09 239.054
20.1 238.604
20.11 238.069
20.12 237.479
20.13 236.863
20.14 236.246
20.15 235.647
20.16 235.084
20.17 234.577
20.18 234.148
20.19 233.818
20.2 233.604
20.21 233.51
20.22 233.532
20.23 233.653
20.24 233.853
20.25 234.109
20.26 234.398
20.27 234.704
20.28 235.008
20.29 235.293
20.3 235.534
20.31 235.708
20.32 235.792
20.33 235.766
20.34 235.62
20.35 235.354
20.36 234.976
20.37 234.5
20.38 233.942
20.39 233.319
20.4 232.652
20.41 231.966
20.42 231.286
20.43 230.646
20.44 230.079
20.45 229.619
20.46 229.297
20.47 229.137
20.48 229.159
20.49 229.373
20.5 229.783
20.51 230.388
20.52 231.176
20.53 232.133
20.54 233.228
20.55 234.429
20.56 235.696
20.57 236.993
20.58 238.292
20.59 239.57
20.6 240.812
20.61 242.009
20.62 243.15
20.63 244.224
20.64 245.218
20.65 246.118
20.66 246.912
20.67 247.593
20.68 248.156
20.69 248.599
20.7 248.924
20.71 249.133
20.72 249.23
20.73 249.214
20.74 249.087
20.75 248.849
20.76 248.512
20.77 248.089
20.78 247.596
20.79 247.051
20.8 246.47
20.81 245.87
20.82 245.274
20.83 244.705
20.84 244.191
20.85 243.756
20.86 243.416
20.87 243.178
20.88 243.039
20.89 242.989
20.9 243.018
20.91 243.118
20.92 243.285
20.93 243.517
20.94 243.808
20.95 244.148
20.96 244.519
20.97 244.9
20.98 245.268
20.99 245.604
21 245.894
21.01 246.131
21.02 246.315
21.03 246.449
21.04 246.53
21.05 246.559
21.06 246.531
21.07 246.448
21.08 246.313
21.09 246.131
21.1 245.91
21.11 245.663
21.12 245.404
21.13 245.148
21.14 244.905
21.15 244.684
21.16 244.492
21.17 244.33
21.18 244.199
21.19 244.096
21.2 244.014
21.21 243.946
21.22 243.885
21.23 243.817
21.24 243.727
21.25 243.598
21.26 243.417
21.27 243.171
21.28 242.858
21.29 242.482
21.3 242.055
21.31 241.592
21.32 241.102
21.33 240.591
21.34 240.066
21.35 239.534
21.36 239.007
21.37 238.5
21.38 238.028
21.39 237.61
21.4 237.258
21.41 236.976
21.42 236.769
21.43 236.633
21.44 236.568
21.45 236.578
21.46 236.67
21.47 236.851
21.48 237.125
21.49 237.487
21.5 237.921
21.51 238.405
21.52 238.911
21.53 239.414
21.54 239.898
21.55 240.351
21.56 240.765
21.57 241.13
21.58 241.431
21.59 241.654
21.6 241.793
21.61 241.852
21.62 241.846
21.63 241.795
21.64 241.712
21.65 241.608
21.66 241.486
21.67 241.349
21.68 241.2
21.69 241.05
21.7 240.908
21.71 240.785
21.72 240.687
21.73 240.619
21.74 240.583
21.75 240.584
21.76 240.629
21.77 240.718
21.78 240.851
21.79 241.019
21.8 241.212
21.81 241.416
21.82 241.624
21.83 241.825
21.84 242.01
21.85 242.17
21.86 242.297
21.87 242.38
21.88 242.415
21.89 242.397
21.9 242.32
21.91 242.184
21.92 241.989
21.93 241.74
21.94 241.453
21.95 241.141
21.96 240.819
21.97 240.495
21.98 240.171
21.99 239.851
22 239.536
22.01 239.234
22.02 238.956
22.03 238.709
22.04 238.494
22.05 238.309
22.06 238.144
22.07 237.999
22.08 237.87
22.09 237.762
22.1 237.676
22.11 237.614
22.12 237.572
22.13 237.541
22.14 237.511
22.15 237.472
22.16 237.421
22.17 237.357
22.18 237.287
22.19 237.214
22.2 237.142
22.21 237.071
22.22 237
22.23 236.931
22.24 236.868
22.25 236.818
22.26 236.781
22.27 236.759
22.28 236.746
22.29 236.73
22.3 236.703
22.31 236.655
22.32 236.582
22.33 236.479
22.34 236.343
22.35 236.164
22.36 235.933
22.37 235.641
22.38 235.281
22.39 234.853
22.4 234.356
22.41 233.795
22.42 233.171
22.43 232.485
22.44 231.738
22.45 230.932
22.46 230.08
22.47 229.194
22.48 228.294
22.49 227.402
22.5 226.538
22.51 225.721
22.52 224.969
22.53 224.299
22.54 223.73
22.55 223.284
22.56 222.988
22.57 222.871
22.58 222.957
22.59 223.263
22.6 223.8
22.61 224.571
22.62 225.569
22.63 226.776
22.64 228.157
22.65 229.666
22.66 231.252
22.67 232.869
22.68 234.479
22.69 236.052
22.7 237.563
22.71 238.991
22.72 240.317
22.73 241.521
22.74 242.59
22.75 243.515
22.76 244.289
22.77 244.915
22.78 245.391
22.79 245.72
22.8 245.906
22.81 245.951
22.82 245.867
22.83 245.672
22.84 245.388
22.85 245.037
22.86 244.641
22.87 244.217
22.88 243.785
22.89 243.36
22.9 242.963
22.91 242.612
22.92 242.328
22.93 242.129
22.94 242.032
22.95 242.045
22.96 242.17
22.97 242.402
22.98 242.735
22.99 243.157
23 243.658
23.01 244.225
23.02 244.847
23.03 245.511
23.04 246.2
23.05 246.891
23.06 247.56
23.07 248.179
23.08 248.73
23.09 249.2
23.1 249.585
23.11 249.894
23.12 250.135
23.13 250.311
23.14 250.425
23.15 250.469
23.16 250.439
23.17 250.331
23.18 250.152
23.19 249.914
23.2 249.637
23.21 249.342
23.22 249.048
23.23 248.769
23.24 248.516
23.25 248.293
23.26 248.109
23.27 247.971
23.28 247.886
23.29 247.859
23.3 247.891
23.31 247.976
23.32 248.101
23.33 248.249
23.34 248.404
23.35 248.545
23.36 248.655
23.37 248.718
23.38 248.719
23.39 248.641
23.4 248.472
23.41 248.204
23.42 247.839
23.43 247.383
23.44 246.85
23.45 246.256
23.46 245.614
23.47 244.935
23.48 244.228
23.49 243.502
23.5 242.772
23.51 242.053
23.52 241.364
23.53 240.72
23.54 240.129
23.55 239.592
23.56 239.109
23.57 238.679
23.58 238.301
23.59 237.974
23.6 237.694
23.61 237.458
23.62 237.264
23.63 237.108
23.64 236.985
23.65 236.891
23.66 236.819
23.67 236.759
23.68 236.702
23.69 236.637
23.7 236.56
23.71 236.471
23.72 236.371
23.73 236.261
23.74 236.142
23.75 236.012
23.76 235.864
23.77 235.688
23.78 235.48
23.79 235.236
23.8 234.959
23.81 234.654
23.82 234.326
23.83 233.978
23.84 233.608
23.85 233.207
23.86 232.765
23.87 232.279
23.88 231.754
23.89 231.2
23.9 230.631
23.91 230.065
23.92 229.521
23.93 229.021
23.94 228.592
23.95 228.262
23.96 228.058
23.97 228.001
23.98 228.103
23.99 228.374
24 228.818
24.01 229.436
24.02 230.216
24.03 231.137
24.04 232.164
24.05 233.255
24.06 234.364
24.07 235.452
24.08 236.488
24.09 237.446
24.1 238.312
24.11 239.074
24.12 239.721
24.13 240.248
24.14 240.649
24.15 240.921
24.16 241.064
24.17 241.082
24.18 240.988
24.19 240.797
24.2 240.529
24.21 240.204
24.22 239.842
24.23 239.466
24.24 239.093
24.25 238.742
24.26 238.431
24.27 238.176
24.28 237.991
24.29 237.885
24.3 237.861
24.31 237.919
24.32 238.051
24.33 238.247
24.34 238.492
24.35 238.762
24.36 239.037
24.37 239.292
24.38 239.505
24.39 239.659
24.4 239.741
24.41 239.744
24.42 239.666
24.43 239.505
24.44 239.263
24.45 238.941
24.46 238.546
24.47 238.088
24.48 237.58
24.49 237.039
24.5 236.481
24.51 235.918
24.52 235.36
24.53 234.817
24.54 234.3
24.55 233.819
24.56 233.391
24.57 233.033
24.58 232.759
24.59 232.579
24.6 232.498
24.61 232.513
24.62 232.618
24.63 232.802
24.64 233.049
24.65 233.343
24.66 233.667
24.67 234.005
24.68 234.344
24.69 234.669
24.7 234.968
24.71 235.227
24.72 235.438
24.73 235.59
24.74 235.676
24.75 235.695
24.76 235.65
24.77 235.544
24.78 235.384
24.79 235.175
24.8 234.921
24.81 234.628
24.82 234.308
24.83 233.972
24.84 233.637
24.85 233.318
24.86 233.021
24.87 232.753
24.88 232.514
24.89 232.303
24.9 232.117
24.91 231.958
24.92 231.828
24.93 231.729
24.94 231.664
24.95 231.633
24.96 231.637
24.97 231.681
24.98 231.774
24.99 231.926
25 232.145
25.01 232.431
25.02 232.783
25.03 233.197
25.04 233.669
25.05 234.191
25.06 234.752
25.07 235.343
25.08 235.946
25.09 236.544
25.1 237.124
25.11 237.679
25.12 238.204
25.13 238.695
25.14 239.151
25.15 239.568
25.16 239.942
25.17 240.27
25.18 240.547
25.19 240.769
25.2 240.935
25.21 241.043
25.22 241.094
25.23 241.087
25.24 241.025
25.25 240.909
25.26 240.745
25.27 240.538
25.28 240.294
25.29 240.02
25.3 239.727
25.31 239.418
25.32 239.1
25.33 238.776
25.34 238.453
25.35 238.136
25.36 237.832
25.37 237.548
25.38 237.291
25.39 237.063
25.4 236.864
25.41 236.697
25.42 236.559
25.43 236.45
25.44 236.362
25.45 236.289
25.46 236.225
25.47 236.163
25.48 236.097
25.49 236.022
25.5 235.937
25.51 235.845
25.52 235.754
25.53 235.678
25.54 235.628
25.55 235.614
25.56 235.644
25.57 235.717
25.58 235.834
25.59 235.997
25.6 236.206
25.61 236.457
25.62 236.748
25.63 237.069
25.64 237.41
25.65 237.757
25.66 238.094
25.67 238.413
25.68 238.71
25.69 238.987
25.7 239.24
25.71 239.467
25.72 239.662
25.73 239.82
25.74 239.937
25.75 240.009
25.76 240.038
25.77 240.029
25.78 239.986
25.79 239.914
25.8 239.819
25.81 239.702
25.82 239.567
25.83 239.415
25.84 239.248
25.85 239.068
25.86 238.884
25.87 238.701
25.88 238.527
25.89 238.364
25.9 238.211
25.91 238.07
25.92 237.944
25.93 237.841
25.94 237.768
25.95 237.731
25.96 237.731
25.97 237.764
25.98 237.821
25.99 237.893
26 237.979
26.01 238.079
26.02 238.196
26.03 238.33
26.04 238.476
26.05 238.624
26.06 238.768
26.07 238.898
26.08 239.013
26.09 239.113
26.1 239.199
26.11 239.272
26.12 239.332
26.13 239.373
26.14 239.385
26.15 239.36
26.16 239.294
26.17 239.192
26.18 239.065
26.19 238.926
26.2 238.783
26.21 238.638
26.22 238.497
26.23 238.366
26.24 238.255
26.25 238.172
26.26 238.124
26.27 238.11
26.28 238.122
26.29 238.151
26.3 238.189
26.31 238.233
26.32 238.283
26.33 238.338
26.34 238.393
26.35 238.44
26.36 238.474
26.37 238.489
26.38 238.484
26.39 238.46
26.4 238.42
26.41 238.366
26.42 238.298
26.43 238.213
26.44 238.108
26.45 237.98
26.46 237.827
26.47 237.653
26.48 237.464
26.49 237.27
26.5 237.082
26.51 236.906
26.52 236.744
26.53 236.594
26.54 236.457
26.55 236.337
26.56 236.236
26.57 236.158
26.58 236.103
26.59 236.067
26.6 236.042
26.61 236.016
26.62 235.979
26.63 235.925
26.64 235.85
26.65 235.756
26.66 235.644
26.67 235.513
26.68 235.36
26.69 235.183
26.7 234.986
26.71 234.774
26.72 234.564
26.73 234.375
26.74 234.224
26.75 234.126
26.76 234.085
26.77 234.103
26.78 234.176
26.79 234.305
26.8 234.487
26.81 234.721
26.82 234.997
26.83 235.303
26.84 235.618
26.85 235.923
26.86 236.199
26.87 236.433
26.88 236.617
26.89 236.752
26.9 236.841
26.91 236.887
26.92 236.894
26.93 236.868
26.94 236.824
26.95 236.778
26.96 236.751
26.97 236.759
26.98 236.816
26.99 236.931
27 237.105
27.01 237.327
27.02 237.586
27.03 237.87
27.04 238.171
27.05 238.48
27.06 238.784
27.07 239.069
27.08 239.321
27.09 239.527
27.1 239.679
27.11 239.777
27.12 239.827
27.13 239.835
27.14 239.811
27.15 239.763
27.16 239.697
27.17 239.617
27.18 239.526
27.19 239.432
27.2 239.347
27.21 239.282
27.22 239.246
27.23 239.244
27.24 239.273
27.25 239.325
27.26 239.395
27.27 239.479
27.28 239.579
27.29 239.693
27.3 239.818
27.31 239.945
27.32 240.066
27.33 240.171
27.34 240.253
27.35 240.311
27.36 240.347
27.37 240.363
27.38 240.362
27.39 240.339
27.4 240.291
27.41 240.215
27.42 240.112
27.43 239.987
27.44 239.845
27.45 239.686
27.46 239.507
27.47 239.299
27.48 239.057
27.49 238.774
27.5 238.45
27.51 238.088
27.52 237.691
27.53 237.264
27.54 236.811
27.55 236.337
27.56 235.848
27.57 235.352
27.58 234.859
27.59 234.378
27.6 233.912
27.61 233.467
27.62 233.045
27.63 232.65
27.64 232.288
27.65 231.962
27.66 231.671
27.67 231.415
27.68 231.193
27.69 231.004
27.7 230.85
27.71 230.734
27.72 230.662
27.73 230.637
27.74 230.661
27.75 230.731
27.76 230.847
27.77 231.008
27.78 231.214
27.79 231.466
27.8 231.762
27.81 232.103
27.82 232.485
27.83 232.903
27.84 233.351
27.85 233.823
27.86 234.307
27.87 234.791
27.88 235.261
27.89 235.706
27.9 236.115
27.91 236.476
27.92 236.783
27.93 237.03
27.94 237.215
27.95 237.34
27.96 237.409
27.97 237.427
27.98 237.399
27.99 237.327
28 237.218
28.01 237.079
28.02 236.919
28.03 236.75
28.04 236.585
28.05 236.439
28.06 236.327
28.07 236.261
28.08 236.25
28.09 236.3
28.1 236.416
28.11 236.599
28.12 236.847
28.13 237.153
28.14 237.511
28.15 237.91
28.16 238.341
28.17 238.79
28.18 239.246
28.19 239.706
28.2 240.167
28.21 240.628
28.22 241.081
28.23 241.52
28.24 241.936
28.25 242.322
28.26 242.673
28.27 242.992
28.28 243.278
28.29 243.526
28.3 243.729
28.31 243.88
28.32 243.975
28.33 244.007
28.34 243.971
28.35 243.856
28.36 243.652
28.37 243.351
28.38 242.952
28.39 242.457
28.4 241.873
28.41 241.211
28.42 240.487
28.43 239.719
28.44 238.928
28.45 238.136
28.46 237.358
28.47 236.613
28.48 235.916
28.49 235.278
28.5 234.708
28.51 234.216
28.52 233.809
28.53 233.49
28.54 233.259
28.55 233.114
28.56 233.051
28.57 233.065
28.58 233.149
28.59 233.29
28.6 233.471
28.61 233.673
28.62 233.872
28.63 234.047
28.64 234.179
28.65 234.258
28.66 234.278
28.67 234.238
28.68 234.14
28.69 233.983
28.7 233.767
28.71 233.492
28.72 233.164
28.73 232.788
28.74 232.371
28.75 231.916
28.76 231.425
28.77 230.895
28.78 230.323
28.79 229.712
28.8 229.071
28.81 228.417
28.82 227.764
28.83 227.124
28.84 226.506
28.85 225.921
28.86 225.388
28.87 224.931
28.88 224.581
28.89 224.367
28.9 224.316
28.91 224.448
28.92 224.77
28.93 225.282
28.94 225.977
28.95 226.84
28.96 227.85
28.97 228.976
28.98 230.181
28.99 231.425
29 232.665
29.01 233.868
29.02 235.007
29.03 236.065
29.04 237.028
29.05 237.887
29.06 238.636
29.07 239.271
29.08 239.786
29.09 240.179
29.1 240.452
29.11 240.608
29.12 240.652
29.13 240.592
29.14 240.441
29.15 240.209
29.16 239.908
29.17 239.552
29.18 239.153
29.19 238.729
29.2 238.301
29.21 237.892
29.22 237.527
29.23 237.224
29.24 236.996
29.25 236.851
29.26 236.791
29.27 236.823
29.28 236.951
29.29 237.177
29.3 237.5
29.31 237.912
29.32 238.397
29.33 238.936
29.34 239.504
29.35 240.083
29.36 240.656
29.37 241.208
29.38 241.728
29.39 242.201
29.4 242.615
29.41 242.96
29.42 243.23
29.43 243.427
29.44 243.558
29.45 243.635
29.46 243.669
29.47 243.664
29.48 243.622
29.49 243.54
29.5 243.42
29.51 243.267
29.52 243.089
29.53 242.89
29.54 242.673
29.55 242.432
29.56 242.163
29.57 241.864
29.58 241.538
29.59 241.188
29.6 240.822
29.61 240.447
29.62 240.068
29.63 239.689
29.64 239.316
29.65 238.959
29.66 238.626
29.67 238.33
29.68 238.081
29.69 237.885
29.7 237.74
29.71 237.635
29.72 237.556
29.73 237.49
29.74 237.425
29.75 237.355
29.76 237.27
29.77 237.165
29.78 237.031
29.79 236.858
29.8 236.641
29.81 236.372
29.82 236.05
29.83 235.682
29.84 235.277
29.85 234.849
29.86 234.408
29.87 233.967
29.88 233.532
29.89 233.108
29.9 232.705
29.91 232.33
29.92 231.989
29.93 231.693
29.94 231.451
29.95 231.271
29.96 231.161
29.97 231.132
29.98 231.189
29.99 231.341
30 231.592
30.01 231.944
30.02 232.392
30.03 232.928
30.04 233.538
30.05 234.202
30.06 234.896
30.07 235.593
30.08 236.27
30.09 236.908
30.1 237.491
30.11 238.007
30.12 238.448
30.13 238.803
30.14 239.059
30.15 239.208
30.16 239.248
30.17 239.181
30.18 239.02
30.19 238.779
30.2 238.477
30.21 238.125
30.22 237.734
30.23 237.313
30.24 236.876
30.25 236.441
30.26 236.026
30.27 235.648
30.28 235.323
30.29 235.062
30.3 234.876
30.31 234.775
30.32 234.77
30.33 234.868
30.34 235.066
30.35 235.358
30.36 235.73
30.37 236.166
30.38 236.648
30.39 237.161
30.4 237.688
30.41 238.213
30.42 238.717
30.43 239.179
30.44 239.573
30.45 239.88
30.46 240.082
30.47 240.174
30.48 240.156
30.49 240.028
30.5 239.792
30.51 239.448
30.52 239.002
30.53 238.465
30.54 237.854
30.55 237.193
30.56 236.51
30.57 235.83
30.58 235.169
30.59 234.538
30.6 233.944
30.61 233.395
30.62 232.898
30.63 232.461
30.64 232.086
30.65 231.776
30.66 231.53
30.67 231.345
30.68 231.217
30.69 231.141
30.7 231.11
30.71 231.118
30.72 231.156
30.73 231.225
30.74 231.325
30.75 231.456
30.76 231.618
30.77 231.799
30.78 231.987
30.79 232.174
30.8 232.358
30.81 232.537
30.82 232.71
30.83 232.871
30.84 233.012
30.85 233.129
30.86 233.216
30.87 233.272
30.88 233.295
30.89 233.284
30.9 233.237
30.91 233.153
30.92 233.036
30.93 232.892
30.94 232.734
30.95 232.574
30.96 232.423
30.97 232.289
30.98 232.18
30.99 232.103
31 232.071
31.01 232.096
31.02 232.192
31.03 232.363
31.04 232.606
31.05 232.913
31.06 233.275
31.07 233.683
31.08 234.129
31.09 234.607
31.1 235.109
31.11 235.618
31.12 236.119
31.13 236.595
31.14 237.033
31.15 237.429
31.16 237.787
31.17 238.107
31.18 238.389
31.19 238.63
31.2 238.828
31.21 238.988
31.22 239.114
31.23 239.212
31.24 239.289
31.25 239.349
31.26 239.397
31.27 239.431
31.28 239.452
31.29 239.46
31.3 239.459
31.31 239.454
31.32 239.45
31.33 239.45
31.34 239.453
31.35 239.457
31.36 239.46
31.37 239.459
31.38 239.457
31.39 239.456
31.4 239.457
31.41 239.466
31.42 239.483
31.43 239.51
31.44 239.548
31.45 239.599
31.46 239.666
31.47 239.746
31.48 239.837
31.49 239.932
31.5 240.027
31.51 240.116
31.52 240.2
31.53 240.279
31.54 240.352
31.55 240.413
31.56 240.454
31.57 240.467
31.58 240.444
31.59 240.379
31.6 240.268
31.61 240.107
31.62 239.896
31.63 239.633
31.64 239.317
31.65 238.95
31.66 238.537
31.67 238.088
31.68 237.613
31.69 237.123
31.7 236.63
31.71 236.148
31.72 235.684
31.73 235.248
31.74 234.842
31.75 234.47
31.76 234.135
31.77 233.841
31.78 233.588
31.79 233.376
31.8 233.201
31.81 233.054
31.82 232.927
31.83 232.811
31.84 232.699
31.85 232.586
31.86 232.472
31.87 232.355
31.88 232.237
31.89 232.118
31.9 232.001
31.91 231.883
31.92 231.767
31.93 231.655
31.94 231.547
31.95 231.449
31.96 231.367
31.97 231.308
31.98 231.275
31.99 231.269
32 231.294
32.01 231.355
32.02 231.454
32.03 231.596
32.04 231.78
32.05 232.008
32.06 232.277
32.07 232.583
32.08 232.922
32.09 233.289
32.1 233.674
32.11 234.069
32.12 234.46
32.13 234.832
32.14 235.17
32.15 235.464
32.16 235.71
32.17 235.907
32.18 236.062
32.19 236.179
32.2 236.261
32.21 236.308
32.22 236.318
32.23 236.296
32.24 236.247
32.25 236.177
32.26 236.095
32.27 236.011
32.28 235.929
32.29 235.852
32.3 235.787
32.31 235.74
32.32 235.717
32.33 235.725
32.34 235.768
32.35 235.848
32.36 235.964
32.37 236.114
32.38 236.293
32.39 236.496
32.4 236.719
32.41 236.958
32.42 237.209
32.43 237.469
32.44 237.734
32.45 237.999
32.46 238.259
32.47 238.51
32.48 238.751
32.49 238.979
32.5 239.194
32.51 239.396
32.52 239.582
32.53 239.751
32.54 239.903
32.55 240.036
32.56 240.152
32.57 240.246
32.58 240.316
32.59 240.359
32.6 240.372
32.61 240.352
32.62 240.293
32.63 240.189
32.64 240.042
32.65 239.851
32.66 239.621
32.67 239.355
32.68 239.06
32.69 238.74
32.7 238.402
32.71 238.052
32.72 237.697
32.73 237.346
32.74 237.007
32.75 236.689
32.76 236.393
32.77 236.12
32.78 235.873
32.79 235.656
32.8 235.47
32.81 235.313
32.82 235.182
32.83 235.068
32.84 234.963
32.85 234.855
32.86 234.737
32.87 234.601
32.88 234.444
32.89 234.261
32.9 234.045
32.91 233.785
32.92 233.469
32.93 233.088
32.94 232.638
32.95 232.117
32.96 231.525
32.97 230.863
32.98 230.131
32.99 229.331
33 228.469
33.01 227.553
33.02 226.599
33.03 225.625
33.04 224.657
33.05 223.721
33.06 222.843
33.07 222.05
33.08 221.359
33.09 220.787
33.1 220.347
33.11 220.051
33.12 219.909
33.13 219.932
33.14 220.122
33.15 220.479
33.16 220.996
33.17 221.664
33.18 222.468
33.19 223.394
33.2 224.421
33.21 225.524
33.22 226.673
33.23 227.837
33.24 228.988
33.25 230.098
33.26 231.145
33.27 232.112
33.28 232.985
33.29 233.754
33.3 234.412
33.31 234.953
33.32 235.373
33.33 235.668
33.34 235.839
33.35 235.893
33.36 235.838
33.37 235.687
33.38 235.457
33.39 235.168
33.4 234.839
33.41 234.491
33.42 234.144
33.43 233.814
33.44 233.521
33.45 233.279
33.46 233.101
33.47 232.997
33.48 232.975
33.49 233.041
33.5 233.197
33.51 233.445
33.52 233.783
33.53 234.202
33.54 234.689
33.55 235.229
33.56 235.805
33.57 236.402
33.58 237.006
33.59 237.605
33.6 238.189
33.61 238.747
33.62 239.268
33.63 239.741
33.64 240.158
33.65 240.512
33.66 240.802
33.67 241.027
33.68 241.186
33.69 241.28
33.7 241.308
33.71 241.27
33.72 241.163
33.73 240.989
33.74 240.752
33.75 240.458
33.76 240.11
33.77 239.715
33.78 239.278
33.79 238.806
33.8 238.305
33.81 237.783
33.82 237.247
33.83 236.708
33.84 236.176
33.85 235.659
33.86 235.167
33.87 234.708
33.88 234.286
33.89 233.909
33.9 233.579
33.91 233.3
33.92 233.07
33.93 232.89
33.94 232.757
33.95 232.669
33.96 232.622
33.97 232.613
33.98 232.636
33.99 232.685
34 232.752
34.01 232.827
34.02 232.903
34.03 232.969
34.04 233.017
34.05 233.04
34.06 233.031
34.07 232.982
34.08 232.889
34.09 232.75
34.1 232.567
34.11 232.341
34.12 232.081
34.13 231.79
34.14 231.476
34.15 231.148
34.16 230.812
34.17 230.479
34.18 230.157
34.19 229.856
34.2 229.583
34.21 229.344
34.22 229.144
34.23 228.986
34.24 228.871
34.25 228.801
34.26 228.775
34.27 228.789
34.28 228.844
34.29 228.937
34.3 229.073
34.31 229.253
34.32 229.475
34.33 229.737
34.34 230.033
34.35 230.351
34.36 230.685
34.37 231.026
34.38 231.369
34.39 231.707
34.4 232.032
34.41 232.336
34.42 232.608
34.43 232.837
34.44 233.017
34.45 233.136
34.46 233.19
34.47 233.176
34.48 233.095
34.49 232.953
34.5 232.758
34.51 232.522
34.52 232.257
34.53 231.974
34.54 231.688
34.55 231.414
34.56 231.168
34.57 230.965
34.58 230.821
34.59 230.746
34.6 230.745
34.61 230.82
34.62 230.97
34.63 231.192
34.64 231.481
34.65 231.828
34.66 232.219
34.67 232.64
34.68 233.07
34.69 233.492
34.7 233.887
34.71 234.243
34.72 234.551
34.73 234.803
34.74 234.992
34.75 235.115
34.76 235.17
34.77 235.158
34.78 235.078
34.79 234.931
34.8 234.715
34.81 234.433
34.82 234.092
34.83 233.703
34.84 233.285
34.85 232.861
34.86 232.45
34.87 232.067
34.88 231.717
34.89 231.401
34.9 231.116
34.91 230.869
34.92 230.675
34.93 230.556
34.94 230.522
34.95 230.569
34.96 230.685
34.97 230.848
34.98 231.044
34.99 231.261
35 231.5
35.01 231.769
35.02 232.068
35.03 232.384
35.04 232.695
35.05 232.974
35.06 233.208
35.07 233.394
35.08 233.538
35.09 233.647
35.1 233.717
35.11 233.74
35.12 233.705
35.13 233.607
35.14 233.45
35.15 233.245
35.16 233.005
35.17 232.743
35.18 232.468
35.19 232.187
35.2 231.91
35.21 231.652
35.22 231.428
35.23 231.254
35.24 231.138
35.25 231.081
35.26 231.082
35.27 231.14
35.28 231.255
35.29 231.427
35.3 231.651
35.31 231.919
35.32 232.22
35.33 232.54
35.34 232.869
35.35 233.196
35.36 233.513
35.37 233.817
35.38 234.099
35.39 234.349
35.4 234.557
35.41 234.718
35.42 234.829
35.43 234.886
35.44 234.89
35.45 234.841
35.46 234.741
35.47 234.593
35.48 234.407
35.49 234.193
35.5 233.96
35.51 233.716
35.52 233.471
35.53 233.239
35.54 233.033
35.55 232.862
35.56 232.733
35.57 232.651
35.58 232.62
35.59 232.64
35.6 232.714
35.61 232.839
35.62 233.009
35.63 233.212
35.64 233.436
35.65 233.666
35.66 233.893
35.67 234.101
35.68 234.28
35.69 234.42
35.7 234.513
35.71 234.55
35.72 234.527
35.73 234.445
35.74 234.307
35.75 234.119
35.76 233.886
35.77 233.611
35.78 233.297
35.79 232.952
35.8 232.592
35.81 232.239
35.82 231.913
35.83 231.623
35.84 231.369
35.85 231.149
35.86 230.965
35.87 230.832
35.88 230.769
35.89 230.789
35.9 230.895
35.91 231.077
35.92 231.324
35.93 231.623
35.94 231.966
35.95 232.346
35.96 232.757
35.97 233.193
35.98 233.644
35.99 234.092
36 234.517
36.01 234.897
36.02 235.219
36.03 235.478
36.04 235.674
36.05 235.811
36.06 235.887
36.07 235.9
36.08 235.849
36.09 235.734
36.1 235.561
36.11 235.343
36.12 235.095
36.13 234.833
36.14 234.57
36.15 234.319
36.16 234.084
36.17 233.869
36.18 233.681
36.19 233.527
36.2 233.418
36.21 233.363
36.22 233.365
36.23 233.423
36.24 233.529
36.25 233.678
36.26 233.869
36.27 234.098
36.28 234.358
36.29 234.639
36.3 234.924
36.31 235.197
36.32 235.443
36.33 235.659
36.34 235.84
36.35 235.978
36.36 236.068
36.37 236.101
36.38 236.074
36.39 235.988
36.4 235.85
36.41 235.667
36.42 235.444
36.43 235.182
36.44 234.885
36.45 234.559
36.46 234.223
36.47 233.894
36.48 233.589
36.49 233.32
36.5 233.089
36.51 232.895
36.52 232.739
36.53 232.624
36.54 232.557
36.55 232.544
36.56 232.588
36.57 232.679
36.58 232.802
36.59 232.937
36.6 233.069
36.61 233.186
36.62 233.283
36.63 233.35
36.64 233.38
36.65 233.368
36.66 233.309
36.67 233.201
36.68 233.04
36.69 232.826
36.7 232.567
36.71 232.269
36.72 231.946
36.73 231.61
36.74 231.271
36.75 230.937
36.76 230.616
36.77 230.314
36.78 230.036
36.79 229.784
36.8 229.56
36.81 229.361
36.82 229.185
36.83 229.027
36.84 228.886
36.85 228.76
36.86 228.649
36.87 228.547
36.88 228.45
36.89 228.353
36.9 228.254
36.91 228.163
36.92 228.092
36.93 228.058
36.94 228.076
36.95 228.159
36.96 228.316
36.97 228.544
36.98 228.841
36.99 229.199
37 229.605
37.01 230.05
37.02 230.518
37.03 230.995
37.04 231.466
37.05 231.913
37.06 232.317
37.07 232.666
37.08 232.956
37.09 233.186
37.1 233.355
37.11 233.467
37.12 233.524
37.13 233.535
37.14 233.507
37.15 233.452
37.16 233.377
37.17 233.286
37.18 233.182
37.19 233.067
37.2 232.946
37.21 232.822
37.22 232.699
37.23 232.579
37.24 232.464
37.25 232.356
37.26 232.263
37.27 232.19
37.28 232.149
37.29 232.152
37.3 232.208
37.31 232.325
37.32 232.502
37.33 232.737
37.34 233.019
37.35 233.339
37.36 233.68
37.37 234.029
37.38 234.371
37.39 234.694
37.4 234.986
37.41 235.237
37.42 235.438
37.43 235.586
37.44 235.677
37.45 235.712
37.46 235.687
37.47 235.603
37.48 235.464
37.49 235.273
37.5 235.034
37.51 234.753
37.52 234.433
37.53 234.084
37.54 233.712
37.55 233.326
37.56 232.932
37.57 232.54
37.58 232.163
37.59 231.813
37.6 231.503
37.61 231.245
37.62 231.044
37.63 230.904
37.64 230.824
37.65 230.798
37.66 230.819
37.67 230.88
37.68 230.969
37.69 231.075
37.7 231.184
37.71 231.285
37.72 231.366
37.73 231.42
37.74 231.438
37.75 231.417
37.76 231.356
37.77 231.258
37.78 231.127
37.79 230.972
37.8 230.807
37.81 230.644
37.82 230.501
37.83 230.395
37.84 230.339
37.85 230.345
37.86 230.424
37.87 230.581
37.88 230.812
37.89 231.11
37.9 231.465
37.91 231.863
37.92 232.292
37.93 232.738
37.94 233.188
37.95 233.625
37.96 234.036
37.97 234.41
37.98 234.737
37.99 235.009
38 235.223
38.01 235.379
38.02 235.477
38.03 235.517
38.04 235.504
38.05 235.439
38.06 235.329
38.07 235.185
38.08 235.018
38.09 234.84
38.1 234.665
38.11 234.504
38.12 234.364
38.13 234.251
38.14 234.166
38.15 234.11
38.16 234.084
38.17 234.091
38.18 234.132
38.19 234.206
38.2 234.308
38.21 234.431
38.22 234.568
38.23 234.717
38.24 234.874
38.25 235.036
38.26 235.2
38.27 235.357
38.28 235.498
38.29 235.615
38.3 235.703
38.31 235.762
38.32 235.79
38.33 235.784
38.34 235.739
38.35 235.65
38.36 235.517
38.37 235.341
38.38 235.129
38.39 234.887
38.4 234.622
38.41 234.337
38.42 234.036
38.43 233.726
38.44 233.414
38.45 233.115
38.46 232.842
38.47 232.606
38.48 232.411
38.49 232.26
38.5 232.153
38.51 232.092
38.52 232.078
38.53 232.109
38.54 232.179
38.55 232.278
38.56 232.395
38.57 232.52
38.58 232.643
38.59 232.762
38.6 232.874
38.61 232.978
38.62 233.072
38.63 233.151
38.64 233.21
38.65 233.247
38.66 233.256
38.67 233.24
38.68 233.196
38.69 233.125
38.7 233.028
38.71 232.91
38.72 232.776
38.73 232.635
38.74 232.494
38.75 232.357
38.76 232.23
38.77 232.113
38.78 232.009
38.79 231.921
38.8 231.852
38.81 231.803
38.82 231.771
38.83 231.749
38.84 231.733
38.85 231.718
38.86 231.705
38.87 231.696
38.88 231.69
38.89 231.688
38.9 231.686
38.91 231.683
38.92 231.678
38.93 231.671
38.94 231.669
38.95 231.678
38.96 231.707
38.97 231.759
38.98 231.838
38.99 231.944
39 232.078
39.01 232.242
39.02 232.437
39.03 232.659
39.04 232.904
39.05 233.163
39.06 233.429
39.07 233.693
39.08 233.952
39.09 234.2
39.1 234.433
39.11 234.642
39.12 234.82
39.13 234.957
39.14 235.047
39.15 235.087
39.16 235.076
39.17 235.016
39.18 234.902
39.19 234.736
39.2 234.519
39.21 234.252
39.22 233.943
39.23 233.599
39.24 233.234
39.25 232.864
39.26 232.503
39.27 232.165
39.28 231.859
39.29 231.593
39.3 231.374
39.31 231.206
39.32 231.089
39.33 231.02
39.34 230.997
39.35 231.014
39.36 231.069
39.37 231.161
39.38 231.286
39.39 231.436
39.4 231.602
39.41 231.772
39.42 231.939
39.43 232.095
39.44 232.239
39.45 232.368
39.46 232.477
39.47 232.558
39.48 232.604
39.49 232.612
39.5 232.585
39.51 232.53
39.52 232.455
39.53 232.368
39.54 232.273
39.55 232.172
39.56 232.069
39.57 231.966
39.58 231.873
39.59 231.795
39.6 231.737
39.61 231.701
39.62 231.685
39.63 231.689
39.64 231.718
39.65 231.777
39.66 231.87
39.67 231.996
39.68 232.152
39.69 232.33
39.7 232.524
39.71 232.729
39.72 232.943
39.73 233.16
39.74 233.375
39.75 233.578
39.76 233.759
39.77 233.911
39.78 234.031
39.79 234.116
39.8 234.17
39.81 234.19
39.82 234.177
39.83 234.128
39.84 234.047
39.85 233.941
39.86 233.815
39.87 233.673
39.88 233.518
39.89 233.347
39.9 233.163
39.91 232.969
39.92 232.771
39.93 232.575
39.94 232.386
39.95 232.209
39.96 232.047
39.97 231.903
39.98 231.78
39.99 231.677
40 231.596
40.01 231.535
40.02 231.494
40.03 231.467
40.04 231.448
40.05 231.432
40.06 231.419
40.07 231.409
40.08 231.405
40.09 231.407
40.1 231.416
40.11 231.43
40.12 231.444
40.13 231.459
40.14 231.476
40.15 231.501
40.16 231.54
40.17 231.596
40.18 231.667
40.19 231.751
40.2 231.844
40.21 231.947
40.22 232.06
40.23 232.181
40.24 232.309
40.25 232.44
40.26 232.57
40.27 232.695
40.28 232.813
40.29 232.919
40.3 233.008
40.31 233.073
40.32 233.108
40.33 233.106
40.34 233.067
40.35 232.994
40.36 232.887
40.37 232.749
40.38 232.581
40.39 232.389
40.4 232.183
40.41 231.974
40.42 231.777
40.43 231.602
40.44 231.46
40.45 231.358
40.46 231.308
40.47 231.318
40.48 231.396
40.49 231.544
40.5 231.755
40.51 232.02
40.52 232.329
40.53 232.669
40.54 233.029
40.55 233.402
40.56 233.779
40.57 234.15
40.58 234.508
40.59 234.843
40.6 235.151
40.61 235.427
40.62 235.672
40.63 235.881
40.64 236.052
40.65 236.186
40.66 236.284
40.67 236.347
40.68 236.375
40.69 236.37
40.7 236.336
40.71 236.278
40.72 236.201
40.73 236.111
40.74 236.01
40.75 235.9
40.76 235.787
40.77 235.674
40.78 235.563
40.79 235.458
40.8 235.363
40.81 235.281
40.82 235.212
40.83 235.155
40.84 235.11
40.85 235.076
40.86 235.055
40.87 235.049
40.88 235.06
40.89 235.082
40.9 235.111
40.91 235.143
40.92 235.17
40.93 235.184
40.94 235.183
40.95 235.153
40.96 235.075
