0.01 0.00185527
0.02 0.00454964
0.03 -0.000999354
0.04 -0.0225501
0.05 -0.0588062
0.06 -0.10045
0.07 -0.134598
0.08 -0.152157
0.09 -0.152193
0.1 -0.139143
0.11 -0.117646
0.12 -0.0911157
0.13 -0.0631539
0.14 -0.0392526
0.15 -0.0247033
0.16 -0.0197412
0.17 -0.0192561
0.18 -0.0186038
0.19 -0.0187393
0.2 -0.0245989
0.21 -0.0386887
0.22 -0.0572838
0.23 -0.0734055
0.24 -0.0830021
0.25 -0.0872624
0.26 -0.0897541
0.27 -0.094095
0.28 -0.103805
0.29 -0.120306
0.3 -0.14133
0.31 -0.162889
0.32 -0.180071
0.33 -0.187867
0.34 -0.185706
0.35 -0.177757
0.36 -0.166862
0.37 -0.151325
0.38 -0.129037
0.39 -0.102197
0.4 -0.0756521
0.41 -0.0529715
0.42 -0.0363061
0.43 -0.0281618
0.44 -0.0303699
0.45 -0.0424664
0.46 -0.0626542
0.47 -0.0885048
0.48 -0.115823
0.49 -0.137907
0.5 -0.148002
0.51 -0.145148
0.52 -0.135417
0.53 -0.124201
0.54 -0.111354
0.55 -0.0946367
0.56 -0.0735251
0.57 -0.0489202
0.58 -0.0209314
0.59 0.0105006
0.6 0.043128
0.61 0.0734324
0.62 0.0986291
0.63 0.11369
0.64 0.110016
0.65 0.0804528
0.66 0.0214348
0.67 -0.0665844
0.68 -0.174536
0.69 -0.285472
0.7 -0.38367
0.71 -0.462691
0.72 -0.526218
0.73 -0.580418
0.74 -0.625325
0.75 -0.653025
0.76 -0.651422
0.77 -0.61218
0.78 -0.538146
0.79 -0.441301
0.8 -0.335408
0.81 -0.23079
0.82 -0.132081
0.83 -0.0436375
0.84 0.0133258
0.85 0.00171072
0.86 -0.0973711
0.87 -0.268781
0.88 -0.482745
0.89 -0.715355
0.9 -0.95358
0.91 -1.18836
0.92 -1.40481
0.93 -1.58228
0.94 -1.70574
0.95 -1.77163
0.96 -1.78253
0.97 -1.73802
0.98 -1.63399
0.99 -1.47081
1 -1.25264
1.01 -0.982336
1.02 -0.664717
1.03 -0.311716
1.04 0.0566043
1.05 0.415718
1.06 0.744531
1.07 1.03404
1.08 1.28773
1.09 1.50992
1.1 1.69727
1.11 1.84353
1.12 1.94744
1.13 2.01111
1.14 2.03332
1.15 2.01039
1.16 1.94406
1.17 1.84592
1.18 1.7323
1.19 1.61547
1.2 1.50143
1.21 1.39242
1.22 1.28823
1.23 1.18464
1.24 1.07429
1.25 0.949778
1.26 0.804013
1.27 0.62832
1.28 0.408197
1.29 0.123321
1.3 -0.240471
1.31 -0.680531
1.32 -1.17441
1.33 -1.6821
1.34 -2.16105
1.35 -2.58441
1.36 -2.94571
1.37 -3.24826
1.38 -3.48662
1.39 -3.63482
1.4 -3.65245
1.41 -3.50058
1.42 -3.15559
1.43 -2.61739
1.44 -1.90909
1.45 -1.07096
1.46 -0.151268
1.47 0.801166
1.48 1.73662
1.49 2.60687
1.5 3.37565
1.51 4.0233
1.52 4.54092
1.53 4.92676
1.54 5.18422
1.55 5.3117
1.56 5.29567
1.57 5.11803
1.58 4.76748
1.59 4.24476
1.6 3.56253
1.61 2.74055
1.62 1.80058
1.63 0.768528
1.64 -0.321533
1.65 -1.42823
1.66 -2.50863
1.67 -3.5263
1.68 -4.45486
1.69 -5.27241
1.7 -5.95402
1.71 -6.46919
1.72 -6.78557
1.73 -6.88108
1.74 -6.7544
1.75 -6.41873
1.76 -5.88565
1.77 -5.16079
1.78 -4.25259
1.79 -3.18032
1.8 -1.97514
1.81 -0.674699
1.82 0.68078
1.83 2.0475
1.84 3.38012
1.85 4.636
1.86 5.77482
1.87 6.7574
1.88 7.55018
1.89 8.12988
1.9 8.48539
1.91 8.61949
1.92 8.54491
1.93 8.27654
1.94 7.82709
1.95 7.20992
1.96 6.45079
1.97 5.59375
1.98 4.69129
1.99 3.79401
2 2.94793
2.01 2.19585
2.02 1.57812
2.03 1.12668
2.04 0.854936
2.05 0.753105
2.06 0.795547
2.07 0.956385
2.08 1.21949
2.09 1.57484
2.1 2.0093
2.11 2.50321
2.12 3.03493
2.13 3.58594
2.14 4.1357
2.15 4.6512
2.16 5.08463
2.17 5.37612
2.18 5.45394
2.19 5.23743
2.2 4.65005
2.21 3.64032
2.22 2.19582
2.23 0.337803
2.24 -1.8986
2.25 -4.47935
2.26 -7.35774
2.27 -10.4313
2.28 -13.5097
2.29 -16.3268
2.3 -18.6164
2.31 -20.1619
2.32 -20.7964
2.33 -20.4031
2.34 -18.9211
2.35 -16.3535
2.36 -12.7891
2.37 -8.40232
2.38 -3.44528
2.39 1.79141
2.4 7.01888
2.41 11.9676
2.42 16.4032
2.43 20.1372
2.44 23.0289
2.45 24.9848
2.46 25.9495
2.47 25.8934
2.48 24.8267
2.49 22.8028
2.5 19.9376
2.51 16.4098
2.52 12.4372
2.53 8.23987
2.54 3.99378
2.55 -0.185292
2.56 -4.23415
2.57 -8.13025
2.58 -11.874
2.59 -15.469
2.6 -18.9027
2.61 -22.1349
2.62 -25.1075
2.63 -27.7588
2.64 -30.031
2.65 -31.8683
2.66 -33.2097
2.67 -33.9906
2.68 -34.141
2.69 -33.5817
2.7 -32.2516
2.71 -30.1087
2.72 -27.148
2.73 -23.4119
2.74 -18.9972
2.75 -14.057
2.76 -8.78847
2.77 -3.42004
2.78 1.80515
2.79 6.64928
2.8 10.8866
2.81 14.3052
2.82 16.7197
2.83 18.0024
2.84 18.1268
2.85 17.166
2.86 15.2685
2.87 12.6004
2.88 9.31399
2.89 5.54744
2.9 1.44669
2.91 -2.83567
2.92 -7.14094
2.93 -11.3104
2.94 -15.199
2.95 -18.6857
2.96 -21.6827
2.97 -24.1334
2.98 -26.0041
2.99 -27.2779
3 -27.9486
3.01 -28.0179
3.02 -27.4901
3.03 -26.3759
3.04 -24.689
3.05 -22.4561
3.06 -19.7254
3.07 -16.5656
3.08 -13.0551
3.09 -9.27028
3.1 -5.27875
3.11 -1.13782
3.12 3.10638
3.13 7.42098
3.14 11.7764
3.15 16.14
3.16 20.479
3.17 24.7584
3.18 28.9357
3.19 32.9508
3.2 36.7158
3.21 40.1137
3.22 43.0056
3.23 45.254
3.24 46.7455
3.25 47.4054
3.26 47.2038
3.27 46.1925
3.28 44.4784
3.29 42.2086
3.3 39.5318
3.31 36.5786
3.32 33.4589
3.33 30.2637
3.34 27.0812
3.35 24.0126
3.36 21.175
3.37 18.6887
3.38 16.6604
3.39 15.1759
3.4 14.2943
3.41 14.0415
3.42 14.4037
3.43 15.3154
3.44 16.6706
3.45 18.3404
3.46 20.1956
3.47 22.1305
3.48 24.0703
3.49 25.9741
3.5 27.835
3.51 29.664
3.52 31.4619
3.53 33.1922
3.54 34.7729
3.55 36.0904
3.56 37.0214
3.57 37.4596
3.58 37.3299
3.59 36.5942
3.6 35.2526
3.61 33.3365
3.62 30.9005
3.63 28.0151
3.64 24.7606
3.65 21.2206
3.66 17.4641
3.67 13.5361
3.68 9.45594
3.69 5.22438
3.7 0.851676
3.71 -3.61301
3.72 -8.07519
3.73 -12.4063
3.74 -16.4655
3.75 -20.1161
3.76 -23.2373
3.77 -25.7378
3.78 -27.5679
3.79 -28.7318
3.8 -29.2828
3.81 -29.3008
3.82 -28.8884
3.83 -28.1542
3.84 -27.2047
3.85 -26.1393
3.86 -25.0335
3.87 -23.9268
3.88 -22.822
3.89 -21.7005
3.9 -20.5416
3.91 -19.3262
3.92 -18.0391
3.93 -16.6716
3.94 -15.2254
3.95 -13.7202
3.96 -12.1918
3.97 -10.6898
3.98 -9.27714
3.99 -8.02188
4 -6.98394
4.01 -6.19434
4.02 -5.63967
4.03 -5.26923
4.04 -5.01681
4.05 -4.82687
4.06 -4.66404
4.07 -4.50374
4.08 -4.32219
4.09 -4.088
4.1 -3.76517
4.11 -3.32869
4.12 -2.77313
4.13 -2.10832
4.14 -1.34166
4.15 -0.459611
4.16 0.575817
4.17 1.81599
4.18 3.30251
4.19 5.04881
4.2 7.0346
4.21 9.20314
4.22 11.4665
4.23 13.714
4.24 15.8242
4.25 17.6822
4.26 19.1915
4.27 20.2819
4.28 20.9115
4.29 21.0564
4.3 20.6996
4.31 19.8341
4.32 18.4561
4.33 16.5755
4.34 14.219
4.35 11.4307
4.36 8.27085
4.37 4.81039
4.38 1.12917
4.39 -2.69193
4.4 -6.58097
4.41 -10.4817
4.42 -14.3571
4.43 -18.1843
4.44 -21.9478
4.45 -25.6312
4.46 -29.2073
4.47 -32.6302
4.48 -35.8249
4.49 -38.6879
4.5 -41.107
4.51 -42.9877
4.52 -44.2748
4.53 -44.9572
4.54 -45.054
4.55 -44.6089
4.56 -43.6857
4.57 -42.3479
4.58 -40.6568
4.59 -38.6673
4.6 -36.4252
4.61 -33.9628
4.62 -31.2917
4.63 -28.4022
4.64 -25.269
4.65 -21.8637
4.66 -18.1656
4.67 -14.1753
4.68 -9.93446
4.69 -5.53052
4.7 -1.08419
4.71 3.27175
4.72 7.41338
4.73 11.231
4.74 14.6293
4.75 17.5266
4.76 19.8539
4.77 21.551
4.78 22.5531
4.79 22.7845
4.8 22.1698
4.81 20.6775
4.82 18.3238
4.83 15.1698
4.84 11.2973
4.85 6.79711
4.86 1.76
4.87 -3.71005
4.88 -9.47334
4.89 -15.3567
4.9 -21.1741
4.91 -26.7571
4.92 -31.9812
4.93 -36.7794
4.94 -41.1403
4.95 -45.0869
4.96 -48.6473
4.97 -51.8384
4.98 -54.6598
4.99 -57.1011
5 -59.1498
5.01 -60.8002
5.02 -62.0599
5.03 -62.9451
5.04 -63.4727
5.05 -63.6532
5.06 -63.4883
5.07 -62.9849
5.08 -62.1493
5.09 -60.9912
5.1 -59.5256
5.11 -57.7715
5.12 -55.7514
5.13 -53.492
5.14 -51.0227
5.15 -48.3741
5.16 -45.5748
5.17 -42.651
5.18 -39.6274
5.19 -36.5281
5.2 -33.38
5.21 -30.2132
5.22 -27.059
5.23 -23.9488
5.24 -20.9081
5.25 -17.9541
5.26 -15.0936
5.27 -12.323
5.28 -9.63305
5.29 -7.0129
5.3 -4.45341
5.31 -1.9497
5.32 0.500562
5.33 2.89665
5.34 5.23661
5.35 7.51934
5.36 9.74708
5.37 11.929
5.38 14.0791
5.39 16.2093
5.4 18.3201
5.41 20.3886
5.42 22.364
5.43 24.1741
5.44 25.7382
5.45 26.9837
5.46 27.8585
5.47 28.3386
5.48 28.4288
5.49 28.1589
5.5 27.5847
5.51 26.7706
5.52 25.7846
5.53 24.696
5.54 23.5717
5.55 22.4731
5.56 21.4525
5.57 20.5502
5.58 19.7931
5.59 19.1942
5.6 18.7558
5.61 18.473
5.62 18.3365
5.63 18.336
5.64 18.4586
5.65 18.6867
5.66 18.9984
5.67 19.3641
5.68 19.7464
5.69 20.0986
5.7 20.3647
5.71 20.4853
5.72 20.4033
5.73 20.0741
5.74 19.4748
5.75 18.6078
5.76 17.4983
5.77 16.1882
5.78 14.7273
5.79 13.1648
5.8 11.5403
5.81 9.88292
5.82 8.21521
5.83 6.55883
5.84 4.94188
5.85 3.39682
5.86 1.95401
5.87 0.637118
5.88 -0.537277
5.89 -1.55442
5.9 -2.39889
5.91 -3.05626
5.92 -3.51497
5.93 -3.76895
5.94 -3.81724
5.95 -3.66572
5.96 -3.3369
5.97 -2.8714
5.98 -2.32385
5.99 -1.75174
6 -1.20658
6.01 -0.73043
6.02 -0.35272
6.03 -0.0912993
6.04 0.0431058
6.05 0.04303
6.06 -0.0991165
6.07 -0.38969
6.08 -0.82998
6.09 -1.41253
6.1 -2.11768
6.11 -2.91533
6.12 -3.76827
6.13 -4.63678
6.14 -5.48626
6.15 -6.29224
6.16 -7.04508
6.17 -7.7522
6.18 -8.43472
6.19 -9.1226
6.2 -9.84358
6.21 -10.6127
6.22 -11.4289
6.23 -12.2766
6.24 -13.1298
6.25 -13.9574
6.26 -14.7282
6.27 -15.417
6.28 -16.0048
6.29 -16.477
6.3 -16.8197
6.31 -17.0136
6.32 -17.0315
6.33 -16.8408
6.34 -16.4144
6.35 -15.7377
6.36 -14.812
6.37 -13.655
6.38 -12.297
6.39 -10.7755
6.4 -9.13056
6.41 -7.39979
6.42 -5.61512
6.43 -3.80367
6.44 -1.9892
6.45 -0.195603
6.46 1.5533
6.47 3.23585
6.48 4.83445
6.49 6.33847
6.5 7.74308
6.51 9.0462
6.52 10.2467
6.53 11.3405
6.54 12.3204
6.55 13.1766
6.56 13.8984
6.57 14.478
6.58 14.9103
6.59 15.1939
6.6 15.3302
6.61 15.3167
6.62 15.1463
6.63 14.8087
6.64 14.2989
6.65 13.6278
6.66 12.8254
6.67 11.9356
6.68 11.0076
6.69 10.0874
6.7 9.21535
6.71 8.42416
6.72 7.73809
6.73 7.17224
6.74 6.73159
6.75 6.41515
6.76 6.22246
6.77 6.15975
6.78 6.24205
6.79 6.48428
6.8 6.89111
6.81 7.4513
6.82 8.13845
6.83 8.91794
6.84 9.75399
6.85 10.6168
6.86 11.4847
6.87 12.3404
6.88 13.1703
6.89 13.9652
6.9 14.7224
6.91 15.4462
6.92 16.1433
6.93 16.8216
6.94 17.4872
6.95 18.1412
6.96 18.7763
6.97 19.3727
6.98 19.8979
6.99 20.3072
7 20.5456
7.01 20.5545
7.02 20.2814
7.03 19.6927
7.04 18.7843
7.05 17.5826
7.06 16.1392
7.07 14.5211
7.08 12.7966
7.09 11.0247
7.1 9.24639
7.11 7.48248
7.12 5.73923
7.13 4.01373
7.14 2.30065
7.15 0.592878
7.16 -1.12201
7.17 -2.86493
7.18 -4.6683
7.19 -6.57509
7.2 -8.63396
7.21 -10.8899
7.22 -13.3691
7.23 -16.0666
7.24 -18.9376
7.25 -21.8966
7.26 -24.83
7.27 -27.6142
7.28 -30.1329
7.29 -32.2899
7.3 -34.016
7.31 -35.2716
7.32 -36.0393
7.33 -36.3133
7.34 -36.0883
7.35 -35.37
7.36 -34.1692
7.37 -32.5083
7.38 -30.4242
7.39 -27.9706
7.4 -25.2142
7.41 -22.2276
7.42 -19.0831
7.43 -15.8495
7.44 -12.5962
7.45 -9.39534
7.46 -6.32449
7.47 -3.46681
7.48 -0.90605
7.49 1.27906
7.5 3.02231
7.51 4.27673
7.52 5.0153
7.53 5.2281
7.54 4.91328
7.55 4.07902
7.56 2.73598
7.57 0.901608
7.58 -1.3871
7.59 -4.06238
7.6 -7.02225
7.61 -10.1392
7.62 -13.2803
7.63 -16.3224
7.64 -19.1617
7.65 -21.7196
7.66 -23.9404
7.67 -25.7881
7.68 -27.24
7.69 -28.277
7.7 -28.8827
7.71 -29.0452
7.72 -28.7606
7.73 -28.046
7.74 -26.9373
7.75 -25.4911
7.76 -23.7805
7.77 -21.8815
7.78 -19.8624
7.79 -17.7771
7.8 -15.6657
7.81 -13.5607
7.82 -11.4902
7.83 -9.48472
7.84 -7.57707
7.85 -5.79674
7.86 -4.16366
7.87 -2.68258
7.88 -1.34562
7.89 -0.138623
7.9 0.95241
7.91 1.93508
7.92 2.81055
7.93 3.57338
7.94 4.21007
7.95 4.69705
7.96 4.99522
7.97 5.04878
7.98 4.78916
7.99 4.15246
8 3.09645
8.01 1.61407
8.02 -0.261497
8.03 -2.46062
8.04 -4.88765
8.05 -7.42995
8.06 -9.97227
8.07 -12.4106
8.08 -14.659
8.09 -16.6548
8.1 -18.3571
8.11 -19.7427
8.12 -20.803
8.13 -21.5388
8.14 -21.9574
8.15 -22.0699
8.16 -21.8892
8.17 -21.4353
8.18 -20.734
8.19 -19.8155
8.2 -18.7131
8.21 -17.4635
8.22 -16.1127
8.23 -14.7131
8.24 -13.3164
8.25 -11.9699
8.26 -10.7144
8.27 -9.58679
8.28 -8.61917
8.29 -7.83333
8.3 -7.24019
8.31 -6.84103
8.32 -6.63311
8.33 -6.6135
8.34 -6.77768
8.35 -7.11904
8.36 -7.62791
8.37 -8.2899
8.38 -9.08552
8.39 -9.98741
8.4 -10.9633
8.41 -11.9798
8.42 -13.0044
8.43 -14.0078
8.44 -14.9631
8.45 -15.8452
8.46 -16.6296
8.47 -17.2907
8.48 -17.8043
8.49 -18.1475
8.5 -18.2977
8.51 -18.2367
8.52 -17.9524
8.53 -17.4431
8.54 -16.7169
8.55 -15.7889
8.56 -14.681
8.57 -13.4199
8.58 -12.0341
8.59 -10.5484
8.6 -8.97834
8.61 -7.33136
8.62 -5.61173
8.63 -3.82434
8.64 -1.97713
8.65 -0.0770543
8.66 1.87186
8.67 3.86693
8.68 5.9035
8.69 7.9703
8.7 10.0513
8.71 12.1278
8.72 14.1796
8.73 16.1876
8.74 18.1347
8.75 20.0072
8.76 21.7952
8.77 23.4904
8.78 25.0857
8.79 26.5743
8.8 27.9485
8.81 29.201
8.82 30.3216
8.83 31.2972
8.84 32.1101
8.85 32.7355
8.86 33.1436
8.87 33.2989
8.88 33.1603
8.89 32.6964
8.9 31.8851
8.91 30.725
8.92 29.2374
8.93 27.4645
8.94 25.4643
8.95 23.3044
8.96 21.0563
8.97 18.7853
8.98 16.5402
8.99 14.3536
9 12.2476
9.01 10.2417
9.02 8.35536
9.03 6.60763
9.04 5.01993
9.05 3.61706
9.06 2.42512
9.07 1.46685
9.08 0.754998
9.09 0.292289
9.1 0.0717623
9.11 0.0778571
9.12 0.291423
9.13 0.695134
9.14 1.27568
9.15 2.02023
9.16 2.90658
9.17 3.89886
9.18 4.94768
9.19 5.99527
9.2 6.98461
9.21 7.8657
9.22 8.60197
9.23 9.17275
9.24 9.57126
9.25 9.80145
9.26 9.87143
9.27 9.78974
9.28 9.56523
9.29 9.20663
9.3 8.72647
9.31 8.14267
9.32 7.47926
9.33 6.76739
9.34 6.04245
9.35 5.34462
9.36 4.71822
9.37 4.20394
9.38 3.83102
9.39 3.61133
9.4 3.54032
9.41 3.60165
9.42 3.77048
9.43 4.02025
9.44 4.32618
9.45 4.6671
9.46 5.02768
9.47 5.39494
9.48 5.75512
9.49 6.09158
9.5 6.38316
9.51 6.60684
9.52 6.74016
9.53 6.76376
9.54 6.66329
9.55 6.42909
9.56 6.05904
9.57 5.56023
9.58 4.9496
9.59 4.25361
9.6 3.50278
9.61 2.72704
9.62 1.95132
9.63 1.19305
9.64 0.465751
9.65 -0.217078
9.66 -0.835777
9.67 -1.36021
9.68 -1.75368
9.69 -1.98037
9.7 -2.01618
9.71 -1.85622
9.72 -1.51507
9.73 -1.02173
9.74 -0.408367
9.75 0.300214
9.76 1.08849
9.77 1.94737
9.78 2.86483
9.79 3.81899
9.8 4.77809
9.81 5.70371
9.82 6.55977
9.83 7.32034
9.84 7.97468
9.85 8.52833
9.86 8.99618
9.87 9.39538
9.88 9.73822
9.89 10.0274
9.9 10.2593
9.91 10.427
9.92 10.5244
9.93 10.5496
9.94 10.5049
9.95 10.3979
9.96 10.2384
9.97 10.0308
9.98 9.77067
9.99 9.44354
10 9.03074
10.01 8.51624
10.02 7.88982
10.03 7.15172
10.04 6.31449
10.05 5.40136
10.06 4.43975
10.07 3.45152
10.08 2.4516
10.09 1.45032
10.1 0.456415
10.11 -0.519455
10.12 -1.467
10.13 -2.37857
10.14 -3.25065
10.15 -4.08535
10.16 -4.88493
10.17 -5.64593
10.18 -6.35527
10.19 -6.98977
10.2 -7.51883
10.21 -7.90454
10.22 -8.10548
10.23 -8.08199
10.24 -7.80182
10.25 -7.24833
10.26 -6.42778
10.27 -5.36987
10.28 -4.1216
10.29 -2.73272
10.3 -1.24514
10.31 0.310898
10.32 1.91487
10.33 3.54616
10.34 5.17555
10.35 6.76055
10.36 8.24993
10.37 9.59672
10.38 10.7671
10.39 11.745
10.4 12.5326
10.41 13.1425
10.42 13.5903
10.43 13.8869
10.44 14.0374
10.45 14.0464
10.46 13.9215
10.47 13.6777
10.48 13.3372
10.49 12.9286
10.5 12.4827
10.51 12.0264
10.52 11.5757
10.53 11.1341
10.54 10.6906
10.55 10.2246
10.56 9.7133
10.57 9.14226
10.58 8.51598
10.59 7.85703
10.6 7.20029
10.61 6.58363
10.62 6.03911
10.63 5.58914
10.64 5.24367
10.65 5.00285
10.66 4.86247
10.67 4.8174
10.68 4.86495
10.69 5.00378
10.7 5.23349
10.71 5.55466
10.72 5.96422
10.73 6.45311
10.74 7.00448
10.75 7.59301
10.76 8.1896
10.77 8.7652
10.78 9.29683
10.79 9.77288
10.8 10.191
10.81 10.5541
10.82 10.8641
10.83 11.1175
10.84 11.3091
10.85 11.4349
10.86 11.4982
10.87 11.5117
10.88 11.4956
10.89 11.4746
10.9 11.4715
10.91 11.5026
10.92 11.5771
10.93 11.6998
10.94 11.8749
10.95 12.1074
10.96 12.4004
10.97 12.7526
10.98 13.1533
10.99 13.583
11 14.0171
11.01 14.4293
11.02 14.7977
11.03 15.107
11.04 15.3488
11.05 15.5212
11.06 15.6248
11.07 15.6618
11.08 15.634
11.09 15.5414
11.1 15.3841
11.11 15.1636
11.12 14.8852
11.13 14.5567
11.14 14.1839
11.15 13.7692
11.16 13.3105
11.17 12.8023
11.18 12.24
11.19 11.6216
11.2 10.9519
11.21 10.2406
11.22 9.49951
11.23 8.74271
11.24 7.98428
11.25 7.23834
11.26 6.51827
11.27 5.83496
11.28 5.19914
11.29 4.62187
11.3 4.11487
11.31 3.69049
11.32 3.36024
11.33 3.13627
11.34 3.03083
11.35 3.05347
11.36 3.20884
11.37 3.49304
11.38 3.89256
11.39 4.38468
11.4 4.93865
11.41 5.52237
11.42 6.10831
11.43 6.6778
11.44 7.22252
11.45 7.7395
11.46 8.22536
11.47 8.67063
11.48 9.05813
11.49 9.36732
11.5 9.57816
11.51 9.6772
11.52 9.6624
11.53 9.54316
11.54 9.33922
11.55 9.07513
11.56 8.77423
11.57 8.45486
11.58 8.12816
11.59 7.80285
11.6 7.48976
11.61 7.20342
11.62 6.96154
11.63 6.77813
11.64 6.65782
11.65 6.59342
11.66 6.56704
11.67 6.5571
11.68 6.54256
11.69 6.50574
11.7 6.43591
11.71 6.32797
11.72 6.17989
11.73 5.98853
11.74 5.74801
11.75 5.45389
11.76 5.10704
11.77 4.71746
11.78 4.30332
11.79 3.88455
11.8 3.47837
11.81 3.09463
11.82 2.7358
11.83 2.40213
11.84 2.09585
11.85 1.82523
11.86 1.60308
11.87 1.44126
11.88 1.34731
11.89 1.32106
11.9 1.35605
11.91 1.44268
11.92 1.57052
11.93 1.73229
11.94 1.92317
11.95 2.13838
11.96 2.37252
11.97 2.6175
11.98 2.86273
11.99 3.09488
12 3.29886
12.01 3.46178
12.02 3.57405
12.03 3.63089
12.04 3.63255
12.05 3.58116
12.06 3.4803
12.07 3.33364
12.08 3.14505
12.09 2.9214
12.1 2.67312
12.11 2.41549
12.12 2.16704
12.13 1.94476
12.14 1.76125
12.15 1.62288
12.16 1.53201
12.17 1.48948
12.18 1.4953
12.19 1.55234
12.2 1.66698
12.21 1.84722
12.22 2.10069
12.23 2.43119
12.24 2.83841
12.25 3.31737
12.26 3.85786
12.27 4.4457
12.28 5.06124
12.29 5.67867
12.3 6.2678
12.31 6.79691
12.32 7.23895
12.33 7.57521
12.34 7.79652
12.35 7.90256
12.36 7.89646
12.37 7.78217
12.38 7.56326
12.39 7.24129
12.4 6.81813
12.41 6.29763
12.42 5.68763
12.43 5.00198
12.44 4.2604
12.45 3.49009
12.46 2.72408
12.47 1.99739
12.48 1.34323
12.49 0.787244
12.5 0.346475
12.51 0.0305343
12.52 -0.156766
12.53 -0.212666
12.54 -0.134271
12.55 0.081306
12.56 0.436076
12.57 0.925813
12.58 1.53769
12.59 2.24862
12.6 3.02719
12.61 3.83981
12.62 4.65395
12.63 5.44227
12.64 6.18533
12.65 6.87125
12.66 7.49505
12.67 8.0544
12.68 8.54688
12.69 8.96969
12.7 9.32004
12.71 9.59852
12.72 9.81083
12.73 9.96963
12.74 10.0971
12.75 10.2229
12.76 10.3818
12.77 10.6073
12.78 10.9234
12.79 11.3405
12.8 11.854
12.81 12.447
12.82 13.0944
12.83 13.7645
12.84 14.4215
12.85 15.027
12.86 15.5425
12.87 15.9326
12.88 16.1657
12.89 16.2161
12.9 16.0665
12.91 15.7101
12.92 15.1517
12.93 14.4058
12.94 13.4957
12.95 12.4533
12.96 11.316
12.97 10.1235
12.98 8.91161
12.99 7.70881
13 6.53706
13.01 5.41389
13.02 4.35675
13.03 3.38474
13.04 2.51618
13.05 1.76754
13.06 1.15053
13.07 0.670422
13.08 0.328354
13.09 0.122429
13.1 0.0491488
13.11 0.102821
13.12 0.273793
13.13 0.550327
13.14 0.918423
13.15 1.36286
13.16 1.86737
13.17 2.41332
13.18 2.98066
13.19 3.54686
13.2 4.08696
13.21 4.57645
13.22 4.99245
13.23 5.31575
13.24 5.53189
13.25 5.63137
13.26 5.61051
13.27 5.46927
13.28 5.21114
13.29 4.84319
13.3 4.3741
13.31 3.8148
13.32 3.17817
13.33 2.47915
13.34 1.73442
13.35 0.958953
13.36 0.164929
13.37 -0.639967
13.38 -1.45534
13.39 -2.29079
13.4 -3.16989
13.41 -4.12665
13.42 -5.19291
13.43 -6.3838
13.44 -7.68773
13.45 -9.07197
13.46 -10.497
13.47 -11.9277
13.48 -13.3383
13.49 -14.7082
13.5 -16.0174
13.51 -17.2462
13.52 -18.375
13.53 -19.3863
13.54 -20.2637
13.55 -20.9891
13.56 -21.5428
13.57 -21.9015
13.58 -22.0388
13.59 -21.9262
13.6 -21.5435
13.61 -20.8809
13.62 -19.9424
13.63 -18.7469
13.64 -17.3273
13.65 -15.7258
13.66 -13.9873
13.67 -12.1555
13.68 -10.2697
13.69 -8.36636
13.7 -6.4794
13.71 -4.64071
13.72 -2.88038
13.73 -1.22484
13.74 0.302576
13.75 1.6817
13.76 2.89418
13.77 3.92207
13.78 4.75127
13.79 5.37316
13.8 5.78593
13.81 5.99457
13.82 6.00985
13.83 5.84894
13.84 5.53405
13.85 5.0881
13.86 4.53506
13.87 3.89896
13.88 3.20452
13.89 2.47764
13.9 1.746
13.91 1.04141
13.92 0.396897
13.93 -0.156863
13.94 -0.59361
13.95 -0.894569
13.96 -1.04823
13.97 -1.05076
13.98 -0.904617
13.99 -0.614962
14 -0.188987
14.01 0.365659
14.02 1.04052
14.03 1.82337
14.04 2.69826
14.05 3.64543
14.06 4.64334
14.07 5.67158
14.08 6.71212
14.09 7.75159
14.1 8.78058
14.11 9.79168
14.12 10.7786
14.13 11.7328
14.14 12.643
14.15 13.4972
14.16 14.2835
14.17 14.9918
14.18 15.6131
14.19 16.1382
14.2 16.5578
14.21 16.8599
14.22 17.0278
14.23 17.0401
14.24 16.8739
14.25 16.5121
14.26 15.9462
14.27 15.1804
14.28 14.2328
14.29 13.1334
14.3 11.9221
14.31 10.6433
14.32 9.33833
14.33 8.04135
14.34 6.7757
14.35 5.5564
14.36 4.39442
14.37 3.2997
14.38 2.28458
14.39 1.36291
14.4 0.549243
14.41 -0.143235
14.42 -0.705347
14.43 -1.1315
14.44 -1.42061
14.45 -1.57579
14.46 -1.60277
14.47 -1.50957
14.48 -1.30546
14.49 -1.00133
14.5 -0.611181
14.51 -0.151365
14.52 0.358198
14.53 0.894744
14.54 1.43333
14.55 1.94629
14.56 2.40569
14.57 2.78461
14.58 3.06058
14.59 3.2196
14.6 3.25526
14.61 3.16843
14.62 2.966
14.63 2.65726
14.64 2.25217
14.65 1.76035
14.66 1.19365
14.67 0.568647
14.68 -0.0940268
14.69 -0.769564
14.7 -1.43171
14.71 -2.056
14.72 -2.62202
14.73 -3.11669
14.74 -3.53298
14.75 -3.86868
14.76 -4.12569
14.77 -4.30779
14.78 -4.42154
14.79 -4.47497
14.8 -4.47583
14.81 -4.43276
14.82 -4.35468
14.83 -4.25165
14.84 -4.13516
14.85 -4.0165
14.86 -3.90625
14.87 -3.81108
14.88 -3.73102
14.89 -3.6588
14.9 -3.58002
14.91 -3.47812
14.92 -3.33917
14.93 -3.1547
14.94 -2.92302
14.95 -2.64674
14.96 -2.33154
14.97 -1.98497
14.98 -1.61354
14.99 -1.22343
15 -0.821533
15.01 -0.416128
15.02 -0.0168821
15.03 0.367647
15.04 0.730049
15.05 1.06409
15.06 1.36501
15.07 1.62845
15.08 1.85169
15.09 2.03282
15.1 2.16975
15.11 2.26295
15.12 2.31708
15.13 2.34207
15.14 2.35149
15.15 2.35913
15.16 2.3784
15.17 2.42097
15.18 2.49633
15.19 2.6124
15.2 2.7752
15.21 2.98973
15.22 3.25822
15.23 3.57773
15.24 3.93919
15.25 4.32597
15.26 4.71676
15.27 5.09029
15.28 5.42946
15.29 5.72503
15.3 5.97303
15.31 6.17101
15.32 6.31489
15.33 6.39603
15.34 6.40338
15.35 6.32528
15.36 6.15293
15.37 5.88467
15.38 5.52575
15.39 5.08748
15.4 4.58522
15.41 4.03455
15.42 3.4492
15.43 2.83986
15.44 2.21624
15.45 1.58936
15.46 0.971835
15.47 0.380026
15.48 -0.167064
15.49 -0.650458
15.5 -1.05281
15.51 -1.36237
15.52 -1.57358
15.53 -1.68638
15.54 -1.70563
15.55 -1.63814
15.56 -1.49285
15.57 -1.28011
15.58 -1.01075
15.59 -0.69782
15.6 -0.356179
15.61 -0.00266794
15.62 0.344305
15.63 0.667393
15.64 0.951206
15.65 1.18376
15.66 1.35599
15.67 1.45967
15.68 1.48787
15.69 1.43414
15.7 1.29304
15.71 1.06226
15.72 0.743468
15.73 0.344329
15.74 -0.122372
15.75 -0.641138
15.76 -1.19388
15.77 -1.76232
15.78 -2.32957
15.79 -2.88086
15.8 -3.40511
15.81 -3.89355
15.82 -4.33888
15.83 -4.73488
15.84 -5.07546
15.85 -5.35591
15.86 -5.57445
15.87 -5.73443
15.88 -5.84367
15.89 -5.90941
15.9 -5.93399
15.91 -5.91104
15.92 -5.82561
15.93 -5.65949
15.94 -5.39717
15.95 -5.0324
15.96 -4.57017
15.97 -4.02418
15.98 -3.41398
15.99 -2.75925
16 -2.07749
16.01 -1.385
16.02 -0.696534
16.03 -0.0281194
16.04 0.600815
16.05 1.16851
16.06 1.65392
16.07 2.04126
16.08 2.321
16.09 2.48896
16.1 2.54575
16.11 2.49482
16.12 2.34275
16.13 2.09795
16.14 1.77021
16.15 1.37307
16.16 0.92345
16.17 0.442423
16.18 -0.044212
16.19 -0.507962
16.2 -0.91911
16.21 -1.25106
16.22 -1.48443
16.23 -1.60807
16.24 -1.61975
16.25 -1.52334
16.26 -1.32673
16.27 -1.04051
16.28 -0.675182
16.29 -0.242041
16.3 0.246273
16.31 0.77488
16.32 1.32486
16.33 1.8756
16.34 2.4061
16.35 2.89676
16.36 3.33206
16.37 3.69961
16.38 3.99073
16.39 4.20056
16.4 4.32809
16.41 4.37754
16.42 4.35705
16.43 4.27743
16.44 4.15028
16.45 3.98637
16.46 3.79687
16.47 3.59282
16.48 3.38516
16.49 3.18646
16.5 3.01006
16.51 2.86964
16.52 2.77719
16.53 2.74085
16.54 2.76574
16.55 2.85317
16.56 3.00181
16.57 3.20853
16.58 3.46703
16.59 3.76881
16.6 4.1029
16.61 4.45585
16.62 4.81305
16.63 5.1581
16.64 5.47451
16.65 5.74753
16.66 5.96517
16.67 6.11936
16.68 6.20495
16.69 6.21888
16.7 6.15948
16.71 6.02515
16.72 5.81567
16.73 5.53243
16.74 5.17904
16.75 4.76342
16.76 4.29715
16.77 3.79601
16.78 3.27928
16.79 2.7662
16.8 2.27408
16.81 1.8166
16.82 1.40293
16.83 1.03839
16.84 0.725332
16.85 0.465159
16.86 0.258306
16.87 0.104057
16.88 0.0011196
16.89 -0.054459
16.9 -0.0690944
16.91 -0.0515358
16.92 -0.0130887
16.93 0.035719
16.94 0.0866089
16.95 0.134485
16.96 0.177281
16.97 0.213087
16.98 0.239228
16.99 0.250789
17 0.241001
17.01 0.20429
17.02 0.136735
17.03 0.0373127
17.04 -0.091903
17.05 -0.247652
17.06 -0.425262
17.07 -0.620226
17.08 -0.829022
17.09 -1.04832
17.1 -1.27522
17.11 -1.50499
17.12 -1.73154
17.13 -1.95021
17.14 -2.15765
17.15 -2.35154
17.16 -2.5283
17.17 -2.68108
17.18 -2.8014
17.19 -2.88091
17.2 -2.91445
17.21 -2.90112
17.22 -2.84263
17.23 -2.74178
17.24 -2.59958
17.25 -2.41619
17.26 -2.19355
17.27 -1.93689
17.28 -1.65703
17.29 -1.36921
17.3 -1.0904
17.31 -0.83661
17.32 -0.619158
17.33 -0.444801
17.34 -0.318331
17.35 -0.245072
17.36 -0.232615
17.37 -0.288508
17.38 -0.41704
17.39 -0.616569
17.4 -0.878347
17.41 -1.18908
17.42 -1.53204
17.43 -1.88806
17.44 -2.23728
17.45 -2.55878
17.46 -2.83209
17.47 -3.03819
17.48 -3.16038
17.49 -3.18738
17.5 -3.11374
17.51 -2.94005
17.52 -2.67243
17.53 -2.32
17.54 -1.89449
17.55 -1.40948
17.56 -0.87979
17.57 -0.322262
17.58 0.244594
17.59 0.800562
17.6 1.32534
17.61 1.80054
17.62 2.21057
17.63 2.54571
17.64 2.80262
17.65 2.98238
17.66 3.08895
17.67 3.12606
17.68 3.09753
17.69 3.00827
17.7 2.86378
17.71 2.6722
17.72 2.44385
17.73 2.1898
17.74 1.92199
17.75 1.65184
17.76 1.39056
17.77 1.14935
17.78 0.938625
17.79 0.768587
17.8 0.647373
17.81 0.580059
17.82 0.568307
17.83 0.608788
17.84 0.694293
17.85 0.815431
17.86 0.963294
17.87 1.13187
17.88 1.31633
17.89 1.51084
17.9 1.70625
17.91 1.89024
17.92 2.05033
17.93 2.17519
17.94 2.25715
17.95 2.29327
17.96 2.28326
17.97 2.22882
17.98 2.13153
17.99 1.9925
18 1.81473
18.01 1.60383
18.02 1.36933
18.03 1.12342
18.04 0.878781
18.05 0.648747
18.06 0.444685
18.07 0.27478
18.08 0.145137
18.09 0.0601526
18.1 0.0238983
18.11 0.0392916
18.12 0.107116
18.13 0.226262
18.14 0.391925
18.15 0.59581
18.16 0.827178
18.17 1.07412
18.18 1.32624
18.19 1.57369
18.2 1.80682
18.21 2.0174
18.22 2.19836
18.23 2.34499
18.24 2.45473
18.25 2.52569
18.26 2.5557
18.27 2.5417
18.28 2.48164
18.29 2.37615
18.3 2.23025
18.31 2.05501
18.32 1.86414
18.33 1.66987
18.34 1.48115
18.35 1.303
18.36 1.13909
18.37 0.994313
18.38 0.87639
18.39 0.795487
18.4 0.760058
18.41 0.774564
18.42 0.838867
18.43 0.949048
18.44 1.09981
18.45 1.28403
18.46 1.49278
18.47 1.7157
18.48 1.94053
18.49 2.1544
18.5 2.34448
18.51 2.49935
18.52 2.61125
18.53 2.67521
18.54 2.68804
18.55 2.64777
18.56 2.55345
18.57 2.40737
18.58 2.21521
18.59 1.98669
18.6 1.73585
18.61 1.4779
18.62 1.22823
18.63 0.999937
18.64 0.801344
18.65 0.636845
18.66 0.507398
18.67 0.413101
18.68 0.355003
18.69 0.334581
18.7 0.354061
18.71 0.41386
18.72 0.510734
18.73 0.637988
18.74 0.785442
18.75 0.942493
18.76 1.1002
18.77 1.25206
18.78 1.39488
18.79 1.52641
18.8 1.6437
18.81 1.74163
18.82 1.81261
18.83 1.84976
18.84 1.8484
18.85 1.80709
18.86 1.72841
18.87 1.61749
18.88 1.48102
18.89 1.32495
18.9 1.15371
18.91 0.972223
18.92 0.786057
18.93 0.60275
18.94 0.431794
18.95 0.282441
18.96 0.163321
18.97 0.0806075
18.98 0.0377104
18.99 0.036511
19 0.0773223
19.01 0.160244
19.02 0.285079
19.03 0.450197
19.04 0.652305
19.05 0.885108
19.06 1.13991
19.07 1.4069
19.08 1.67601
19.09 1.93882
19.1 2.18782
19.11 2.41602
19.12 2.61799
19.13 2.78854
19.14 2.92268
19.15 3.01539
19.16 3.0618
19.17 3.05946
19.18 3.00879
19.19 2.91389
19.2 2.78209
19.21 2.62117
19.22 2.43876
19.23 2.24157
19.24 2.03555
19.25 1.82709
19.26 1.62277
19.27 1.43098
19.28 1.26154
19.29 1.12314
19.3 1.02238
19.31 0.962392
19.32 0.943612
19.33 0.964844
19.34 1.02306
19.35 1.11504
19.36 1.23739
19.37 1.38554
19.38 1.55315
19.39 1.73051
19.4 1.90623
19.41 2.06954
19.42 2.21139
19.43 2.3257
19.44 2.40796
19.45 2.45494
19.46 2.46532
19.47 2.43847
19.48 2.37536
19.49 2.27837
19.5 2.15066
19.51 1.99707
19.52 1.82396
19.53 1.6389
19.54 1.44885
19.55 1.25923
19.56 1.07525
19.57 0.900929
19.58 0.739069
19.59 0.592258
19.6 0.46277
19.61 0.353628
19.62 0.268114
19.63 0.208745
19.64 0.177399
19.65 0.174053
19.66 0.197089
19.67 0.243455
19.68 0.307852
19.69 0.384199
19.7 0.466427
19.71 0.549463
19.72 0.629939
19.73 0.70479
19.74 0.770649
19.75 0.822707
19.76 0.855213
19.77 0.863142
19.78 0.841803
19.79 0.788167
19.8 0.701399
19.81 0.582787
19.82 0.436893
19.83 0.270012
19.84 0.0896567
19.85 -0.0958847
19.86 -0.279136
19.87 -0.45173
19.88 -0.603815
19.89 -0.724809
19.9 -0.804177
19.91 -0.834219
19.92 -0.810701
19.93 -0.733097
19.94 -0.60462
19.95 -0.430507
19.96 -0.218435
19.97 0.0227561
19.98 0.284888
19.99 0.558895
20 0.834395
20.01 1.09923
20.02 1.33991
20.03 1.54396
20.04 1.7002
20.05 1.79935
20.06 1.83519
20.07 1.80492
20.08 1.71047
20.09 1.55797
20.1 1.35692
20.11 1.11911
20.12 0.856265
20.13 0.580395
20.14 0.303049
20.15 0.0341158
20.16 -0.216831
20.17 -0.440278
20.18 -0.626465
20.19 -0.766194
20.2 -0.853159
20.21 -0.884464
20.22 -0.861222
20.23 -0.788142
20.24 -0.672334
20.25 -0.522953
20.26 -0.349141
20.27 -0.159553
20.28 0.0365967
20.29 0.229501
20.3 0.408314
20.31 0.56196
20.32 0.680161
20.33 0.753999
20.34 0.777785
20.35 0.749021
20.36 0.668119
20.37 0.538388
20.38 0.364363
20.39 0.152307
20.4 -0.0895983
20.41 -0.351492
20.42 -0.621127
20.43 -0.884954
20.44 -1.12811
20.45 -1.3357
20.46 -1.49513
20.47 -1.59568
20.48 -1.62961
20.49 -1.5925
20.5 -1.48254
20.51 -1.30153
20.52 -1.05336
20.53 -0.744605
20.54 -0.385747
20.55 0.0107272
20.56 0.430331
20.57 0.857835
20.58 1.27896
20.59 1.68032
20.6 2.05099
20.61 2.38196
20.62 2.66565
20.63 2.89653
20.64 3.06985
20.65 3.18259
20.66 3.23417
20.67 3.22607
20.68 3.16226
20.69 3.04848
20.7 2.89207
20.71 2.70165
20.72 2.48606
20.73 2.25397
20.74 2.01348
20.75 1.7729
20.76 1.54149
20.77 1.32791
20.78 1.14022
20.79 0.985146
20.8 0.866999
20.81 0.788972
20.82 0.752906
20.83 0.760084
20.84 0.811598
20.85 0.906238
20.86 1.04048
20.87 1.20793
20.88 1.39936
20.89 1.6042
20.9 1.81156
20.91 2.01228
20.92 2.19897
20.93 2.36539
20.94 2.50675
20.95 2.61817
20.96 2.69485
20.97 2.73291
20.98 2.72935
20.99 2.68385
21 2.59897
21.01 2.47977
21.02 2.33403
21.03 2.17005
21.04 1.99603
21.05 1.81942
21.06 1.64666
21.07 1.48473
21.08 1.33988
21.09 1.21751
21.1 1.12304
21.11 1.06051
21.12 1.03327
21.13 1.04315
21.14 1.08954
21.15 1.17017
21.16 1.28037
21.17 1.41412
21.18 1.56436
21.19 1.72239
21.2 1.87933
21.21 2.02622
21.22 2.15417
21.23 2.25457
21.24 2.31865
21.25 2.33921
21.26 2.3109
21.27 2.2304
21.28 2.09827
21.29 1.91863
21.3 1.69888
21.31 1.44821
21.32 1.17565
21.33 0.890531
21.34 0.602324
21.35 0.32088
21.36 0.0567641
21.37 -0.179786
21.38 -0.378834
21.39 -0.532015
21.4 -0.63402
21.41 -0.682204
21.42 -0.677051
21.43 -0.621287
21.44 -0.518608
21.45 -0.373255
21.46 -0.188955
21.47 0.0296496
21.48 0.276286
21.49 0.542869
21.5 0.818324
21.51 1.09007
21.52 1.34521
21.53 1.57226
21.54 1.76334
21.55 1.91307
21.56 2.01797
21.57 2.07583
21.58 2.08443
21.59 2.0431
21.6 1.95392
21.61 1.82289
21.62 1.65986
21.63 1.47573
21.64 1.28114
21.65 1.08526
21.66 0.895646
21.67 0.719367
21.68 0.562851
21.69 0.43294
21.7 0.3362
21.71 0.277007
21.72 0.257929
21.73 0.2794
21.74 0.340322
21.75 0.439016
21.76 0.572151
21.77 0.735263
21.78 0.922153
21.79 1.1241
21.8 1.33168
21.81 1.53528
21.82 1.72622
21.83 1.89671
21.84 2.03921
21.85 2.14784
21.86 2.21781
21.87 2.2455
21.88 2.22948
21.89 2.16969
21.9 2.06774
21.91 1.92667
21.92 1.75095
21.93 1.54779
21.94 1.32631
21.95 1.09664
21.96 0.868496
21.97 0.649769
21.98 0.447015
21.99 0.265294
22 0.109099
22.01 -0.0165954
22.02 -0.107688
22.03 -0.161703
22.04 -0.178865
22.05 -0.162217
22.06 -0.116004
22.07 -0.0449792
22.08 0.0464133
22.09 0.153916
22.1 0.272878
22.11 0.398323
22.12 0.523754
22.13 0.641603
22.14 0.744801
22.15 0.826834
22.16 0.883228
22.17 0.911959
22.18 0.912704
22.19 0.886736
22.2 0.835529
22.21 0.760944
22.22 0.665804
22.23 0.55393
22.24 0.431078
22.25 0.303327
22.26 0.176342
22.27 0.0554892
22.28 -0.0561565
22.29 -0.15674
22.3 -0.244795
22.31 -0.319531
22.32 -0.379709
22.33 -0.425009
22.34 -0.456414
22.35 -0.47609
22.36 -0.488037
22.37 -0.496516
22.38 -0.505631
22.39 -0.519054
22.4 -0.539501
22.41 -0.569772
22.42 -0.6124
22.43 -0.66987
22.44 -0.744776
22.45 -0.837677
22.46 -0.947157
22.47 -1.07006
22.48 -1.20122
22.49 -1.33484
22.5 -1.46456
22.51 -1.58438
22.52 -1.68883
22.53 -1.77242
22.54 -1.83035
22.55 -1.85686
22.56 -1.84541
22.57 -1.79038
22.58 -1.68738
22.59 -1.53468
22.6 -1.33245
22.61 -1.08206
22.62 -0.787439
22.63 -0.455135
22.64 -0.0950056
22.65 0.279943
22.66 0.655497
22.67 1.01737
22.68 1.35301
22.69 1.65229
22.7 1.90675
22.71 2.11033
22.72 2.25886
22.73 2.34987
22.74 2.38355
22.75 2.36207
22.76 2.29017
22.77 2.17458
22.78 2.02284
22.79 1.84343
22.8 1.64465
22.81 1.43544
22.82 1.22607
22.83 1.02719
22.84 0.849598
22.85 0.702609
22.86 0.593172
22.87 0.526083
22.88 0.503627
22.89 0.526521
22.9 0.593937
22.91 0.70353
22.92 0.852282
22.93 1.03585
22.94 1.24858
22.95 1.48328
22.96 1.73092
22.97 1.98223
22.98 2.22785
22.99 2.45914
23 2.66969
23.01 2.85448
23.02 3.01043
23.03 3.13616
23.04 3.23046
23.05 3.29229
23.06 3.32033
23.07 3.31366
23.08 3.27315
23.09 3.20167
23.1 3.10506
23.11 2.99133
23.12 2.8688
23.13 2.74478
23.14 2.62448
23.15 2.51154
23.16 2.40833
23.17 2.31705
23.18 2.24102
23.19 2.18413
23.2 2.15074
23.21 2.14442
23.22 2.16662
23.23 2.217
23.24 2.29272
23.25 2.38943
23.26 2.50296
23.27 2.62841
23.28 2.76098
23.29 2.89605
23.3 3.02808
23.31 3.15093
23.32 3.25779
23.33 3.34202
23.34 3.39801
23.35 3.42095
23.36 3.40779
23.37 3.35683
23.38 3.26737
23.39 3.13997
23.4 2.97594
23.41 2.77878
23.42 2.5543
23.43 2.30958
23.44 2.05352
23.45 1.79509
23.46 1.54233
23.47 1.30229
23.48 1.0806
23.49 0.882608
23.5 0.713582
23.51 0.578747
23.52 0.482756
23.53 0.427833
23.54 0.413755
23.55 0.437538
23.56 0.494091
23.57 0.578166
23.58 0.683594
23.59 0.803493
23.6 0.930846
23.61 1.05836
23.62 1.17953
23.63 1.28809
23.64 1.37819
23.65 1.44519
23.66 1.48474
23.67 1.49323
23.68 1.46816
23.69 1.40838
23.7 1.31551
23.71 1.19319
23.72 1.04653
23.73 0.881837
23.74 0.705358
23.75 0.523064
23.76 0.339688
23.77 0.158956
23.78 -0.0150242
23.79 -0.178118
23.8 -0.325776
23.81 -0.453847
23.82 -0.559505
23.83 -0.641148
23.84 -0.699973
23.85 -0.739664
23.86 -0.764583
23.87 -0.778756
23.88 -0.784337
23.89 -0.782212
23.9 -0.772777
23.91 -0.755594
23.92 -0.729888
23.93 -0.69376
23.94 -0.644269
23.95 -0.578084
23.96 -0.491778
23.97 -0.383843
23.98 -0.254571
23.99 -0.104741
24 0.0642961
24.01 0.25075
24.02 0.451195
24.03 0.659872
24.04 0.869289
24.05 1.0704
24.06 1.25444
24.07 1.41391
24.08 1.54274
24.09 1.63723
24.1 1.69561
24.11 1.71757
24.12 1.70402
24.13 1.65659
24.14 1.57851
24.15 1.47359
24.16 1.34604
24.17 1.20227
24.18 1.04982
24.19 0.896919
24.2 0.751908
24.21 0.622358
24.22 0.515226
24.23 0.43599
24.24 0.38854
24.25 0.375462
24.26 0.397809
24.27 0.45575
24.28 0.547677
24.29 0.669695
24.3 0.816793
24.31 0.982315
24.32 1.15837
24.33 1.3366
24.34 1.50766
24.35 1.66207
24.36 1.79071
24.37 1.88554
24.38 1.94074
24.39 1.95205
24.4 1.91797
24.41 1.83978
24.42 1.72021
24.43 1.56368
24.44 1.3754
24.45 1.16125
24.46 0.92825
24.47 0.684381
24.48 0.438658
24.49 0.199915
24.5 -0.0238554
24.51 -0.225692
24.52 -0.400415
24.53 -0.54359
24.54 -0.651584
24.55 -0.721716
24.56 -0.75097
24.57 -0.737103
24.58 -0.679544
24.59 -0.579825
24.6 -0.442096
24.61 -0.272172
24.62 -0.0778012
24.63 0.131644
24.64 0.346351
24.65 0.555995
24.66 0.751087
24.67 0.923486
24.68 1.06605
24.69 1.17336
24.7 1.2412
24.71 1.26706
24.72 1.25044
24.73 1.19188
24.74 1.09399
24.75 0.96144
24.76 0.800436
24.77 0.618654
24.78 0.423869
24.79 0.223612
24.8 0.0250255
24.81 -0.164904
24.82 -0.338936
24.83 -0.490277
24.84 -0.612557
24.85 -0.701102
24.86 -0.75405
24.87 -0.771332
24.88 -0.755079
24.89 -0.709246
24.9 -0.638251
24.91 -0.546911
24.92 -0.439648
24.93 -0.321054
24.94 -0.19642
24.95 -0.0708104
24.96 0.0510858
24.97 0.166024
24.98 0.27258
24.99 0.370219
25 0.458802
25.01 0.537544
25.02 0.605886
25.03 0.664392
25.04 0.713657
25.05 0.754844
25.06 0.789551
25.07 0.818995
25.08 0.844078
25.09 0.865007
25.1 0.882771
25.11 0.899688
25.12 0.917704
25.13 0.938726
25.14 0.964448
25.15 0.995549
25.16 1.03194
25.17 1.07267
25.18 1.11646
25.19 1.16176
25.2 1.20663
25.21 1.24958
25.22 1.28867
25.23 1.32182
25.24 1.34751
25.25 1.36413
25.26 1.37078
25.27 1.36661
25.28 1.35098
25.29 1.32441
25.3 1.28718
25.31 1.23953
25.32 1.18159
25.33 1.11356
25.34 1.03672
25.35 0.952441
25.36 0.862649
25.37 0.770067
25.38 0.677109
25.39 0.586171
25.4 0.499186
25.41 0.417997
25.42 0.344885
25.43 0.281125
25.44 0.227115
25.45 0.182987
25.46 0.148421
25.47 0.12308
25.48 0.10603
25.49 0.0962491
25.5 0.0936522
25.51 0.0983918
25.52 0.111839
25.53 0.136202
25.54 0.172994
25.55 0.223282
25.56 0.28662
25.57 0.36122
25.58 0.445313
25.59 0.537011
25.6 0.6345
25.61 0.73554
25.62 0.837378
25.63 0.937254
25.64 1.03151
25.65 1.11611
25.66 1.18774
25.67 1.24467
25.68 1.28742
25.69 1.31711
25.7 1.33486
25.71 1.34186
25.72 1.33846
25.73 1.32515
25.74 1.30265
25.75 1.27196
25.76 1.23501
25.77 1.19421
25.78 1.15235
25.79 1.1116
25.8 1.07351
25.81 1.03957
25.82 1.01014
25.83 0.985165
25.84 0.964601
25.85 0.948148
25.86 0.936317
25.87 0.929562
25.88 0.927711
25.89 0.929787
25.9 0.933657
25.91 0.937989
25.92 0.942388
25.93 0.946804
25.94 0.952191
25.95 0.959156
25.96 0.967376
25.97 0.975444
25.98 0.980983
25.99 0.982702
26 0.980561
26.01 0.975792
26.02 0.970684
26.03 0.966528
26.04 0.963559
26.05 0.961379
26.06 0.959277
26.07 0.957238
26.08 0.955876
26.09 0.956448
26.1 0.960335
26.11 0.9684
26.12 0.981055
26.13 0.996834
26.14 1.01278
26.15 1.0263
26.16 1.03545
26.17 1.04026
26.18 1.04254
26.19 1.0439
26.2 1.04479
26.21 1.0445
26.22 1.04272
26.23 1.04002
26.24 1.03727
26.25 1.03597
26.26 1.03681
26.27 1.039
26.28 1.04082
26.29 1.03958
26.3 1.03386
26.31 1.02373
26.32 1.00978
26.33 0.99311
26.34 0.973749
26.35 0.951221
26.36 0.925427
26.37 0.896333
26.38 0.86498
26.39 0.833007
26.4 0.802213
26.41 0.774067
26.42 0.748633
26.43 0.725739
26.44 0.704879
26.45 0.684544
26.46 0.663895
26.47 0.643094
26.48 0.622931
26.49 0.604722
26.5 0.589628
26.51 0.578369
26.52 0.570174
26.53 0.563354
26.54 0.557148
26.55 0.551349
26.56 0.546215
26.57 0.542071
26.58 0.538574
26.59 0.534805
26.6 0.528688
26.61 0.517631
26.62 0.499516
26.63 0.473085
26.64 0.438657
26.65 0.39742
26.66 0.350647
26.67 0.299253
26.68 0.243376
26.69 0.183789
26.7 0.122138
26.71 0.0610413
26.72 0.00528971
26.73 -0.0395869
26.74 -0.0685812
26.75 -0.0780416
26.76 -0.0667577
26.77 -0.0350178
26.78 0.0159991
26.79 0.0847561
26.8 0.169991
26.81 0.269452
26.82 0.379542
26.83 0.49515
26.84 0.609721
26.85 0.716839
26.86 0.810537
26.87 0.886322
26.88 0.941991
26.89 0.97705
26.9 0.992449
26.91 0.989288
26.92 0.968899
26.93 0.9343
26.94 0.889983
26.95 0.841864
26.96 0.796425
26.97 0.759352
26.98 0.735997
26.99 0.730294
27 0.743509
27.01 0.774552
27.02 0.820923
27.03 0.8807
27.04 0.952013
27.05 1.032
27.06 1.11721
27.07 1.20308
27.08 1.28456
27.09 1.35698
27.1 1.41671
27.11 1.46226
27.12 1.49351
27.13 1.51087
27.14 1.51563
27.15 1.50921
27.16 1.49282
27.17 1.46712
27.18 1.43289
27.19 1.39285
27.2 1.35053
27.21 1.30963
27.22 1.27359
27.23 1.24435
27.24 1.22266
27.25 1.20785
27.26 1.19916
27.27 1.19715
27.28 1.20265
27.29 1.21641
27.3 1.23792
27.31 1.26519
27.32 1.29604
27.33 1.32789
27.34 1.35851
27.35 1.38686
27.36 1.4126
27.37 1.43583
27.38 1.45568
27.39 1.47039
27.4 1.47814
27.41 1.47704
27.42 1.46673
27.43 1.44787
27.44 1.42089
27.45 1.38599
27.46 1.34183
27.47 1.28631
27.48 1.21795
27.49 1.13578
27.5 1.04004
27.51 0.931977
27.52 0.813225
27.53 0.685851
27.54 0.551902
27.55 0.41389
27.56 0.274808
27.57 0.137993
27.58 0.00761074
27.59 -0.112797
27.6 -0.220446
27.61 -0.312964
27.62 -0.389031
27.63 -0.447136
27.64 -0.486061
27.65 -0.505852
27.66 -0.507323
27.67 -0.492372
27.68 -0.463327
27.69 -0.422686
27.7 -0.372706
27.71 -0.314677
27.72 -0.250116
27.73 -0.180725
27.74 -0.108444
27.75 -0.0359499
27.76 0.0347398
27.77 0.102221
27.78 0.165725
27.79 0.225297
27.8 0.281122
27.81 0.334037
27.82 0.384754
27.83 0.433793
27.84 0.482406
27.85 0.531295
27.86 0.580549
27.87 0.629845
27.88 0.678202
27.89 0.724984
27.9 0.769221
27.91 0.80928
27.92 0.844047
27.93 0.872603
27.94 0.894472
27.95 0.909844
27.96 0.919197
27.97 0.923302
27.98 0.922284
27.99 0.916172
28 0.905441
28.01 0.890706
28.02 0.873344
28.03 0.855057
28.04 0.838023
28.05 0.824994
28.06 0.81852
28.07 0.821021
28.08 0.834005
28.09 0.858244
28.1 0.894699
28.11 0.943291
28.12 1.00312
28.13 1.0731
28.14 1.15136
28.15 1.23603
28.16 1.32464
28.17 1.41409
28.18 1.50229
28.19 1.58817
28.2 1.67159
28.21 1.75203
28.22 1.82795
28.23 1.8978
28.24 1.95948
28.25 2.01127
28.26 2.0531
28.27 2.08555
28.28 2.10929
28.29 2.12402
28.3 2.12869
28.31 2.12265
28.32 2.10537
28.33 2.07655
28.34 2.03552
28.35 1.98049
28.36 1.90965
28.37 1.82157
28.38 1.71606
28.39 1.59418
28.4 1.45725
28.41 1.30773
28.42 1.14885
28.43 0.984282
28.44 0.818858
28.45 0.657096
28.46 0.503434
28.47 0.362666
28.48 0.238979
28.49 0.136114
28.5 0.0569994
28.51 0.00408386
28.52 -0.0210362
28.53 -0.0185894
28.54 0.0103238
28.55 0.0635133
28.56 0.137627
28.57 0.228856
28.58 0.33246
28.59 0.442741
28.6 0.553017
28.61 0.655733
28.62 0.743424
28.63 0.809125
28.64 0.847684
28.65 0.856309
28.66 0.834041
28.67 0.782058
28.68 0.702441
28.69 0.597555
28.7 0.470199
28.71 0.323469
28.72 0.161916
28.73 -0.00923132
28.74 -0.185405
28.75 -0.362277
28.76 -0.53676
28.77 -0.70708
28.78 -0.871556
28.79 -1.02838
28.8 -1.17419
28.81 -1.30439
28.82 -1.41543
28.83 -1.50523
28.84 -1.57289
28.85 -1.6174
28.86 -1.63659
28.87 -1.62708
28.88 -1.58435
28.89 -1.50432
28.9 -1.38437
28.91 -1.22399
28.92 -1.02569
28.93 -0.793788
28.94 -0.533801
28.95 -0.252837
28.96 0.0412621
28.97 0.33932
28.98 0.630942
28.99 0.905431
29 1.1521
29.01 1.36199
29.02 1.52878
29.03 1.64864
29.04 1.72015
29.05 1.74391
29.06 1.72259
29.07 1.66005
29.08 1.56076
29.09 1.43054
29.1 1.27631
29.11 1.10581
29.12 0.927161
29.13 0.748646
29.14 0.578724
29.15 0.424669
29.16 0.292607
29.17 0.187704
29.18 0.113333
29.19 0.0723983
29.2 0.0673834
29.21 0.0996417
29.22 0.16963
29.23 0.275377
29.24 0.412556
29.25 0.57515
29.26 0.755808
29.27 0.948027
29.28 1.14573
29.29 1.3429
29.3 1.53429
29.31 1.71385
29.32 1.87512
29.33 2.0124
29.34 2.12087
29.35 2.19802
29.36 2.24337
29.37 2.25811
29.38 2.24452
29.39 2.20467
29.4 2.14126
29.41 2.05772
29.42 1.95834
29.43 1.84911
29.44 1.73723
29.45 1.63065
29.46 1.53613
29.47 1.45802
29.48 1.39905
29.49 1.35994
29.5 1.34092
29.51 1.34252
29.52 1.36439
29.53 1.405
29.54 1.46044
29.55 1.52484
29.56 1.59199
29.57 1.65562
29.58 1.71047
29.59 1.75234
29.6 1.77769
29.61 1.78369
29.62 1.76781
29.63 1.72843
29.64 1.66542
29.65 1.58023
29.66 1.47634
29.67 1.35856
29.68 1.23232
29.69 1.10309
29.7 0.97453
29.71 0.848871
29.72 0.727665
29.73 0.612291
29.74 0.504808
29.75 0.407329
29.76 0.321802
29.77 0.249566
29.78 0.190425
29.79 0.143563
29.8 0.107588
29.81 0.0804667
29.82 0.0607433
29.83 0.0479048
29.84 0.0422097
29.85 0.0437358
29.86 0.0522896
29.87 0.0674121
29.88 0.0872747
29.89 0.10984
29.9 0.133857
29.91 0.158016
29.92 0.181583
29.93 0.204445
29.94 0.226654
29.95 0.248929
29.96 0.272321
29.97 0.298257
29.98 0.328495
29.99 0.364934
30 0.409841
30.01 0.464644
30.02 0.529997
30.03 0.606074
30.04 0.691661
30.05 0.784782
30.06 0.882216
30.07 0.980076
30.08 1.07542
30.09 1.16548
30.1 1.24779
30.11 1.3204
30.12 1.38116
30.13 1.42751
30.14 1.45612
30.15 1.46432
30.16 1.45124
30.17 1.41743
30.18 1.36549
30.19 1.29932
30.2 1.22286
30.21 1.13921
30.22 1.05024
30.23 0.958103
30.24 0.865816
30.25 0.77671
30.26 0.69488
30.27 0.623943
30.28 0.566651
30.29 0.525444
30.3 0.502067
30.31 0.498654
30.32 0.517437
30.33 0.559498
30.34 0.62435
30.35 0.709381
30.36 0.810924
30.37 0.924817
30.38 1.04641
30.39 1.17171
30.4 1.29673
30.41 1.41749
30.42 1.52985
30.43 1.62825
30.44 1.7067
30.45 1.75986
30.46 1.78384
30.47 1.77757
30.48 1.74129
30.49 1.67591
30.5 1.58271
30.51 1.46288
30.52 1.31893
30.53 1.15482
30.54 0.976111
30.55 0.790134
30.56 0.604446
30.57 0.426104
30.58 0.260266
30.59 0.110023
30.6 -0.0219378
30.61 -0.133093
30.62 -0.220896
30.63 -0.283353
30.64 -0.319883
30.65 -0.330714
30.66 -0.31723
30.67 -0.281906
30.68 -0.227769
30.69 -0.158861
30.7 -0.0795703
30.71 0.005413
30.72 0.0916212
30.73 0.176161
30.74 0.256955
30.75 0.332454
30.76 0.400619
30.77 0.457878
30.78 0.501105
30.79 0.528605
30.8 0.540455
30.81 0.538283
30.82 0.523366
30.83 0.496736
30.84 0.459649
30.85 0.413535
30.86 0.360499
30.87 0.303004
30.88 0.243689
30.89 0.184824
30.9 0.128013
30.91 0.0750183
30.92 0.027643
30.93 -0.011781
30.94 -0.0400565
30.95 -0.0547771
30.96 -0.05458
30.97 -0.0389669
30.98 -0.00832994
30.99 0.0369547
31 0.0969497
31.01 0.172365
31.02 0.263498
31.03 0.368769
31.04 0.48506
31.05 0.608136
31.06 0.733673
31.07 0.858189
31.08 0.978909
31.09 1.094
31.1 1.20135
31.11 1.29771
31.12 1.3797
31.13 1.44409
31.14 1.48903
31.15 1.51526
31.16 1.52492
31.17 1.52045
31.18 1.50357
31.19 1.4757
31.2 1.43929
31.21 1.39716
31.22 1.35274
31.23 1.30993
31.24 1.27194
31.25 1.24175
31.26 1.22116
31.27 1.21065
31.28 1.21045
31.29 1.22039
31.3 1.24043
31.31 1.27068
31.32 1.31066
31.33 1.35918
31.34 1.41384
31.35 1.4715
31.36 1.52903
31.37 1.58372
31.38 1.6336
31.39 1.67708
31.4 1.71314
31.41 1.74132
31.42 1.76119
31.43 1.7726
31.44 1.77571
31.45 1.77146
31.46 1.7614
31.47 1.74636
31.48 1.7269
31.49 1.70351
31.5 1.67655
31.51 1.64712
31.52 1.61717
31.53 1.58888
31.54 1.56366
31.55 1.54154
31.56 1.522
31.57 1.50378
31.58 1.48538
31.59 1.46591
31.6 1.44396
31.61 1.41832
31.62 1.38805
31.63 1.35152
31.64 1.30731
31.65 1.25422
31.66 1.19192
31.67 1.12135
31.68 1.04318
31.69 0.958559
31.7 0.869538
31.71 0.778117
31.72 0.68638
31.73 0.596149
31.74 0.508929
31.75 0.426218
31.76 0.349944
31.77 0.282328
31.78 0.224752
31.79 0.178074
31.8 0.142317
31.81 0.116112
31.82 0.0978959
31.83 0.0857842
31.84 0.0777514
31.85 0.072847
31.86 0.0703731
31.87 0.0696022
31.88 0.0702074
31.89 0.0718306
31.9 0.0740525
31.91 0.0759968
31.92 0.0770331
31.93 0.0771443
31.94 0.0760573
31.95 0.0743595
31.96 0.0736101
31.97 0.0747966
31.98 0.0785111
31.99 0.085312
32 0.0959937
32.01 0.111662
32.02 0.133544
32.03 0.162889
32.04 0.20021
32.05 0.245915
32.06 0.300338
32.07 0.362857
32.08 0.43302
32.09 0.510101
32.1 0.59257
32.11 0.678682
32.12 0.765399
32.13 0.849099
32.14 0.926482
32.15 0.994543
32.16 1.05188
32.17 1.09837
32.18 1.13453
32.19 1.16128
32.2 1.17871
32.21 1.1862
32.22 1.18331
32.23 1.1704
32.24 1.14886
32.25 1.1205
32.26 1.08776
32.27 1.05309
32.28 1.01809
32.29 0.984319
32.3 0.953493
32.31 0.927681
32.32 0.909318
32.33 0.90023
32.34 0.902
32.35 0.915504
32.36 0.940576
32.37 0.976876
32.38 1.02308
32.39 1.0775
32.4 1.13889
32.41 1.20579
32.42 1.27674
32.43 1.35008
32.44 1.42396
32.45 1.49647
32.46 1.56523
32.47 1.62851
32.48 1.68521
32.49 1.73432
32.5 1.77544
32.51 1.80805
32.52 1.83166
32.53 1.84638
32.54 1.8524
32.55 1.8505
32.56 1.84138
32.57 1.82529
32.58 1.80269
32.59 1.77403
32.6 1.7398
32.61 1.70015
32.62 1.65456
32.63 1.60303
32.64 1.54623
32.65 1.48499
32.66 1.42051
32.67 1.35412
32.68 1.28713
32.69 1.22051
32.7 1.15501
32.71 1.09165
32.72 1.03106
32.73 0.974186
32.74 0.922206
32.75 0.875534
32.76 0.83403
32.77 0.796851
32.78 0.763577
32.79 0.734768
32.8 0.7105
32.81 0.690269
32.82 0.672743
32.83 0.656013
32.84 0.638126
32.85 0.616609
32.86 0.589574
32.87 0.556082
32.88 0.515514
32.89 0.467513
32.9 0.410925
32.91 0.34367
32.92 0.263699
32.93 0.169484
32.94 0.0608873
32.95 -0.061422
32.96 -0.196464
32.97 -0.342875
32.98 -0.499528
32.99 -0.664645
33 -0.83557
33.01 -1.00898
33.02 -1.18016
33.03 -1.34337
33.04 -1.4919
33.05 -1.6187
33.06 -1.71739
33.07 -1.78257
33.08 -1.81082
33.09 -1.80054
33.1 -1.75127
33.11 -1.66384
33.12 -1.53971
33.13 -1.38145
33.14 -1.19339
33.15 -0.980601
33.16 -0.749125
33.17 -0.505396
33.18 -0.255397
33.19 -0.00497228
33.2 0.240287
33.21 0.474461
33.22 0.691092
33.23 0.883967
33.24 1.04718
33.25 1.17569
33.26 1.26617
33.27 1.31702
33.28 1.32857
33.29 1.30259
33.3 1.24226
33.31 1.15196
33.32 1.03629
33.33 0.900568
33.34 0.75115
33.35 0.595227
33.36 0.440741
33.37 0.295247
33.38 0.166223
33.39 0.0608595
33.4 -0.0149522
33.41 -0.0566194
33.42 -0.0617223
33.43 -0.0294413
33.44 0.0400481
33.45 0.144443
33.46 0.279883
33.47 0.441579
33.48 0.623807
33.49 0.820353
33.5 1.0246
33.51 1.23042
33.52 1.43197
33.53 1.6229
33.54 1.79751
33.55 1.95091
33.56 2.0792
33.57 2.18027
33.58 2.25353
33.59 2.29976
33.6 2.32049
33.61 2.3177
33.62 2.29356
33.63 2.25014
33.64 2.19048
33.65 2.11859
33.66 2.03856
33.67 1.95492
33.68 1.87179
33.69 1.79277
33.7 1.72112
33.71 1.65855
33.72 1.60585
33.73 1.56376
33.74 1.53264
33.75 1.51233
33.76 1.50143
33.77 1.49786
33.78 1.49909
33.79 1.50184
33.8 1.50302
33.81 1.49925
33.82 1.48722
33.83 1.46489
33.84 1.43068
33.85 1.38395
33.86 1.32496
33.87 1.25424
33.88 1.17336
33.89 1.08476
33.9 0.991154
33.91 0.895338
33.92 0.800202
33.93 0.708822
33.94 0.624019
33.95 0.548498
33.96 0.484814
33.97 0.434736
33.98 0.399584
33.99 0.380106
34 0.375856
34.01 0.385726
34.02 0.407853
34.03 0.439883
34.04 0.479263
34.05 0.522885
34.06 0.567415
34.07 0.609141
34.08 0.644671
34.09 0.671468
34.1 0.687119
34.11 0.69012
34.12 0.679881
34.13 0.655824
34.14 0.618213
34.15 0.568004
34.16 0.506645
34.17 0.436531
34.18 0.360419
34.19 0.281495
34.2 0.202966
34.21 0.127824
34.22 0.0591363
34.23 -0.00060797
34.24 -0.0492243
34.25 -0.0849458
34.26 -0.106807
34.27 -0.114158
34.28 -0.106806
34.29 -0.0842518
34.3 -0.0454715
34.31 0.00963406
34.32 0.0804311
34.33 0.16564
34.34 0.262663
34.35 0.368114
34.36 0.478679
34.37 0.591595
34.38 0.704128
34.39 0.813342
34.4 0.916417
34.41 1.01003
34.42 1.09064
34.43 1.15513
34.44 1.20051
34.45 1.2242
34.46 1.22447
34.47 1.20075
34.48 1.15402
34.49 1.08658
34.5 1.00166
34.51 0.903297
34.52 0.796104
34.53 0.684991
34.54 0.574846
34.55 0.471056
34.56 0.379228
34.57 0.304464
34.58 0.251622
34.59 0.223981
34.6 0.222962
34.61 0.24915
34.62 0.301773
34.63 0.379368
34.64 0.479888
34.65 0.599803
34.66 0.734455
34.67 0.878166
34.68 1.02456
34.69 1.16711
34.7 1.29954
34.71 1.41685
34.72 1.51503
34.73 1.59043
34.74 1.64037
34.75 1.66301
34.76 1.65775
34.77 1.62494
34.78 1.56519
34.79 1.47983
34.8 1.37046
34.81 1.23955
34.82 1.09128
34.83 0.931145
34.84 0.766495
34.85 0.605438
34.86 0.455065
34.87 0.321002
34.88 0.206379
34.89 0.111981
34.9 0.0381661
34.91 -0.0133738
34.92 -0.0385594
34.93 -0.0330009
34.94 0.00477923
34.95 0.0723826
34.96 0.164103
34.97 0.272854
34.98 0.391561
34.99 0.514781
35 0.6403
35.01 0.76717
35.02 0.89321
35.03 1.01334
35.04 1.11973
35.05 1.20508
35.06 1.26511
35.07 1.29928
35.08 1.30993
35.09 1.29947
35.1 1.26885
35.11 1.2177
35.12 1.1457
35.13 1.05423
35.14 0.946842
35.15 0.828954
35.16 0.706858
35.17 0.586093
35.18 0.471105
35.19 0.365661
35.2 0.273621
35.21 0.199414
35.22 0.147361
35.23 0.120972
35.24 0.121783
35.25 0.148753
35.26 0.199733
35.27 0.272341
35.28 0.364284
35.29 0.472968
35.3 0.594573
35.31 0.724387
35.32 0.857004
35.33 0.986835
35.34 1.109
35.35 1.21932
35.36 1.31494
35.37 1.39397
35.38 1.45443
35.39 1.49415
35.4 1.51137
35.41 1.50589
35.42 1.47863
35.43 1.43079
35.44 1.36467
35.45 1.28287
35.46 1.1882
35.47 1.08451
35.48 0.976338
35.49 0.868836
35.5 0.766514
35.51 0.672804
35.52 0.591641
35.53 0.527168
35.54 0.482808
35.55 0.46069
35.56 0.46144
35.57 0.484952
35.58 0.530123
35.59 0.595145
35.6 0.677964
35.61 0.775253
35.62 0.882608
35.63 0.994689
35.64 1.10547
35.65 1.20958
35.66 1.30214
35.67 1.37843
35.68 1.43466
35.69 1.46794
35.7 1.47627
35.71 1.45833
35.72 1.41405
35.73 1.34533
35.74 1.25512
35.75 1.14699
35.76 1.0247
35.77 0.891729
35.78 0.751569
35.79 0.608468
35.8 0.468893
35.81 0.34054
35.82 0.229696
35.83 0.140203
35.84 0.0727709
35.85 0.0267125
35.86 0.00286191
35.87 0.00398127
35.88 0.0337385
35.89 0.0940815
35.9 0.183312
35.91 0.296976
35.92 0.429212
35.93 0.574347
35.94 0.727354
35.95 0.883592
35.96 1.03944
35.97 1.1913
35.98 1.33469
35.99 1.46427
36 1.57384
36.01 1.65791
36.02 1.71313
36.03 1.73901
36.04 1.73716
36.05 1.70957
36.06 1.6583
36.07 1.58528
36.08 1.49245
36.09 1.38299
36.1 1.26162
36.11 1.13429
36.12 1.00766
36.13 0.88812
36.14 0.781471
36.15 0.69213
36.16 0.622293
36.17 0.573272
36.18 0.54631
36.19 0.542606
36.2 0.563219
36.21 0.608252
36.22 0.676354
36.23 0.763996
36.24 0.866387
36.25 0.979338
36.26 1.09897
36.27 1.22153
36.28 1.34299
36.29 1.45822
36.3 1.56144
36.31 1.64699
36.32 1.71117
36.33 1.75269
36.34 1.77093
36.35 1.76553
36.36 1.73616
36.37 1.68297
36.38 1.60766
36.39 1.5132
36.4 1.40396
36.41 1.28501
36.42 1.16029
36.43 1.03292
36.44 0.905995
36.45 0.783742
36.46 0.671918
36.47 0.576176
36.48 0.50131
36.49 0.449994
36.5 0.422178
36.51 0.416474
36.52 0.43101
36.53 0.46468
36.54 0.516972
36.55 0.586681
36.56 0.67151
36.57 0.76661
36.58 0.864803
36.59 0.958746
36.6 1.042
36.61 1.10999
36.62 1.15945
36.63 1.1874
36.64 1.19171
36.65 1.17105
36.66 1.12517
36.67 1.05469
36.68 0.960667
36.69 0.845687
36.7 0.713695
36.71 0.569839
36.72 0.420242
36.73 0.270959
36.74 0.127777
36.75 -0.00444195
36.76 -0.121585
36.77 -0.219706
36.78 -0.296229
36.79 -0.349835
36.8 -0.380045
36.81 -0.387919
36.82 -0.375508
36.83 -0.345429
36.84 -0.30076
36.85 -0.244572
36.86 -0.180264
36.87 -0.111986
36.88 -0.0445456
36.89 0.0174636
36.9 0.0712217
36.91 0.115974
36.92 0.152916
36.93 0.184657
36.94 0.214079
36.95 0.244048
36.96 0.276403
36.97 0.311841
36.98 0.350545
36.99 0.392021
37 0.435787
37.01 0.481331
37.02 0.527867
37.03 0.574822
37.04 0.621138
37.05 0.664861
37.06 0.704012
37.07 0.737495
37.08 0.765585
37.09 0.789031
37.1 0.80834
37.11 0.824114
37.12 0.836866
37.13 0.847649
37.14 0.857969
37.15 0.868823
37.16 0.880806
37.17 0.893382
37.18 0.905363
37.19 0.915768
37.2 0.923439
37.21 0.927845
37.22 0.928546
37.23 0.924513
37.24 0.915153
37.25 0.900492
37.26 0.88149
37.27 0.859973
37.28 0.838577
37.29 0.821081
37.3 0.810934
37.31 0.810618
37.32 0.821757
37.33 0.844625
37.34 0.878583
37.35 0.922192
37.36 0.973183
37.37 1.02893
37.38 1.08671
37.39 1.14417
37.4 1.19873
37.41 1.24747
37.42 1.28826
37.43 1.31951
37.44 1.34001
37.45 1.34889
37.46 1.34488
37.47 1.32747
37.48 1.29695
37.49 1.25371
37.5 1.19856
37.51 1.13228
37.52 1.05585
37.53 0.971055
37.54 0.879784
37.55 0.78379
37.56 0.684879
37.57 0.585536
37.58 0.489056
37.59 0.398968
37.6 0.318988
37.61 0.252374
37.62 0.201339
37.63 0.167362
37.64 0.15069
37.65 0.150295
37.66 0.164595
37.67 0.191493
37.68 0.228313
37.69 0.271561
37.7 0.317459
37.71 0.362342
37.72 0.402687
37.73 0.435655
37.74 0.45873
37.75 0.469972
37.76 0.468803
37.77 0.455268
37.78 0.430292
37.79 0.395996
37.8 0.355264
37.81 0.312065
37.82 0.270955
37.83 0.236615
37.84 0.213306
37.85 0.204564
37.86 0.213762
37.87 0.242905
37.88 0.291759
37.89 0.358906
37.9 0.441996
37.91 0.538086
37.92 0.644154
37.93 0.756865
37.94 0.872543
37.95 0.98701
37.96 1.09641
37.97 1.19733
37.98 1.28623
37.99 1.36052
38 1.41863
38.01 1.45918
38.02 1.48148
38.03 1.48541
38.04 1.47135
38.05 1.44025
38.06 1.39378
38.07 1.3351
38.08 1.268
38.09 1.19654
38.1 1.1251
38.11 1.05748
38.12 0.996795
38.13 0.945284
38.14 0.904277
38.15 0.874908
38.16 0.857951
38.17 0.854309
38.18 0.864774
38.19 0.889013
38.2 0.925405
38.21 0.97145
38.22 1.0251
38.23 1.08486
38.24 1.14873
38.25 1.21504
38.26 1.28173
38.27 1.34537
38.28 1.40259
38.29 1.45047
38.3 1.48685
38.31 1.51081
38.32 1.52144
38.33 1.51767
38.34 1.49831
38.35 1.46243
38.36 1.41029
38.37 1.34321
38.38 1.2635
38.39 1.17404
38.4 1.07755
38.41 0.976335
38.42 0.87239
38.43 0.768439
38.44 0.66795
38.45 0.574921
38.46 0.493827
38.47 0.42794
38.48 0.378842
38.49 0.347317
38.5 0.333506
38.51 0.337541
38.52 0.359186
38.53 0.396975
38.54 0.448408
38.55 0.509976
38.56 0.57747
38.57 0.646623
38.58 0.713826
38.59 0.776691
38.6 0.833595
38.61 0.883056
38.62 0.92351
38.63 0.953254
38.64 0.970828
38.65 0.975037
38.66 0.965362
38.67 0.942394
38.68 0.90682
38.69 0.859516
38.7 0.802315
38.71 0.73752
38.72 0.668228
38.73 0.597967
38.74 0.529853
38.75 0.466803
38.76 0.410981
38.77 0.363706
38.78 0.326315
38.79 0.300444
38.8 0.287159
38.81 0.286239
38.82 0.296623
38.83 0.316342
38.84 0.342827
38.85 0.374041
38.86 0.408669
38.87 0.445754
38.88 0.484167
38.89 0.521909
38.9 0.556799
38.91 0.587181
38.92 0.611701
38.93 0.629789
38.94 0.641945
38.95 0.649807
38.96 0.655356
38.97 0.659808
38.98 0.664276
38.99 0.669845
39 0.67772
39.01 0.689537
39.02 0.706562
39.03 0.729599
39.04 0.758675
39.05 0.793047
39.06 0.831978
39.07 0.874741
39.08 0.921027
39.09 0.970569
39.1 1.02212
39.11 1.07391
39.12 1.12353
39.13 1.16823
39.14 1.20573
39.15 1.23415
39.16 1.25241
39.17 1.25931
39.18 1.25301
39.19 1.23242
39.2 1.19695
39.21 1.14627
39.22 1.08114
39.23 1.00332
39.24 0.915858
39.25 0.822458
39.26 0.726907
39.27 0.632973
39.28 0.543524
39.29 0.461272
39.3 0.389027
39.31 0.32864
39.32 0.281349
39.33 0.247738
39.34 0.227752
39.35 0.22127
39.36 0.228317
39.37 0.249122
39.38 0.28305
39.39 0.328155
39.4 0.381663
39.41 0.440294
39.42 0.501247
39.43 0.562385
39.44 0.621982
39.45 0.678595
39.46 0.729898
39.47 0.772801
39.48 0.804775
39.49 0.824156
39.5 0.830873
39.51 0.826323
39.52 0.812199
39.53 0.790183
39.54 0.761485
39.55 0.726995
39.56 0.687653
39.57 0.644994
39.58 0.601807
39.59 0.560806
39.6 0.523897
39.61 0.492385
39.62 0.466815
39.63 0.448226
39.64 0.438627
39.65 0.44009
39.66 0.454133
39.67 0.480963
39.68 0.519661
39.69 0.568651
39.7 0.626032
39.71 0.690384
39.72 0.760246
39.73 0.833853
39.74 0.908879
39.75 0.981815
39.76 1.04938
39.77 1.10888
39.78 1.15813
39.79 1.1962
39.8 1.2225
39.81 1.23631
39.82 1.23697
39.83 1.22383
39.84 1.19762
39.85 1.16016
39.86 1.11331
39.87 1.05888
39.88 0.997871
39.89 0.930996
39.9 0.859579
39.91 0.785556
39.92 0.711489
39.93 0.63977
39.94 0.572686
39.95 0.512149
39.96 0.459567
39.97 0.416501
39.98 0.38374
39.99 0.361228
40 0.348999
40.01 0.346765
40.02 0.353617
40.03 0.367713
40.04 0.386436
40.05 0.407829
40.06 0.430625
40.07 0.454125
40.08 0.478066
40.09 0.501641
40.1 0.523936
40.11 0.54374
40.12 0.559536
40.13 0.57081
40.14 0.577964
40.15 0.58228
40.16 0.58552
40.17 0.588678
40.18 0.59203
40.19 0.595401
40.2 0.598909
40.21 0.603443
40.22 0.609932
40.23 0.619081
40.24 0.631137
40.25 0.646108
40.26 0.663782
40.27 0.683642
40.28 0.705475
40.29 0.728751
40.3 0.752076
40.31 0.773656
40.32 0.791343
40.33 0.803451
40.34 0.809314
40.35 0.808618
40.36 0.801177
40.37 0.78644
40.38 0.764037
40.39 0.734747
40.4 0.700055
40.41 0.662353
40.42 0.624532
40.43 0.588965
40.44 0.557819
40.45 0.533253
40.46 0.517728
40.47 0.514098
40.48 0.524493
40.49 0.54968
40.5 0.588865
40.51 0.640244
40.52 0.701732
40.53 0.770963
40.54 0.845951
40.55 0.925192
40.56 1.00713
40.57 1.09
40.58 1.17161
40.59 1.2498
40.6 1.32305
40.61 1.39016
40.62 1.45006
40.63 1.50139
40.64 1.54271
40.65 1.57353
40.66 1.59366
40.67 1.60277
40.68 1.6008
40.69 1.58792
40.7 1.56528
40.71 1.5346
40.72 1.49755
40.73 1.45592
40.74 1.41113
40.75 1.36452
40.76 1.31782
40.77 1.27259
40.78 1.23021
40.79 1.19205
40.8 1.15968
40.81 1.13417
40.82 1.11551
40.83 1.10359
40.84 1.09823
40.85 1.09894
40.86 1.10576
40.87 1.1189
40.88 1.13783
40.89 1.16085
40.9 1.18595
40.91 1.21129
40.92 1.23422
40.93 1.25225
40.94 1.26386
40.95 1.26542
40.96 1.25145
