0.01 0.00217647
0.02 0.00533734
0.03 -0.00117237
0.04 -0.0264542
0.05 -0.0689875
0.06 -0.117841
0.07 -0.157901
0.08 -0.178499
0.09 -0.178541
0.1 -0.163232
0.11 -0.138012
0.12 -0.106889
0.13 -0.0740854
0.14 -0.046046
0.15 -0.0289778
0.16 -0.0231566
0.17 -0.0225874
0.18 -0.0218222
0.19 -0.0219811
0.2 -0.0288552
0.21 -0.0453845
0.22 -0.0671989
0.23 -0.0861119
0.24 -0.0973699
0.25 -0.102368
0.26 -0.105291
0.27 -0.110383
0.28 -0.121774
0.29 -0.141132
0.3 -0.165795
0.31 -0.191086
0.32 -0.211243
0.33 -0.220387
0.34 -0.21785
0.35 -0.208525
0.36 -0.195743
0.37 -0.177516
0.38 -0.151368
0.39 -0.119881
0.4 -0.0887399
0.41 -0.0621326
0.42 -0.0425818
0.43 -0.0330274
0.44 -0.0356179
0.45 -0.0498086
0.46 -0.0734916
0.47 -0.103818
0.48 -0.135865
0.49 -0.161772
0.5 -0.173615
0.51 -0.170267
0.52 -0.158851
0.53 -0.145692
0.54 -0.130621
0.55 -0.111009
0.56 -0.0862419
0.57 -0.0573769
0.58 -0.0245423
0.59 0.0123316
0.6 0.0506078
0.61 0.0861589
0.62 0.115718
0.63 0.133386
0.64 0.129075
0.65 0.0943941
0.66 0.025158
0.67 -0.0781003
0.68 -0.204741
0.69 -0.334882
0.7 -0.450076
0.71 -0.542769
0.72 -0.617279
0.73 -0.680842
0.74 -0.733497
0.75 -0.765962
0.76 -0.764049
0.77 -0.717984
0.78 -0.631111
0.79 -0.517486
0.8 -0.393252
0.81 -0.27052
0.82 -0.15472
0.83 -0.0509639
0.84 0.0158616
0.85 0.00223558
0.86 -0.114001
0.87 -0.315087
0.88 -0.566089
0.89 -0.838948
0.9 -1.11836
0.91 -1.39366
0.92 -1.64737
0.93 -1.85527
0.94 -1.99974
0.95 -2.07664
0.96 -2.08905
0.97 -2.0365
0.98 -1.9142
0.99 -1.72258
1 -1.46654
1.01 -1.14939
1.02 -0.776773
1.03 -0.362655
1.04 0.0694281
1.05 0.490677
1.06 0.876296
1.07 1.21569
1.08 1.5129
1.09 1.77303
1.1 1.99218
1.11 2.16305
1.12 2.28421
1.13 2.3582
1.14 2.3836
1.15 2.35613
1.16 2.27785
1.17 2.16237
1.18 2.02881
1.19 1.89158
1.2 1.75766
1.21 1.62969
1.22 1.5074
1.23 1.38584
1.24 1.25635
1.25 1.11027
1.26 0.939267
1.27 0.733156
1.28 0.474922
1.29 0.140728
1.3 -0.286016
1.31 -0.802138
1.32 -1.38118
1.33 -1.97605
1.34 -2.53673
1.35 -3.03179
1.36 -3.45378
1.37 -3.80672
1.38 -4.0844
1.39 -4.25647
1.4 -4.27562
1.41 -4.09635
1.42 -3.69099
1.43 -3.05934
1.44 -2.22836
1.45 -1.24513
1.46 -0.166348
1.47 0.950233
1.48 2.04573
1.49 3.06342
1.5 3.96118
1.51 4.71655
1.52 5.31953
1.53 5.76835
1.54 6.06715
1.55 6.21408
1.56 6.19329
1.57 5.98353
1.58 5.57151
1.59 4.95796
1.6 4.15755
1.61 3.19325
1.62 2.09064
1.63 0.88057
1.64 -0.39621
1.65 -1.69072
1.66 -2.95283
1.67 -4.14046
1.68 -5.22332
1.69 -6.17615
1.7 -6.97001
1.71 -7.56934
1.72 -7.93635
1.73 -8.04525
1.74 -7.89448
1.75 -7.49943
1.76 -6.87349
1.77 -6.02299
1.78 -4.95755
1.79 -3.69971
1.8 -2.28664
1.81 -0.76358
1.82 0.821598
1.83 2.41788
1.84 3.97295
1.85 5.43762
1.86 6.76516
1.87 7.91
1.88 8.83309
1.89 9.50727
1.9 9.91962
1.91 10.0734
1.92 9.98348
1.93 9.66714
1.94 9.13912
1.95 8.41483
1.96 7.52423
1.97 6.51881
1.98 5.46029
1.99 4.40847
2 3.41778
2.01 2.53843
2.02 1.8173
2.03 1.2913
2.04 0.975713
2.05 0.858832
2.06 0.91053
2.07 1.10052
2.08 1.40997
2.09 1.82726
2.1 2.33711
2.11 2.91657
2.12 3.54035
2.13 4.18675
2.14 4.83157
2.15 5.43596
2.16 5.94371
2.17 6.28466
2.18 6.3749
2.19 6.12009
2.2 5.43064
2.21 4.24605
2.22 2.55151
2.23 0.373032
2.24 -2.24512
2.25 -5.26109
2.26 -8.6212
2.27 -12.2073
2.28 -15.798
2.29 -19.0896
2.3 -21.7665
2.31 -23.567
2.32 -24.2996
2.33 -23.8329
2.34 -22.0929
2.35 -19.0806
2.36 -14.9018
2.37 -9.77094
2.38 -3.98331
2.39 2.12869
2.4 8.2316
2.41 14.012
2.42 19.1941
2.43 23.5554
2.44 26.9306
2.45 29.2091
2.46 30.3262
2.47 30.2533
2.48 28.9993
2.49 26.6246
2.5 23.2636
2.51 19.1313
2.52 14.4886
2.53 9.58843
2.54 4.63208
2.55 -0.246846
2.56 -4.97497
2.57 -9.52586
2.58 -13.8997
2.59 -18.1001
2.6 -22.1119
2.61 -25.8879
2.62 -29.3602
2.63 -32.4566
2.64 -35.1082
2.65 -37.2496
2.66 -38.8102
2.67 -39.7139
2.68 -39.8797
2.69 -39.2205
2.7 -37.6593
2.71 -35.1453
2.72 -31.6733
2.73 -27.3004
2.74 -22.1429
2.75 -16.3748
2.76 -10.2232
2.77 -3.95383
2.78 2.14908
2.79 7.80679
2.8 12.7546
2.81 16.7441
2.82 19.558
2.83 21.0467
2.84 21.1798
2.85 20.0493
2.86 17.8227
2.87 14.6927
2.88 10.8414
2.89 6.43751
2.9 1.64914
2.91 -3.34986
2.92 -8.37592
2.93 -13.2441
2.94 -17.7845
2.95 -21.8553
2.96 -25.3535
2.97 -28.2128
2.98 -30.3937
2.99 -31.8762
3 -32.6529
3.01 -32.726
3.02 -32.104
3.03 -30.796
3.04 -28.8169
3.05 -26.1977
3.06 -22.9985
3.07 -19.3041
3.08 -15.2046
3.09 -10.7862
3.1 -6.12626
3.11 -1.29101
3.12 3.66597
3.13 8.70616
3.14 13.7947
3.15 18.8933
3.16 23.9634
3.17 28.963
3.18 33.8426
3.19 38.5333
3.2 42.9324
3.21 46.9014
3.22 50.2763
3.23 52.8954
3.24 54.6259
3.25 55.3817
3.26 55.1397
3.27 53.9512
3.28 51.94
3.29 49.2771
3.3 46.1396
3.31 42.6853
3.32 39.0419
3.33 35.3124
3.34 31.5983
3.35 28.0172
3.36 24.7058
3.37 21.805
3.38 19.4395
3.39 17.71
3.4 16.6856
3.41 16.3967
3.42 16.8253
3.43 17.8962
3.44 19.4862
3.45 21.4451
3.46 23.6204
3.47 25.8857
3.48 28.1525
3.49 30.3749
3.5 32.5462
3.51 34.68
3.52 36.7778
3.53 38.7965
3.54 40.6405
3.55 42.1765
3.56 43.2605
3.57 43.7678
3.58 43.6114
3.59 42.7464
3.6 41.1722
3.61 38.9241
3.62 36.0674
3.63 32.6895
3.64 28.8864
3.65 24.7526
3.66 20.3668
3.67 15.7798
3.68 11.0141
3.69 6.07029
3.7 0.960727
3.71 -4.25649
3.72 -9.47034
3.73 -14.5303
3.74 -19.2717
3.75 -23.5347
3.76 -27.1778
3.77 -30.094
3.78 -32.2252
3.79 -33.5762
3.8 -34.2097
3.81 -34.224
3.82 -33.7375
3.83 -32.875
3.84 -31.7609
3.85 -30.5109
3.86 -29.2137
3.87 -27.9161
3.88 -26.6221
3.89 -25.3104
3.9 -23.9563
3.91 -22.537
3.92 -21.0345
3.93 -19.4383
3.94 -17.7503
3.95 -15.9936
3.96 -14.21
3.97 -12.4574
3.98 -10.8094
3.99 -9.34559
4 -8.13593
4.01 -7.21658
4.02 -6.57171
4.03 -6.14185
4.04 -5.84951
4.05 -5.6297
4.06 -5.44115
4.07 -5.25515
4.08 -5.04393
4.09 -4.77074
4.1 -4.39345
4.11 -3.88285
4.12 -3.23277
4.13 -2.45493
4.14 -1.55814
4.15 -0.526575
4.16 0.684274
4.17 2.13457
4.18 3.8729
4.19 5.91479
4.2 8.23625
4.21 10.7708
4.22 13.4153
4.23 16.0406
4.24 18.5044
4.25 20.6724
4.26 22.432
4.27 23.701
4.28 24.4305
4.29 24.5927
4.3 24.1711
4.31 23.1546
4.32 21.5378
4.33 19.3315
4.34 16.5689
4.35 13.3059
4.36 9.61412
4.37 5.57403
4.38 1.2768
4.39 -3.18402
4.4 -7.72488
4.41 -12.2802
4.42 -16.8066
4.43 -21.2774
4.44 -25.674
4.45 -29.977
4.46 -34.155
4.47 -38.1546
4.48 -41.8871
4.49 -45.2302
4.5 -48.052
4.51 -50.2416
4.52 -51.7354
4.53 -52.5206
4.54 -52.6238
4.55 -52.0987
4.56 -51.0146
4.57 -49.4449
4.58 -47.461
4.59 -45.1281
4.6 -42.5035
4.61 -39.6256
4.62 -36.5067
4.63 -33.1336
4.64 -29.4759
4.65 -25.5001
4.66 -21.1815
4.67 -16.5208
4.68 -11.5669
4.69 -6.42195
4.7 -1.22756
4.71 3.86088
4.72 8.6983
4.73 13.1565
4.74 17.1239
4.75 20.5049
4.76 23.2187
4.77 25.1948
4.78 26.3568
4.79 26.6161
4.8 25.8914
4.81 24.1399
4.82 21.3785
4.83 17.6802
4.84 13.1492
4.85 7.8925
4.86 2.01113
4.87 -4.37638
4.88 -11.108
4.89 -17.9812
4.9 -24.7775
4.91 -31.2994
4.92 -37.4017
4.93 -43.0066
4.94 -48.1008
4.95 -52.7102
4.96 -56.8663
4.97 -60.588
4.98 -63.8763
4.99 -66.7195
5 -69.1036
5.01 -71.0221
5.02 -72.484
5.03 -73.5082
5.04 -74.1143
5.05 -74.3164
5.06 -74.1199
5.07 -73.5279
5.08 -72.547
5.09 -71.1883
5.1 -69.4689
5.11 -67.4121
5.12 -65.0468
5.13 -62.4056
5.14 -59.5219
5.15 -56.4301
5.16 -53.1628
5.17 -49.75
5.18 -46.2205
5.19 -42.6023
5.2 -38.9267
5.21 -35.2288
5.22 -31.5456
5.23 -27.9135
5.24 -24.3625
5.25 -20.9127
5.26 -17.5722
5.27 -14.3366
5.28 -11.1951
5.29 -8.13502
5.3 -5.14581
5.31 -2.22168
5.32 0.63993
5.33 3.43823
5.34 6.1708
5.35 8.83643
5.36 11.4377
5.37 13.9854
5.38 16.4959
5.39 18.9832
5.4 21.4477
5.41 23.8625
5.42 26.1677
5.43 28.2787
5.44 30.101
5.45 31.5498
5.46 32.564
5.47 33.116
5.48 33.2136
5.49 32.8943
5.5 32.2195
5.51 31.264
5.52 30.1071
5.53 28.83
5.54 27.5114
5.55 26.2242
5.56 25.0302
5.57 23.9761
5.58 23.0928
5.59 22.3951
5.6 21.8851
5.61 21.5569
5.62 21.3996
5.63 21.4012
5.64 21.5466
5.65 21.8152
5.66 22.1813
5.67 22.6107
5.68 23.0593
5.69 23.4724
5.7 23.7847
5.71 23.9262
5.72 23.83
5.73 23.4438
5.74 22.7408
5.75 21.7239
5.76 20.4235
5.77 18.8896
5.78 17.1813
5.79 15.356
5.8 13.4595
5.81 11.5253
5.82 9.5793
5.83 7.64664
5.84 5.76005
5.85 3.95746
5.86 2.27433
5.87 0.738316
5.88 -0.63123
5.89 -1.81701
5.9 -2.80099
5.91 -3.56624
5.92 -4.09921
5.93 -4.39277
5.94 -4.4458
5.95 -4.26606
5.96 -3.87915
5.97 -3.33252
5.98 -2.68998
5.99 -2.01878
6 -1.37921
6.01 -0.820615
6.02 -0.377586
6.03 -0.0711038
6.04 0.0862719
6.05 0.0858599
6.06 -0.0811543
6.07 -0.422184
6.08 -0.938768
6.09 -1.62224
6.1 -2.44962
6.11 -3.38547
6.12 -4.38575
6.13 -5.40347
6.14 -6.39783
6.15 -7.34029
6.16 -8.21993
6.17 -9.04572
6.18 -9.84268
6.19 -10.646
6.2 -11.4883
6.21 -12.3871
6.22 -13.3412
6.23 -14.332
6.24 -15.329
6.25 -16.2957
6.26 -17.1957
6.27 -17.9993
6.28 -18.6844
6.29 -19.2341
6.3 -19.632
6.31 -19.8555
6.32 -19.8732
6.33 -19.6479
6.34 -19.1468
6.35 -18.3526
6.36 -17.2667
6.37 -15.9093
6.38 -14.3167
6.39 -12.5341
6.4 -10.61
6.41 -8.58807
6.42 -6.50472
6.43 -4.39086
6.44 -2.27382
6.45 -0.181277
6.46 1.85902
6.47 3.82186
6.48 5.68667
6.49 7.44112
6.5 9.07953
6.51 10.5995
6.52 11.9997
6.53 13.2754
6.54 14.418
6.55 15.416
6.56 16.2571
6.57 16.9319
6.58 17.4344
6.59 17.7632
6.6 17.9197
6.61 17.9017
6.62 17.7003
6.63 17.3034
6.64 16.7049
6.65 15.9176
6.66 14.9761
6.67 13.9323
6.68 12.8439
6.69 11.7657
6.7 10.7452
6.71 9.82064
6.72 9.01989
6.73 8.36024
6.74 7.84717
6.75 7.47937
6.76 7.25619
6.77 7.18495
6.78 7.28317
6.79 7.56841
6.8 8.04625
6.81 8.70365
6.82 9.50985
6.83 10.4244
6.84 11.4052
6.85 12.417
6.86 13.4339
6.87 14.4353
6.88 15.4054
6.89 16.3338
6.9 17.2176
6.91 18.0622
6.92 18.8757
6.93 19.667
6.94 20.4437
6.95 21.2068
6.96 21.9479
6.97 22.6438
6.98 23.2561
6.99 23.7327
7 24.009
7.01 24.0167
7.02 23.6947
7.03 23.0034
7.04 21.9375
7.05 20.5276
7.06 18.8345
7.07 16.938
7.08 14.92
7.09 12.8497
7.1 10.7736
7.11 8.71535
7.12 6.68142
7.13 4.66825
7.14 2.66945
7.15 0.67668
7.16 -1.32463
7.17 -3.35894
7.18 -5.46422
7.19 -7.69074
7.2 -10.0954
7.21 -12.7308
7.22 -15.6274
7.23 -18.7794
7.24 -22.134
7.25 -25.591
7.26 -29.0176
7.27 -32.269
7.28 -35.2091
7.29 -37.7254
7.3 -39.7371
7.31 -41.1979
7.32 -42.0874
7.33 -42.399
7.34 -42.1314
7.35 -41.2871
7.36 -39.878
7.37 -37.9294
7.38 -35.4851
7.39 -32.6115
7.4 -29.3893
7.41 -25.9018
7.42 -22.2314
7.43 -18.4572
7.44 -14.6598
7.45 -10.9236
7.46 -7.33898
7.47 -4.00343
7.48 -1.015
7.49 1.53411
7.5 3.56637
7.51 5.02682
7.52 5.88377
7.53 6.12554
7.54 5.75284
7.55 4.77279
7.56 3.19695
7.57 1.04486
7.58 -1.63881
7.59 -4.77029
7.6 -8.22884
7.61 -11.8678
7.62 -15.5338
7.63 -19.0839
7.64 -22.3972
7.65 -25.3817
7.66 -27.9724
7.67 -30.1272
7.68 -31.8191
7.69 -33.0261
7.7 -33.7286
7.71 -33.9125
7.72 -33.5756
7.73 -32.736
7.74 -31.435
7.75 -29.7383
7.76 -27.7317
7.77 -25.5067
7.78 -23.1453
7.79 -20.7095
7.8 -18.2451
7.81 -15.7886
7.82 -13.3726
7.83 -11.0326
7.84 -8.80679
7.85 -6.72966
7.86 -4.8245
7.87 -3.09682
7.88 -1.53738
7.89 -0.129624
7.9 1.14279
7.91 2.28872
7.92 3.30945
7.93 4.19855
7.94 4.94014
7.95 5.50659
7.96 5.85194
7.97 5.91076
7.98 5.60426
7.99 4.85643
8 3.61738
8.01 1.87826
8.02 -0.321508
8.03 -2.89736
8.04 -5.735
8.05 -8.70371
8.06 -11.6707
8.07 -14.5156
8.08 -17.1385
8.09 -19.4662
8.1 -21.4511
8.11 -23.066
8.12 -24.3008
8.13 -25.1564
8.14 -25.6413
8.15 -25.7686
8.16 -25.5539
8.17 -25.0201
8.18 -24.1968
8.19 -23.1192
8.2 -21.8258
8.21 -20.36
8.22 -18.7769
8.23 -17.1389
8.24 -15.5066
8.25 -13.9346
8.26 -12.4698
8.27 -11.1549
8.28 -10.0271
8.29 -9.11176
8.3 -8.42159
8.31 -7.95804
8.32 -7.71791
8.33 -7.69782
8.34 -7.89224
8.35 -8.29375
8.36 -8.89119
8.37 -9.66795
8.38 -10.6014
8.39 -11.6595
8.4 -12.804
8.41 -13.9954
8.42 -15.1946
8.43 -16.3676
8.44 -17.4833
8.45 -18.5126
8.46 -19.4273
8.47 -20.1977
8.48 -20.7956
8.49 -21.1941
8.5 -21.3671
8.51 -21.2932
8.52 -20.9583
8.53 -20.3601
8.54 -19.5079
8.55 -18.4192
8.56 -17.1194
8.57 -15.6404
8.58 -14.0169
8.59 -12.2789
8.6 -10.4442
8.61 -8.52092
8.62 -6.51336
8.63 -4.42685
8.64 -2.27044
8.65 -0.0521497
8.66 2.2234
8.67 4.55312
8.68 6.93155
8.69 9.34548
8.7 11.776
8.71 14.2014
8.72 16.5978
8.73 18.9429
8.74 21.2168
8.75 23.4033
8.76 25.4911
8.77 27.4702
8.78 29.3324
8.79 31.0697
8.8 32.6732
8.81 34.1341
8.82 35.4406
8.83 36.5773
8.84 37.5234
8.85 38.2497
8.86 38.7212
8.87 38.8966
8.88 38.7315
8.89 38.1859
8.9 37.2337
8.91 35.8726
8.92 34.1274
8.93 32.0487
8.94 29.707
8.95 27.1825
8.96 24.5576
8.97 21.9074
8.98 19.2879
8.99 16.7367
9 14.2797
9.01 11.9394
9.02 9.73867
9.03 7.69978
9.04 5.84778
9.05 4.21174
9.06 2.82223
9.07 1.70586
9.08 0.877553
9.09 0.340506
9.1 0.0865723
9.11 0.0968194
9.12 0.349232
9.13 0.823853
9.14 1.50532
9.15 2.37887
9.16 3.41873
9.17 4.58276
9.18 5.81251
9.19 7.03949
9.2 8.19656
9.21 9.22559
9.22 10.0844
9.23 10.7492
9.24 11.2126
9.25 11.4792
9.26 11.5586
9.27 11.4609
9.28 11.1963
9.29 10.7749
9.3 10.2113
9.31 9.5263
9.32 8.74795
9.33 7.91272
9.34 7.06231
9.35 6.24417
9.36 5.5105
9.37 4.90901
9.38 4.47371
9.39 4.21817
9.4 4.13681
9.41 4.21021
9.42 4.40928
9.43 4.70291
9.44 5.06215
9.45 5.46225
9.46 5.88531
9.47 6.31617
9.48 6.73872
9.49 7.13345
9.5 7.47549
9.51 7.73782
9.52 7.89408
9.53 7.92159
9.54 7.80358
9.55 7.52874
9.56 7.09458
9.57 6.50939
9.58 5.79299
9.59 4.97654
9.6 4.09611
9.61 3.18717
9.62 2.27921
9.63 1.3926
9.64 0.542969
9.65 -0.254143
9.66 -0.975935
9.67 -1.58724
9.68 -2.04518
9.69 -2.30789
9.7 -2.34722
9.71 -2.15787
9.72 -1.75666
9.73 -1.17746
9.74 -0.457777
9.75 0.373515
9.76 1.2983
9.77 2.3057
9.78 3.38115
9.79 4.49845
9.8 5.62014
9.81 6.70145
9.82 7.70055
9.83 8.58751
9.84 9.3501
9.85 9.99498
9.86 10.5397
9.87 11.0043
9.88 11.4033
9.89 11.7396
9.9 12.0091
9.91 12.2036
9.92 12.316
9.93 12.3441
9.94 12.2904
9.95 12.164
9.96 11.9762
9.97 11.7323
9.98 11.4269
9.99 11.043
10 10.5587
10.01 9.95508
10.02 9.22014
10.03 8.3543
10.04 7.37265
10.05 6.30292
10.06 5.17761
10.07 4.02236
10.08 2.85433
10.09 1.6853
10.1 0.525218
10.11 -0.613607
10.12 -1.71926
10.13 -2.78282
10.14 -3.80027
10.15 -4.77409
10.16 -5.70694
10.17 -6.59475
10.18 -7.42218
10.19 -8.16201
10.2 -8.77838
10.21 -9.22688
10.22 -9.45897
10.23 -9.42896
10.24 -9.09874
10.25 -8.44869
10.26 -7.48588
10.27 -6.24476
10.28 -4.78042
10.29 -3.15212
10.3 -1.41042
10.31 0.408747
10.32 2.28197
10.33 4.18602
10.34 6.08729
10.35 7.93642
10.36 9.67364
10.37 11.2442
10.38 12.6085
10.39 13.7481
10.4 14.6653
10.41 15.3751
10.42 15.8957
10.43 16.2396
10.44 16.4129
10.45 16.421
10.46 16.2729
10.47 15.9858
10.48 15.5859
10.49 15.1062
10.5 14.5831
10.51 14.0477
10.52 13.5189
10.53 13.0008
10.54 12.4806
10.55 11.9342
10.56 11.3349
10.57 10.666
10.58 9.933
10.59 9.16236
10.6 8.39495
10.61 7.67499
10.62 7.03983
10.63 6.5155
10.64 6.11347
10.65 5.83381
10.66 5.67155
10.67 5.62064
10.68 5.67788
10.69 5.84179
10.7 6.11193
10.71 6.48908
10.72 6.9697
10.73 7.54329
10.74 8.19016
10.75 8.88062
10.76 9.58043
10.77 10.2553
10.78 10.8782
10.79 11.4353
10.8 11.9241
10.81 12.3481
10.82 12.7097
10.83 13.0051
10.84 13.2279
10.85 13.3738
10.86 13.4465
10.87 13.4611
10.88 13.4412
10.89 13.4158
10.9 13.4116
10.91 13.4474
10.92 13.5342
10.93 13.6776
10.94 13.8824
10.95 14.1544
10.96 14.4972
10.97 14.9092
10.98 15.3778
10.99 15.8802
11 16.3874
11.01 16.8687
11.02 17.2985
11.03 17.6589
11.04 17.9403
11.05 18.1406
11.06 18.2603
11.07 18.3022
11.08 18.2685
11.09 18.159
11.1 17.9738
11.11 17.7148
11.12 17.3879
11.13 17.0025
11.14 16.5651
11.15 16.0785
11.16 15.5403
11.17 14.9442
11.18 14.2847
11.19 13.5598
11.2 12.7754
11.21 11.9429
11.22 11.0764
11.23 10.1922
11.24 9.30663
11.25 8.43604
11.26 7.59596
11.27 6.79901
11.28 6.05765
11.29 5.38479
11.3 4.79408
11.31 4.29995
11.32 3.91585
11.33 3.656
11.34 3.53472
11.35 3.56308
11.36 3.74661
11.37 4.08078
11.38 4.54985
11.39 5.12732
11.4 5.77725
11.41 6.46206
11.42 7.14947
11.43 7.81741
11.44 8.45596
11.45 9.0615
11.46 9.63002
11.47 10.1505
11.48 10.603
11.49 10.9635
11.5 11.2088
11.51 11.3231
11.52 11.3043
11.53 11.1633
11.54 10.9233
11.55 10.6131
11.56 10.2599
11.57 9.88509
11.58 9.50179
11.59 9.12013
11.6 8.7528
11.61 8.41686
11.62 8.13312
11.63 7.918
11.64 7.77695
11.65 7.70153
11.66 7.67073
11.67 7.65922
11.68 7.6423
11.69 7.59926
11.7 7.51748
11.71 7.39102
11.72 7.21751
11.73 6.99329
11.74 6.7115
11.75 6.36699
11.76 5.96083
11.77 5.50483
11.78 5.02035
11.79 4.53077
11.8 4.05623
11.81 3.60821
11.82 3.1895
11.83 2.80033
11.84 2.44326
11.85 2.12794
11.86 1.86937
11.87 1.6814
11.88 1.57284
11.89 1.54345
11.9 1.58559
11.91 1.68805
11.92 1.83861
11.93 2.0288
11.94 2.25299
11.95 2.50562
11.96 2.78038
11.97 3.06781
11.98 3.35551
11.99 3.62787
12 3.86716
12.01 4.0583
12.02 4.19
12.03 4.25667
12.04 4.2586
12.05 4.19829
12.06 4.07996
12.07 3.9079
12.08 3.68666
12.09 3.42429
12.1 3.13302
12.11 2.83079
12.12 2.53938
12.13 2.27872
12.14 2.06362
12.15 1.90155
12.16 1.79525
12.17 1.74568
12.18 1.75282
12.19 1.82
12.2 1.9547
12.21 2.16627
12.22 2.46369
12.23 2.85144
12.24 3.32917
12.25 3.89107
12.26 4.52509
12.27 5.21446
12.28 5.93591
12.29 6.65895
12.3 7.34813
12.31 7.96639
12.32 8.48222
12.33 8.87399
12.34 9.13113
12.35 9.25341
12.36 9.24459
12.37 9.1093
12.38 8.8517
12.39 8.47353
12.4 7.97691
12.41 7.36622
12.42 6.65054
12.43 5.84612
12.44 4.97624
12.45 4.07314
12.46 3.17594
12.47 2.3258
12.48 1.56148
12.49 0.912658
12.5 0.398989
12.51 0.0314998
12.52 -0.185501
12.53 -0.248836
12.54 -0.155269
12.55 0.0986932
12.56 0.515477
12.57 1.09025
12.58 1.80813
12.59 2.64219
12.6 3.55557
12.61 4.50861
12.62 5.46271
12.63 6.38552
12.64 7.25429
12.65 8.05538
12.66 8.78331
12.67 9.43561
12.68 10.0096
12.69 10.5021
12.7 10.9099
12.71 11.2338
12.72 11.4804
12.73 11.6645
12.74 11.8122
12.75 11.9582
12.76 12.1432
12.77 12.4064
12.78 12.7758
12.79 13.2636
12.8 13.8642
12.81 14.5575
12.82 15.3143
12.83 16.0972
12.84 16.8644
12.85 17.571
12.86 18.1719
12.87 18.6261
12.88 18.8964
12.89 18.9529
12.9 18.7757
12.91 18.3565
12.92 17.701
12.93 16.8258
12.94 15.7581
12.95 14.5353
12.96 13.2018
12.97 11.805
12.98 10.3876
12.99 8.98244
13 7.61464
13.01 6.30419
13.02 5.07116
13.03 3.93774
13.04 2.92524
13.05 2.0529
13.06 1.33437
13.07 0.775771
13.08 0.378438
13.09 0.140161
13.1 0.0568571
13.11 0.121653
13.12 0.323466
13.13 0.648632
13.14 1.08085
13.15 1.60238
13.16 2.19428
13.17 2.83479
13.18 3.50038
13.19 4.16452
13.2 4.79776
13.21 5.3712
13.22 5.85801
13.23 6.23578
13.24 6.48774
13.25 6.60295
13.26 6.57723
13.27 6.41062
13.28 6.10722
13.29 5.67528
13.3 5.12485
13.31 4.46866
13.32 3.72174
13.33 2.90165
13.34 2.02823
13.35 1.1194
13.36 0.189739
13.37 -0.75168
13.38 -1.70457
13.39 -2.6804
13.4 -3.70703
13.41 -4.82439
13.42 -6.06985
13.43 -7.46104
13.44 -8.98435
13.45 -10.6014
13.46 -12.2659
13.47 -13.9369
13.48 -15.5843
13.49 -17.1838
13.5 -18.7123
13.51 -20.1466
13.52 -21.4638
13.53 -22.6435
13.54 -23.6663
13.55 -24.5111
13.56 -25.1549
13.57 -25.5704
13.58 -25.7263
13.59 -25.5919
13.6 -25.1416
13.61 -24.3637
13.62 -23.2626
13.63 -21.86
13.64 -20.195
13.65 -18.3183
13.66 -16.2845
13.67 -14.1443
13.68 -11.9427
13.69 -9.72167
13.7 -7.52006
13.71 -5.37496
13.72 -3.32141
13.73 -1.39024
13.74 0.391305
13.75 1.99968
13.76 3.41337
13.77 4.61142
13.78 5.57729
13.79 6.30091
13.8 6.78012
13.81 7.02077
13.82 7.03551
13.83 6.8449
13.84 6.47441
13.85 5.95072
13.86 5.30175
13.87 4.55546
13.88 3.74074
13.89 2.88801
13.9 2.03002
13.91 1.20442
13.92 0.450076
13.93 -0.197159
13.94 -0.70682
13.95 -1.05722
13.96 -1.23512
13.97 -1.23619
13.98 -1.06343
13.99 -0.722814
14 -0.222687
14.01 0.428135
14.02 1.2199
14.03 2.1384
14.04 3.16476
14.05 4.27535
14.06 5.44428
14.07 6.64735
14.08 7.86361
14.09 9.07779
14.1 10.2793
14.11 11.4596
14.12 12.6116
14.13 13.7253
14.14 14.7877
14.15 15.7845
14.16 16.7018
14.17 17.5281
14.18 18.2525
14.19 18.8642
14.2 19.3527
14.21 19.7035
14.22 19.8972
14.23 19.909
14.24 19.7125
14.25 19.2871
14.26 18.6229
14.27 17.7245
14.28 16.6128
14.29 15.3231
14.3 13.9031
14.31 12.4058
14.32 10.88
14.33 9.36532
14.34 7.88822
14.35 6.4658
14.36 5.11053
14.37 3.83393
14.38 2.65032
14.39 1.57588
14.4 0.627611
14.41 -0.179077
14.42 -0.83348
14.43 -1.32905
14.44 -1.66452
14.45 -1.84354
14.46 -1.87278
14.47 -1.76184
14.48 -1.52134
14.49 -1.16394
14.5 -0.705942
14.51 -0.166406
14.52 0.431419
14.53 1.0609
14.54 1.69275
14.55 2.29441
14.56 2.83298
14.57 3.2768
14.58 3.59957
14.59 3.78503
14.6 3.82583
14.61 3.72314
14.62 3.48509
14.63 3.12258
14.64 2.64721
14.65 2.07019
14.66 1.40533
14.67 0.672073
14.68 -0.105237
14.69 -0.897226
14.7 -1.67285
14.71 -2.40331
14.72 -3.06484
14.73 -3.64233
14.74 -4.12778
14.75 -4.5188
14.76 -4.81774
14.77 -5.02909
14.78 -5.16058
14.79 -5.22162
14.8 -5.2213
14.81 -5.16976
14.82 -5.07738
14.83 -4.95593
14.84 -4.81885
14.85 -4.67934
14.86 -4.54979
14.87 -4.43798
14.88 -4.34394
14.89 -4.25912
14.9 -4.16663
14.91 -4.04704
14.92 -3.88401
14.93 -3.66757
14.94 -3.39577
14.95 -3.07165
14.96 -2.70186
14.97 -2.2953
14.98 -1.85965
14.99 -1.40225
15 -0.931247
15.01 -0.456446
15.02 0.0107831
15.03 0.460433
15.04 0.883867
15.05 1.27386
15.06 1.62494
15.07 1.93205
15.08 2.19206
15.09 2.4028
15.1 2.56183
15.11 2.66973
15.12 2.732
15.13 2.76024
15.14 2.77039
15.15 2.77859
15.16 2.80052
15.17 2.84987
15.18 2.93771
15.19 3.07332
15.2 3.26372
15.21 3.51471
15.22 3.82889
15.23 4.20273
15.24 4.62556
15.25 5.07781
15.26 5.53451
15.27 5.97075
15.28 6.36655
15.29 6.71119
15.3 7.00008
15.31 7.23041
15.32 7.39745
15.33 7.49109
15.34 7.49839
15.35 7.40579
15.36 7.2029
15.37 6.88777
15.38 6.46651
15.39 5.95228
15.4 5.36303
15.41 4.71698
15.42 4.03029
15.43 3.31566
15.44 2.58471
15.45 1.85057
15.46 1.12811
15.47 0.436411
15.48 -0.202428
15.49 -0.766369
15.5 -1.23529
15.51 -1.59556
15.52 -1.84077
15.53 -1.97092
15.54 -1.99174
15.55 -1.91126
15.56 -1.7399
15.57 -1.48973
15.58 -1.1734
15.59 -0.806115
15.6 -0.405254
15.61 0.00948876
15.62 0.416557
15.63 0.795604
15.64 1.12856
15.65 1.40133
15.66 1.60327
15.67 1.72475
15.68 1.75765
15.69 1.69446
15.7 1.5288
15.71 1.258
15.72 0.883983
15.73 0.415726
15.74 -0.1318
15.75 -0.740372
15.76 -1.38864
15.77 -2.05498
15.78 -2.71942
15.79 -3.36455
15.8 -3.97744
15.81 -4.54796
15.82 -5.06771
15.83 -5.52955
15.84 -5.92644
15.85 -6.25295
15.86 -6.50706
15.87 -6.69271
15.88 -6.81911
15.89 -6.89471
15.9 -6.92227
15.91 -6.89434
15.92 -6.79334
15.93 -6.59791
15.94 -6.28983
15.95 -5.86176
15.96 -5.31945
15.97 -4.6789
15.98 -3.96304
15.99 -3.19504
16 -2.39569
16.01 -1.58441
16.02 -0.778653
16.03 0.00281261
16.04 0.737396
16.05 1.39986
16.06 1.96576
16.07 2.41683
16.08 2.74201
16.09 2.9365
16.1 3.00102
16.11 2.93973
16.12 2.76025
16.13 2.47238
16.14 2.08753
16.15 1.62146
16.16 1.09393
16.17 0.529579
16.18 -0.0413645
16.19 -0.585419
16.2 -1.06763
16.21 -1.45672
16.22 -1.72996
16.23 -1.87436
16.24 -1.88742
16.25 -1.77379
16.26 -1.54279
16.27 -1.20682
16.28 -0.778155
16.29 -0.269997
16.3 0.302883
16.31 0.923025
16.32 1.56813
16.33 2.21386
16.34 2.8354
16.35 3.40972
16.36 3.91865
16.37 4.34786
16.38 4.68731
16.39 4.93149
16.4 5.07931
16.41 5.13579
16.42 5.11055
16.43 5.01621
16.44 4.86638
16.45 4.67363
16.46 4.45102
16.47 4.21146
16.48 3.96775
16.49 3.73459
16.5 3.52763
16.51 3.36289
16.52 3.25442
16.53 3.21179
16.54 3.24098
16.55 3.34356
16.56 3.51792
16.57 3.76041
16.58 4.06362
16.59 4.41754
16.6 4.80923
16.61 5.22285
16.62 5.64121
16.63 6.04506
16.64 6.41504
16.65 6.73397
16.66 6.98784
16.67 7.16732
16.68 7.26643
16.69 7.28166
16.7 7.21108
16.71 7.05285
16.72 6.80667
16.73 6.47415
16.74 6.05946
16.75 5.57184
16.76 5.02483
16.77 4.43689
16.78 3.83073
16.79 3.22905
16.8 2.65231
16.81 2.11662
16.82 1.63272
16.83 1.20676
16.84 0.841343
16.85 0.538004
16.86 0.297148
16.87 0.117875
16.88 -0.00138039
16.89 -0.0652697
16.9 -0.0813291
16.91 -0.0598322
16.92 -0.0140044
16.93 0.0438383
16.94 0.104009
16.95 0.16056
16.96 0.211083
16.97 0.253359
16.98 0.284257
16.99 0.298027
17 0.286735
17.01 0.243859
17.02 0.164809
17.03 0.0484013
17.04 -0.102916
17.05 -0.285299
17.06 -0.493248
17.07 -0.721458
17.08 -0.965785
17.09 -1.22231
17.1 -1.48763
17.11 -1.75621
17.12 -2.02088
17.13 -2.27624
17.14 -2.51836
17.15 -2.74456
17.16 -2.95066
17.17 -3.12865
17.18 -3.26862
17.19 -3.3608
17.2 -3.39917
17.21 -3.38271
17.22 -3.31344
17.23 -3.19461
17.24 -3.02744
17.25 -2.81206
17.26 -2.55074
17.27 -2.24957
17.28 -1.92123
17.29 -1.58357
17.3 -1.25647
17.31 -0.958734
17.32 -0.703642
17.33 -0.499136
17.34 -0.350844
17.35 -0.265005
17.36 -0.250512
17.37 -0.316189
17.38 -0.467052
17.39 -0.701168
17.4 -1.00829
17.41 -1.37283
17.42 -1.77519
17.43 -2.19285
17.44 -2.60249
17.45 -2.9795
17.46 -3.29983
17.47 -3.54118
17.48 -3.68399
17.49 -3.71511
17.5 -3.62826
17.51 -3.42416
17.52 -3.11002
17.53 -2.69649
17.54 -2.19729
17.55 -1.6283
17.56 -1.00689
17.57 -0.352926
17.58 0.311696
17.59 0.963086
17.6 1.57734
17.61 2.13296
17.62 2.6118
17.63 3.00269
17.64 3.30186
17.65 3.51072
17.66 3.63397
17.67 3.676
17.68 3.64136
17.69 3.53576
17.7 3.36562
17.71 3.14045
17.72 2.87231
17.73 2.57414
17.74 2.2599
17.75 1.94295
17.76 1.63642
17.77 1.35342
17.78 1.10619
17.79 0.906709
17.8 0.764521
17.81 0.685586
17.82 0.671846
17.83 0.719379
17.84 0.81972
17.85 0.96185
17.86 1.13532
17.87 1.33308
17.88 1.54949
17.89 1.77767
17.9 2.00692
17.91 2.22275
17.92 2.41053
17.93 2.55694
17.94 2.65299
17.95 2.69526
17.96 2.68342
17.97 2.61947
17.98 2.50526
17.99 2.34212
18 2.13355
18.01 1.88612
18.02 1.61102
18.03 1.32252
18.04 1.03553
18.05 0.765682
18.06 0.526342
18.07 0.327124
18.08 0.175188
18.09 0.0756837
18.1 0.0333655
18.11 0.0516308
18.12 0.131372
18.13 0.271276
18.14 0.465702
18.15 0.704927
18.16 0.976369
18.17 1.26607
18.18 1.56185
18.19 1.85215
18.2 2.12564
18.21 2.37264
18.22 2.58485
18.23 2.75673
18.24 2.88529
18.25 2.96832
18.26 3.0033
18.27 2.98667
18.28 2.91601
18.29 2.79212
18.3 2.62087
18.31 2.41523
18.32 2.1913
18.33 1.96338
18.34 1.74197
18.35 1.53298
18.36 1.34068
18.37 1.17083
18.38 1.0325
18.39 0.937608
18.4 0.896073
18.41 0.913123
18.42 0.988584
18.43 1.11786
18.44 1.29473
18.45 1.51085
18.46 1.75573
18.47 2.01726
18.48 2.28101
18.49 2.53188
18.5 2.7548
18.51 2.93636
18.52 3.06748
18.53 3.14232
18.54 3.15718
18.55 3.10975
18.56 2.99896
18.57 2.82749
18.58 2.602
18.59 2.3339
18.6 2.03961
18.61 1.737
18.62 1.44409
18.63 1.17627
18.64 0.943321
18.65 0.750401
18.66 0.59864
18.67 0.488153
18.68 0.420155
18.69 0.396368
18.7 0.419382
18.71 0.489672
18.72 0.603423
18.73 0.75278
18.74 0.925805
18.75 1.11007
18.76 1.29509
18.77 1.47325
18.78 1.6408
18.79 1.79511
18.8 1.93271
18.81 2.04758
18.82 2.13085
18.83 2.17443
18.84 2.17281
18.85 2.12435
18.86 2.03204
18.87 1.90191
18.88 1.74181
18.89 1.55871
18.9 1.35782
18.91 1.14492
18.92 0.926532
18.93 0.711524
18.94 0.51104
18.95 0.335944
18.96 0.19636
18.97 0.0995212
18.98 0.0494104
18.99 0.0482166
19 0.096282
19.01 0.193712
19.02 0.340269
19.03 0.534042
19.04 0.771173
19.05 1.0443
19.06 1.34321
19.07 1.65645
19.08 1.97215
19.09 2.28044
19.1 2.57248
19.11 2.84005
19.12 3.07676
19.13 3.27653
19.14 3.4335
19.15 3.54183
19.16 3.59582
19.17 3.59266
19.18 3.53286
19.19 3.42125
19.2 3.26642
19.21 3.07751
19.22 2.86345
19.23 2.63208
19.24 2.39037
19.25 2.14581
19.26 1.9061
19.27 1.68109
19.28 1.48231
19.29 1.31996
19.3 1.20178
19.31 1.13144
19.32 1.10945
19.33 1.13441
19.34 1.20274
19.35 1.31067
19.36 1.45422
19.37 1.62803
19.38 1.82465
19.39 2.03272
19.4 2.23887
19.41 2.43046
19.42 2.59685
19.43 2.73093
19.44 2.82739
19.45 2.88246
19.46 2.89457
19.47 2.86302
19.48 2.78893
19.49 2.67513
19.5 2.52529
19.51 2.3451
19.52 2.14201
19.53 1.92491
19.54 1.70195
19.55 1.4795
19.56 1.26368
19.57 1.05921
19.58 0.869401
19.59 0.697284
19.6 0.545535
19.61 0.417699
19.62 0.317615
19.63 0.248227
19.64 0.211719
19.65 0.208052
19.66 0.235307
19.67 0.2899
19.68 0.365608
19.69 0.455301
19.7 0.551862
19.71 0.649345
19.72 0.743806
19.73 0.831653
19.74 0.908941
19.75 0.970031
19.76 1.00818
19.77 1.01749
19.78 0.992473
19.79 0.929567
19.8 0.827799
19.81 0.688687
19.82 0.517592
19.83 0.321914
19.84 0.110481
19.85 -0.106966
19.86 -0.321646
19.87 -0.523735
19.88 -0.701688
19.89 -0.843108
19.9 -0.935674
19.91 -0.970389
19.92 -0.94233
19.93 -0.850908
19.94 -0.699905
19.95 -0.495459
19.96 -0.246564
19.97 0.0364363
19.98 0.343972
19.99 0.665429
20 0.98864
20.01 1.29934
20.02 1.58168
20.03 1.821
20.04 2.00419
20.05 2.12036
20.06 2.16223
20.07 2.12657
20.08 2.01562
20.09 1.83663
20.1 1.60073
20.11 1.32173
20.12 1.01337
20.13 0.689723
20.14 0.364348
20.15 0.0488614
20.16 -0.245483
20.17 -0.507498
20.18 -0.725722
20.19 -0.889369
20.2 -0.991068
20.21 -1.02746
20.22 -0.999877
20.23 -0.913885
20.24 -0.777834
20.25 -0.60246
20.26 -0.398479
20.27 -0.176027
20.28 0.0540997
20.29 0.28041
20.3 0.490187
20.31 0.670441
20.32 0.809109
20.33 0.89573
20.34 0.923629
20.35 0.889878
20.36 0.794965
20.37 0.642772
20.38 0.438616
20.39 0.189844
20.4 -0.0939415
20.41 -0.401156
20.42 -0.717403
20.43 -1.02676
20.44 -1.31175
20.45 -1.5549
20.46 -1.74145
20.47 -1.85887
20.48 -1.89815
20.49 -1.85414
20.5 -1.72478
20.51 -1.51218
20.52 -1.2209
20.53 -0.858629
20.54 -0.43762
20.55 0.0275132
20.56 0.51978
20.57 1.02127
20.58 1.51515
20.59 1.98562
20.6 2.41982
20.61 2.80716
20.62 3.13882
20.63 3.4084
20.64 3.61042
20.65 3.74143
20.66 3.80082
20.67 3.79037
20.68 3.71475
20.69 3.58071
20.7 3.39683
20.71 3.17318
20.72 2.92011
20.73 2.64776
20.74 2.3656
20.75 2.08334
20.76 1.81185
20.77 1.56129
20.78 1.34108
20.79 1.15916
20.8 1.02058
20.81 0.929077
20.82 0.886816
20.83 0.895294
20.84 0.955776
20.85 1.06684
20.86 1.22434
20.87 1.42079
20.88 1.64537
20.89 1.88567
20.9 2.12894
20.91 2.36441
20.92 2.5834
20.93 2.77859
20.94 2.94433
20.95 3.07493
20.96 3.16473
20.97 3.20921
20.98 3.20487
20.99 3.15134
21 3.05165
21.01 2.91174
21.02 2.74071
21.03 2.54831
21.04 2.34415
21.05 2.13696
21.06 1.93428
21.07 1.74431
21.08 1.57438
21.09 1.43083
21.1 1.32001
21.11 1.24668
21.12 1.21475
21.13 1.22638
21.14 1.28083
21.15 1.37543
21.16 1.50472
21.17 1.66163
21.18 1.83789
21.19 2.02327
21.2 2.20739
21.21 2.37972
21.22 2.5298
21.23 2.64757
21.24 2.72271
21.25 2.7468
21.26 2.71355
21.27 2.61909
21.28 2.46407
21.29 2.25332
21.3 1.99552
21.31 1.70144
21.32 1.38169
21.33 1.04723
21.34 0.709207
21.35 0.379209
21.36 0.069667
21.37 -0.207393
21.38 -0.440332
21.39 -0.61937
21.4 -0.738337
21.41 -0.794182
21.42 -0.787528
21.43 -0.721602
21.44 -0.600756
21.45 -0.429958
21.46 -0.213572
21.47 0.0429802
21.48 0.332364
21.49 0.645119
21.5 0.968278
21.51 1.28709
21.52 1.58641
21.53 1.85276
21.54 2.07687
21.55 2.25242
21.56 2.37534
21.57 2.44304
21.58 2.45296
21.59 2.40431
21.6 2.29956
21.61 2.14575
21.62 1.95444
21.63 1.7384
21.64 1.51011
21.65 1.28031
21.66 1.05786
21.67 0.851057
21.68 0.667441
21.69 0.515047
21.7 0.401581
21.71 0.332176
21.72 0.30984
21.73 0.335074
21.74 0.406581
21.75 0.522388
21.76 0.678587
21.77 0.869944
21.78 1.08919
21.79 1.32611
21.8 1.56963
21.81 1.80847
21.82 2.03243
21.83 2.23238
21.84 2.39945
21.85 2.52675
21.86 2.60866
21.87 2.64095
21.88 2.62198
21.89 2.55169
21.9 2.43198
21.91 2.2664
21.92 2.06022
21.93 1.82186
21.94 1.56203
21.95 1.29259
21.96 1.02493
21.97 0.768334
21.98 0.53049
21.99 0.317354
22 0.134204
22.01 -0.0131186
22.02 -0.119812
22.03 -0.182981
22.04 -0.202912
22.05 -0.18319
22.06 -0.128811
22.07 -0.0453548
22.08 0.0619618
22.09 0.188148
22.1 0.327752
22.11 0.474942
22.12 0.622104
22.13 0.760364
22.14 0.881432
22.15 0.97767
22.16 1.04383
22.17 1.07754
22.18 1.07841
22.19 1.04795
22.2 0.987873
22.21 0.900375
22.22 0.788764
22.23 0.657524
22.24 0.513412
22.25 0.363561
22.26 0.214626
22.27 0.0729063
22.28 -0.0579874
22.29 -0.175876
22.3 -0.279041
22.31 -0.366555
22.32 -0.436973
22.33 -0.489925
22.34 -0.526572
22.35 -0.549457
22.36 -0.563283
22.37 -0.573046
22.38 -0.583565
22.39 -0.599143
22.4 -0.622966
22.41 -0.658312
22.42 -0.70815
22.43 -0.77539
22.44 -0.86307
22.45 -0.971834
22.46 -1.10001
22.47 -1.24389
22.48 -1.39741
22.49 -1.55377
22.5 -1.70548
22.51 -1.84555
22.52 -1.96754
22.53 -2.06505
22.54 -2.13245
22.55 -2.16303
22.56 -2.14913
22.57 -2.08418
22.58 -1.96304
22.59 -1.78369
22.6 -1.54631
22.61 -1.25251
22.62 -0.906858
22.63 -0.517009
22.64 -0.0945145
22.65 0.345353
22.66 0.785872
22.67 1.21021
22.68 1.60359
22.69 1.95411
22.7 2.25185
22.71 2.48976
22.72 2.66305
22.73 2.76887
22.74 2.80751
22.75 2.78157
22.76 2.69662
22.77 2.56057
22.78 2.38225
22.79 2.17158
22.8 1.93827
22.81 1.69277
22.82 1.44712
22.83 1.2138
22.84 1.00544
22.85 0.832995
22.86 0.704603
22.87 0.625894
22.88 0.599551
22.89 0.626412
22.9 0.705501
22.91 0.834069
22.92 1.00858
22.93 1.22393
22.94 1.47348
22.95 1.74879
22.96 2.03925
22.97 2.33395
22.98 2.62186
22.99 2.89285
23 3.13938
23.01 3.3556
23.02 3.53789
23.03 3.68469
23.04 3.7946
23.05 3.86645
23.06 3.8987
23.07 3.89031
23.08 3.84231
23.09 3.75807
23.1 3.64443
23.11 3.51079
23.12 3.3669
23.13 3.2213
23.14 3.0801
23.15 2.94757
23.16 2.82646
23.17 2.71936
23.18 2.63016
23.19 2.56341
23.2 2.52423
23.21 2.51682
23.22 2.54286
23.23 2.60196
23.24 2.69078
23.25 2.80422
23.26 2.93739
23.27 3.08452
23.28 3.23998
23.29 3.39835
23.3 3.55311
23.31 3.69706
23.32 3.82221
23.33 3.92079
23.34 3.98621
23.35 4.01286
23.36 3.99718
23.37 3.93718
23.38 3.83207
23.39 3.68249
23.4 3.48998
23.41 3.25865
23.42 2.99529
23.43 2.7082
23.44 2.40779
23.45 2.1046
23.46 1.80809
23.47 1.52654
23.48 1.26657
23.49 1.03448
23.5 0.836451
23.51 0.678606
23.52 0.566379
23.53 0.50235
23.54 0.486226
23.55 0.514476
23.56 0.581112
23.57 0.679976
23.58 0.803829
23.59 0.944609
23.6 1.09409
23.61 1.24374
23.62 1.38591
23.63 1.51328
23.64 1.61899
23.65 1.69759
23.66 1.744
23.67 1.75396
23.68 1.72456
23.69 1.65442
23.7 1.54548
23.71 1.402
23.72 1.22996
23.73 1.03681
23.74 0.82986
23.75 0.616142
23.76 0.401221
23.77 0.18948
23.78 -0.0142567
23.79 -0.205138
23.8 -0.377841
23.81 -0.527509
23.82 -0.650854
23.83 -0.746018
23.84 -0.814432
23.85 -0.860428
23.86 -0.889137
23.87 -0.905284
23.88 -0.911397
23.89 -0.908514
23.9 -0.897098
23.91 -0.876632
23.92 -0.846205
23.93 -0.803589
23.94 -0.745332
23.95 -0.667528
23.96 -0.566156
23.97 -0.439444
23.98 -0.287733
23.99 -0.111928
24 0.0863907
24.01 0.305134
24.02 0.54029
24.03 0.785103
24.04 1.03078
24.05 1.26671
24.06 1.48257
24.07 1.66959
24.08 1.82061
24.09 1.93131
24.1 1.99963
24.11 2.02521
24.12 2.00914
24.13 1.95334
24.14 1.86162
24.15 1.73845
24.16 1.58876
24.17 1.42007
24.18 1.24121
24.19 1.06182
24.2 0.891696
24.21 0.739712
24.22 0.614027
24.23 0.52107
24.24 0.465405
24.25 0.450064
24.26 0.476282
24.27 0.544257
24.28 0.6521
24.29 0.795244
24.3 0.96781
24.31 1.16199
24.32 1.36852
24.33 1.57758
24.34 1.7782
24.35 1.95926
24.36 2.11004
24.37 2.22113
24.38 2.28569
24.39 2.29877
24.4 2.25861
24.41 2.16674
24.42 2.02635
24.43 1.84266
24.44 1.62176
24.45 1.37051
24.46 1.09716
24.47 0.811064
24.48 0.522788
24.49 0.242714
24.5 -0.019764
24.51 -0.256459
24.52 -0.461285
24.53 -0.629036
24.54 -0.755464
24.55 -0.837438
24.56 -0.87145
24.57 -0.854894
24.58 -0.787124
24.59 -0.669949
24.6 -0.508242
24.61 -0.308818
24.62 -0.0807541
24.63 0.164971
24.64 0.416858
24.65 0.662805
24.66 0.891682
24.67 1.09393
24.68 1.26117
24.69 1.38704
24.7 1.46658
24.71 1.49686
24.72 1.47732
24.73 1.40858
24.74 1.29371
24.75 1.1382
24.76 0.94931
24.77 0.736053
24.78 0.507539
24.79 0.272606
24.8 0.0396391
24.81 -0.183156
24.82 -0.387271
24.83 -0.564727
24.84 -0.70805
24.85 -0.811762
24.86 -0.873691
24.87 -0.893772
24.88 -0.874523
24.89 -0.820597
24.9 -0.737183
24.91 -0.629932
24.92 -0.504031
24.93 -0.364861
24.94 -0.218625
24.95 -0.0712543
24.96 0.0717526
24.97 0.206594
24.98 0.331601
24.99 0.446147
25 0.550069
25.01 0.642446
25.02 0.72262
25.03 0.791252
25.04 0.849041
25.05 0.897351
25.06 0.938055
25.07 0.972582
25.08 1.00199
25.09 1.02653
25.1 1.04734
25.11 1.06717
25.12 1.08828
25.13 1.11291
25.14 1.14306
25.15 1.17952
25.16 1.22218
25.17 1.26991
25.18 1.32124
25.19 1.37432
25.2 1.4269
25.21 1.47721
25.22 1.523
25.23 1.5618
25.24 1.59185
25.25 1.61125
25.26 1.61897
25.27 1.61398
25.28 1.59556
25.29 1.56431
25.3 1.52058
25.31 1.46462
25.32 1.39661
25.33 1.31677
25.34 1.2266
25.35 1.12771
25.36 1.02237
25.37 0.913752
25.38 0.804697
25.39 0.698012
25.4 0.595965
25.41 0.500717
25.42 0.414944
25.43 0.340145
25.44 0.276784
25.45 0.225019
25.46 0.184473
25.47 0.154751
25.48 0.134757
25.49 0.123293
25.5 0.120256
25.51 0.125826
25.52 0.14161
25.53 0.1702
25.54 0.213368
25.55 0.272368
25.56 0.346674
25.57 0.434191
25.58 0.532843
25.59 0.640418
25.6 0.754786
25.61 0.87332
25.62 0.992788
25.63 1.10995
25.64 1.22051
25.65 1.31974
25.66 1.40374
25.67 1.47049
25.68 1.52059
25.69 1.55536
25.7 1.57613
25.71 1.58429
25.72 1.58024
25.73 1.56457
25.74 1.53813
25.75 1.50208
25.76 1.4587
25.77 1.41081
25.78 1.36167
25.79 1.31385
25.8 1.26915
25.81 1.22931
25.82 1.19478
25.83 1.16548
25.84 1.14135
25.85 1.12204
25.86 1.10816
25.87 1.10023
25.88 1.09805
25.89 1.10048
25.9 1.10502
25.91 1.1101
25.92 1.11525
25.93 1.12043
25.94 1.12674
25.95 1.13491
25.96 1.14454
25.97 1.154
25.98 1.1605
25.99 1.16251
26 1.15999
26.01 1.15439
26.02 1.14839
26.03 1.14351
26.04 1.14002
26.05 1.13746
26.06 1.13499
26.07 1.13259
26.08 1.13099
26.09 1.13165
26.1 1.13621
26.11 1.14566
26.12 1.16051
26.13 1.17901
26.14 1.19771
26.15 1.21356
26.16 1.22429
26.17 1.22993
26.18 1.23259
26.19 1.23417
26.2 1.23521
26.21 1.23487
26.22 1.23276
26.23 1.22959
26.24 1.22635
26.25 1.22482
26.26 1.2258
26.27 1.22837
26.28 1.23049
26.29 1.22903
26.3 1.2223
26.31 1.21042
26.32 1.19404
26.33 1.17448
26.34 1.15176
26.35 1.12533
26.36 1.09507
26.37 1.06094
26.38 1.02415
26.39 0.986643
26.4 0.950517
26.41 0.917498
26.42 0.88766
26.43 0.860802
26.44 0.836331
26.45 0.812475
26.46 0.788251
26.47 0.763848
26.48 0.740194
26.49 0.718832
26.5 0.701125
26.51 0.687917
26.52 0.678302
26.53 0.670302
26.54 0.663022
26.55 0.656219
26.56 0.650196
26.57 0.645335
26.58 0.641233
26.59 0.636811
26.6 0.629636
26.61 0.616664
26.62 0.595414
26.63 0.564407
26.64 0.524019
26.65 0.475644
26.66 0.420775
26.67 0.360488
26.68 0.294942
26.69 0.225049
26.7 0.152738
26.71 0.0810846
26.72 0.0157079
26.73 -0.0369036
26.74 -0.0708776
26.75 -0.0819324
26.76 -0.0686525
26.77 -0.0313792
26.78 0.0285012
26.79 0.109185
26.8 0.209192
26.81 0.325881
26.82 0.455036
26.83 0.590661
26.84 0.725069
26.85 0.850735
26.86 0.960655
26.87 1.04956
26.88 1.11487
26.89 1.15599
26.9 1.17405
26.91 1.17033
26.92 1.14641
26.93 1.10581
26.94 1.05382
26.95 0.997364
26.96 0.944057
26.97 0.900564
26.98 0.873166
26.99 0.866475
27 0.881978
27.01 0.918395
27.02 0.972793
27.03 1.04292
27.04 1.12657
27.05 1.2204
27.06 1.32035
27.07 1.42107
27.08 1.51662
27.09 1.60154
27.1 1.67156
27.11 1.72494
27.12 1.76153
27.13 1.78182
27.14 1.78733
27.15 1.77973
27.16 1.76044
27.17 1.73023
27.18 1.69002
27.19 1.64301
27.2 1.59333
27.21 1.54532
27.22 1.50302
27.23 1.4687
27.24 1.44324
27.25 1.42584
27.26 1.41563
27.27 1.41326
27.28 1.4197
27.29 1.43583
27.3 1.46106
27.31 1.49302
27.32 1.5292
27.33 1.56654
27.34 1.60243
27.35 1.63567
27.36 1.66583
27.37 1.69305
27.38 1.71629
27.39 1.73351
27.4 1.74256
27.41 1.74123
27.42 1.7291
27.43 1.70694
27.44 1.67526
27.45 1.63429
27.46 1.58246
27.47 1.51731
27.48 1.4371
27.49 1.34071
27.5 1.22838
27.51 1.10161
27.52 0.962296
27.53 0.812866
27.54 0.655724
27.55 0.493819
27.56 0.330665
27.57 0.170186
27.58 0.0172728
27.59 -0.123913
27.6 -0.250102
27.61 -0.358512
27.62 -0.447598
27.63 -0.515591
27.64 -0.561074
27.65 -0.584105
27.66 -0.585651
27.67 -0.567945
27.68 -0.533725
27.69 -0.48592
27.7 -0.427181
27.71 -0.359018
27.72 -0.283212
27.73 -0.201755
27.74 -0.116922
27.75 -0.0318494
27.76 0.0510976
27.77 0.130275
27.78 0.204781
27.79 0.274673
27.8 0.340166
27.81 0.402244
27.82 0.461744
27.83 0.519274
27.84 0.576305
27.85 0.63366
27.86 0.691442
27.87 0.749275
27.88 0.806004
27.89 0.860887
27.9 0.912782
27.91 0.959776
27.92 1.00056
27.93 1.03405
27.94 1.0597
27.95 1.07773
27.96 1.08869
27.97 1.0935
27.98 1.0923
27.99 1.08512
28 1.07252
28.01 1.05523
28.02 1.03485
28.03 1.0134
28.04 0.993408
28.05 0.97812
28.06 0.970521
28.07 0.973451
28.08 0.98868
28.09 1.01711
28.1 1.05987
28.11 1.11687
28.12 1.18705
28.13 1.26912
28.14 1.36091
28.15 1.46021
28.16 1.5641
28.17 1.66898
28.18 1.77237
28.19 1.87301
28.2 1.97074
28.21 2.06495
28.22 2.15385
28.23 2.23559
28.24 2.30774
28.25 2.36827
28.26 2.4171
28.27 2.45494
28.28 2.48256
28.29 2.49962
28.3 2.50487
28.31 2.49759
28.32 2.47714
28.33 2.44317
28.34 2.39489
28.35 2.33023
28.36 2.24703
28.37 2.14363
28.38 2.0198
28.39 1.87679
28.4 1.71613
28.41 1.54072
28.42 1.35433
28.43 1.16126
28.44 0.967191
28.45 0.777419
28.46 0.597157
28.47 0.432039
28.48 0.28698
28.49 0.166372
28.5 0.0736503
28.51 0.0116823
28.52 -0.0176684
28.53 -0.0146787
28.54 0.0193482
28.55 0.0818385
28.56 0.168855
28.57 0.275931
28.58 0.397506
28.59 0.526901
28.6 0.656279
28.61 0.776784
28.62 0.879661
28.63 0.956739
28.64 1.00197
28.65 1.01209
28.66 0.985969
28.67 0.924987
28.68 0.831586
28.69 0.708542
28.7 0.559144
28.71 0.387027
28.72 0.197537
28.73 -0.00317657
28.74 -0.209744
28.75 -0.417072
28.76 -0.62153
28.77 -0.821025
28.78 -1.01359
28.79 -1.1971
28.8 -1.36761
28.81 -1.51976
28.82 -1.64941
28.83 -1.75412
28.84 -1.83288
28.85 -1.8845
28.86 -1.90646
28.87 -1.89482
28.88 -1.84427
28.89 -1.75005
28.9 -1.60909
28.91 -1.42077
28.92 -1.18805
28.93 -0.915946
28.94 -0.610929
28.95 -0.28131
28.96 0.0637201
28.97 0.413389
28.98 0.755478
28.99 1.0774
29 1.3666
29.01 1.61254
29.02 1.80782
29.03 1.94798
29.04 2.03139
29.05 2.05878
29.06 2.03336
29.07 1.95964
29.08 1.84289
29.09 1.68993
29.1 1.50886
29.11 1.30877
29.12 1.09915
29.13 0.889707
29.14 0.690355
29.15 0.50962
29.16 0.354686
29.17 0.231614
29.18 0.144363
29.19 0.096341
29.2 0.090461
29.21 0.128307
29.22 0.210414
29.23 0.334471
29.24 0.4954
29.25 0.686145
29.26 0.898079
29.27 1.12357
29.28 1.35546
29.29 1.58669
29.3 1.81109
29.31 2.02154
29.32 2.21047
29.33 2.37118
29.34 2.49804
29.35 2.58813
29.36 2.64092
29.37 2.65781
29.38 2.64151
29.39 2.59444
29.4 2.5198
29.41 2.42161
29.42 2.30486
29.43 2.17662
29.44 2.0453
29.45 1.92022
29.46 1.8093
29.47 1.71765
29.48 1.64845
29.49 1.60257
29.5 1.58025
29.51 1.58211
29.52 1.60776
29.53 1.65539
29.54 1.72042
29.55 1.79595
29.56 1.8747
29.57 1.94933
29.58 2.01362
29.59 2.0627
29.6 2.09238
29.61 2.09936
29.62 2.08068
29.63 2.03444
29.64 1.96049
29.65 1.86052
29.66 1.73863
29.67 1.60045
29.68 1.45235
29.69 1.30074
29.7 1.14992
29.71 1.00251
29.72 0.860314
29.73 0.724968
29.74 0.598886
29.75 0.484552
29.76 0.384251
29.77 0.299556
29.78 0.230236
29.79 0.175332
29.8 0.133207
29.81 0.101476
29.82 0.0784261
29.83 0.0634553
29.84 0.0568635
29.85 0.0587408
29.86 0.0688574
29.87 0.0866744
29.88 0.110045
29.89 0.136579
29.9 0.164809
29.91 0.193201
29.92 0.22089
29.93 0.247749
29.94 0.273838
29.95 0.299999
29.96 0.327468
29.97 0.357918
29.98 0.393411
29.99 0.436175
30 0.48887
30.01 0.55317
30.02 0.629844
30.03 0.719096
30.04 0.819503
30.05 0.928748
30.06 1.04305
30.07 1.15786
30.08 1.26971
30.09 1.37536
30.1 1.47192
30.11 1.55709
30.12 1.62836
30.13 1.68271
30.14 1.71624
30.15 1.72584
30.16 1.71046
30.17 1.67078
30.18 1.60983
30.19 1.53219
30.2 1.44248
30.21 1.34434
30.22 1.23997
30.23 1.13188
30.24 1.02361
30.25 0.919076
30.26 0.823077
30.27 0.739857
30.28 0.672648
30.29 0.62431
30.3 0.596891
30.31 0.592893
30.32 0.614935
30.33 0.664283
30.34 0.740367
30.35 0.840121
30.36 0.959245
30.37 1.09286
30.38 1.23551
30.39 1.38249
30.4 1.52916
30.41 1.6708
30.42 1.8026
30.43 1.91799
30.44 2.00997
30.45 2.07226
30.46 2.10031
30.47 2.09288
30.48 2.05025
30.49 1.97349
30.5 1.86412
30.51 1.72351
30.52 1.55463
30.53 1.36209
30.54 1.15244
30.55 0.93426
30.56 0.71642
30.57 0.507203
30.58 0.312672
30.59 0.136461
30.6 -0.0182722
30.61 -0.148564
30.62 -0.25143
30.63 -0.324538
30.64 -0.367218
30.65 -0.379746
30.66 -0.363763
30.67 -0.322176
30.68 -0.258543
30.69 -0.177606
30.7 -0.0845139
30.71 0.0152371
30.72 0.116408
30.73 0.21561
30.74 0.310408
30.75 0.398989
30.76 0.478961
30.77 0.546137
30.78 0.596851
30.79 0.629114
30.8 0.643016
30.81 0.64047
30.82 0.622971
30.83 0.591731
30.84 0.548225
30.85 0.494129
30.86 0.431915
30.87 0.364472
30.88 0.294897
30.89 0.225855
30.9 0.159228
30.91 0.0970845
30.92 0.0415387
30.93 -0.00467285
30.94 -0.0378012
30.95 -0.0550244
30.96 -0.0547473
30.97 -0.0363874
30.98 -0.000407787
30.99 0.0527493
31 0.123156
31.01 0.211645
31.02 0.318567
31.03 0.442069
31.04 0.578496
31.05 0.722883
31.06 0.870155
31.07 1.01623
31.08 1.15785
31.09 1.29286
31.1 1.41878
31.11 1.5318
31.12 1.62795
31.13 1.70344
31.14 1.7561
31.15 1.7868
31.16 1.79806
31.17 1.79275
31.18 1.77287
31.19 1.74012
31.2 1.69736
31.21 1.6479
31.22 1.59575
31.23 1.5455
31.24 1.50091
31.25 1.46547
31.26 1.44131
31.27 1.42896
31.28 1.42871
31.29 1.44037
31.3 1.46386
31.31 1.49933
31.32 1.54621
31.33 1.60311
31.34 1.6672
31.35 1.7348
31.36 1.80225
31.37 1.86635
31.38 1.9248
31.39 1.97573
31.4 2.01795
31.41 2.05092
31.42 2.07414
31.43 2.08743
31.44 2.09099
31.45 2.08593
31.46 2.07403
31.47 2.05632
31.48 2.03342
31.49 2.00591
31.5 1.97423
31.51 1.93967
31.52 1.90449
31.53 1.87126
31.54 1.84165
31.55 1.81567
31.56 1.79272
31.57 1.77133
31.58 1.74972
31.59 1.72687
31.6 1.7011
31.61 1.67101
31.62 1.63549
31.63 1.59262
31.64 1.54076
31.65 1.47846
31.66 1.40537
31.67 1.32259
31.68 1.23088
31.69 1.13161
31.7 1.02717
31.71 0.919918
31.72 0.812298
31.73 0.706446
31.74 0.604131
31.75 0.507114
31.76 0.417655
31.77 0.338364
31.78 0.27086
31.79 0.216151
31.8 0.17426
31.81 0.143581
31.82 0.122277
31.83 0.108137
31.84 0.0987817
31.85 0.0930962
31.86 0.0902604
31.87 0.0894211
31.88 0.0901935
31.89 0.0921584
31.9 0.094823
31.91 0.0971601
31.92 0.0984296
31.93 0.0986127
31.94 0.0973883
31.95 0.0954467
31.96 0.0946161
31.97 0.0960557
31.98 0.100459
31.99 0.108481
32 0.121053
32.01 0.139472
32.02 0.165177
32.03 0.199632
32.04 0.243441
32.05 0.297079
32.06 0.360938
32.07 0.434292
32.08 0.516609
32.09 0.607039
32.1 0.703788
32.11 0.80481
32.12 0.906542
32.13 1.00474
32.14 1.09552
32.15 1.17536
32.16 1.24262
32.17 1.29715
32.18 1.33957
32.19 1.37095
32.2 1.39138
32.21 1.40016
32.22 1.39676
32.23 1.38161
32.24 1.35633
32.25 1.32305
32.26 1.28464
32.27 1.24396
32.28 1.2029
32.29 1.16328
32.3 1.12711
32.31 1.09683
32.32 1.07529
32.33 1.06463
32.34 1.0667
32.35 1.08254
32.36 1.11196
32.37 1.15454
32.38 1.20875
32.39 1.27258
32.4 1.3446
32.41 1.42306
32.42 1.50629
32.43 1.59231
32.44 1.67895
32.45 1.76397
32.46 1.84459
32.47 1.91876
32.48 1.98521
32.49 2.04273
32.5 2.09088
32.51 2.12903
32.52 2.15662
32.53 2.17379
32.54 2.18075
32.55 2.17841
32.56 2.16762
32.57 2.14866
32.58 2.12207
32.59 2.08838
32.6 2.04816
32.61 2.00158
32.62 1.94806
32.63 1.88758
32.64 1.82092
32.65 1.74905
32.66 1.67339
32.67 1.5955
32.68 1.51691
32.69 1.43875
32.7 1.36191
32.71 1.28758
32.72 1.2165
32.73 1.14977
32.74 1.08879
32.75 1.03404
32.76 0.985348
32.77 0.941732
32.78 0.902697
32.79 0.868902
32.8 0.840435
32.81 0.816704
32.82 0.796147
32.83 0.776525
32.84 0.755545
32.85 0.730309
32.86 0.6986
32.87 0.659317
32.88 0.611736
32.89 0.555438
32.9 0.489071
32.91 0.410195
32.92 0.316411
32.93 0.205931
32.94 0.0785975
32.95 -0.0647957
32.96 -0.223091
32.97 -0.394676
32.98 -0.578219
32.99 -0.771622
33 -0.971759
33.01 -1.17472
33.02 -1.37499
33.03 -1.56583
33.04 -1.73939
33.05 -1.88741
33.06 -2.00244
33.07 -2.07819
33.08 -2.11066
33.09 -2.09801
33.1 -2.03972
33.11 -1.93677
33.12 -1.79085
33.13 -1.605
33.14 -1.38427
33.15 -1.13458
33.16 -0.863
33.17 -0.577061
33.18 -0.283769
33.19 0.0100245
33.2 0.29775
33.21 0.572446
33.22 0.826516
33.23 1.05265
33.24 1.24393
33.25 1.39442
33.26 1.50026
33.27 1.55959
33.28 1.57281
33.29 1.54205
33.3 1.47103
33.31 1.36491
33.32 1.22907
33.33 1.06976
33.34 0.894421
33.35 0.711471
33.36 0.530223
33.37 0.359531
33.38 0.208163
33.39 0.0845523
33.4 -0.00438904
33.41 -0.0532723
33.42 -0.0592585
33.43 -0.0213883
33.44 0.0601323
33.45 0.182602
33.46 0.341491
33.47 0.531179
33.48 0.744947
33.49 0.975492
33.5 1.21503
33.51 1.45637
33.52 1.69262
33.53 1.91633
33.54 2.1208
33.55 2.30031
33.56 2.45031
33.57 2.56833
33.58 2.65373
33.59 2.70742
33.6 2.73123
33.61 2.72751
33.62 2.6988
33.63 2.64753
33.64 2.57726
33.65 2.49271
33.66 2.39866
33.67 2.3004
33.68 2.20279
33.69 2.11001
33.7 2.0259
33.71 1.95245
33.72 1.8906
33.73 1.8412
33.74 1.80467
33.75 1.78083
33.76 1.76803
33.77 1.76382
33.78 1.76525
33.79 1.76846
33.8 1.76984
33.81 1.76539
33.82 1.75127
33.83 1.72507
33.84 1.68492
33.85 1.6301
33.86 1.5609
33.87 1.47792
33.88 1.38304
33.89 1.2791
33.9 1.16929
33.91 1.05688
33.92 0.945272
33.93 0.838072
33.94 0.738592
33.95 0.650007
33.96 0.575313
33.97 0.516588
33.98 0.475378
33.99 0.45256
34 0.447607
34.01 0.45922
34.02 0.485207
34.03 0.522808
34.04 0.569027
34.05 0.620218
34.06 0.672471
34.07 0.72143
34.08 0.763118
34.09 0.794561
34.1 0.812926
34.11 0.81645
34.12 0.804443
34.13 0.776225
34.14 0.732109
34.15 0.673215
34.16 0.601246
34.17 0.51901
34.18 0.429746
34.19 0.337193
34.2 0.245116
34.21 0.157027
34.22 0.0765235
34.23 0.00652688
34.24 -0.0504036
34.25 -0.0921974
34.26 -0.117727
34.27 -0.126235
34.28 -0.1175
34.29 -0.0909392
34.3 -0.0453567
34.31 0.0193627
34.32 0.102474
34.33 0.202476
34.34 0.316324
34.35 0.440048
34.36 0.569764
34.37 0.702233
34.38 0.834252
34.39 0.962376
34.4 1.0833
34.41 1.19313
34.42 1.28768
34.43 1.36334
34.44 1.41657
34.45 1.44435
34.46 1.44466
34.47 1.41683
34.48 1.362
34.49 1.28288
34.5 1.18325
34.51 1.06786
34.52 0.942106
34.53 0.811754
34.54 0.682538
34.55 0.56078
34.56 0.453059
34.57 0.365362
34.58 0.303389
34.59 0.270984
34.6 0.269813
34.61 0.300557
34.62 0.362309
34.63 0.45335
34.64 0.57128
34.65 0.71196
34.66 0.869925
34.67 1.03852
34.68 1.21026
34.69 1.37749
34.7 1.53284
34.71 1.67044
34.72 1.78558
34.73 1.87399
34.74 1.93251
34.75 1.959
34.76 1.95275
34.77 1.9142
34.78 1.84406
34.79 1.74388
34.8 1.61555
34.81 1.46196
34.82 1.28801
34.83 1.10015
34.84 0.90699
34.85 0.718044
34.86 0.541637
34.87 0.384371
34.88 0.249923
34.89 0.139217
34.9 0.0526741
34.91 -0.00772394
34.92 -0.0371967
34.93 -0.0306005
34.94 0.0137878
34.95 0.0931497
34.96 0.200788
34.97 0.328391
34.98 0.467663
34.99 0.612223
35 0.759476
35.01 0.908314
35.02 1.05618
35.03 1.19711
35.04 1.32191
35.05 1.42204
35.06 1.49245
35.07 1.53252
35.08 1.545
35.09 1.53271
35.1 1.49677
35.11 1.43676
35.12 1.35228
35.13 1.24498
35.14 1.11899
35.15 0.980689
35.16 0.837452
35.17 0.695778
35.18 0.560881
35.19 0.437186
35.2 0.329221
35.21 0.242186
35.22 0.181149
35.23 0.150226
35.24 0.151213
35.25 0.182885
35.26 0.242718
35.27 0.327917
35.28 0.43579
35.29 0.563298
35.3 0.705959
35.31 0.858249
35.32 1.01383
35.33 1.16614
35.34 1.30945
35.35 1.43887
35.36 1.55103
35.37 1.64372
35.38 1.71461
35.39 1.76117
35.4 1.78133
35.41 1.77485
35.42 1.74282
35.43 1.68668
35.44 1.60908
35.45 1.5131
35.46 1.40203
35.47 1.28037
35.48 1.15347
35.49 1.02736
35.5 0.907318
35.51 0.797382
35.52 0.702165
35.53 0.62653
35.54 0.574492
35.55 0.54855
35.56 0.549436
35.57 0.577024
35.58 0.630019
35.59 0.706301
35.6 0.80346
35.61 0.917594
35.62 1.04354
35.63 1.17502
35.64 1.30498
35.65 1.42712
35.66 1.53568
35.67 1.62517
35.68 1.6911
35.69 1.73012
35.7 1.73986
35.71 1.71878
35.72 1.66681
35.73 1.58617
35.74 1.48032
35.75 1.35346
35.76 1.21001
35.77 1.05401
35.78 0.889577
35.79 0.721697
35.8 0.557957
35.81 0.407389
35.82 0.277371
35.83 0.172415
35.84 0.0933511
35.85 0.0393731
35.86 0.0114543
35.87 0.0128309
35.88 0.0477979
35.89 0.118636
35.9 0.22335
35.91 0.356713
35.92 0.511854
35.93 0.682121
35.94 0.861622
35.95 1.04491
35.96 1.22774
35.97 1.40589
35.98 1.57411
35.99 1.72609
36 1.85459
36.01 1.95315
36.02 2.01784
36.03 2.04811
36.04 2.04586
36.05 2.01341
36.06 1.95319
36.07 1.86748
36.08 1.75854
36.09 1.6301
36.1 1.48771
36.11 1.33832
36.12 1.18977
36.13 1.04953
36.14 0.92441
36.15 0.819599
36.16 0.737669
36.17 0.680162
36.18 0.648536
36.19 0.644196
36.2 0.668382
36.21 0.721215
36.22 0.80111
36.23 0.903927
36.24 1.02404
36.25 1.15655
36.26 1.2969
36.27 1.44068
36.28 1.58315
36.29 1.71832
36.3 1.83939
36.31 1.9397
36.32 2.01494
36.33 2.06357
36.34 2.0849
36.35 2.07849
36.36 2.04397
36.37 1.98152
36.38 1.89313
36.39 1.78228
36.4 1.65411
36.41 1.51456
36.42 1.36824
36.43 1.21881
36.44 1.06991
36.45 0.926489
36.46 0.795302
36.47 0.682986
36.48 0.595164
36.49 0.534976
36.5 0.502361
36.51 0.495689
36.52 0.512761
36.53 0.552277
36.54 0.613635
36.55 0.695421
36.56 0.794942
36.57 0.906509
36.58 1.0217
36.59 1.13191
36.6 1.22958
36.61 1.30934
36.62 1.36736
36.63 1.40015
36.64 1.4052
36.65 1.38097
36.66 1.32715
36.67 1.24446
36.68 1.13416
36.69 0.999271
36.7 0.844427
36.71 0.675666
36.72 0.500178
36.73 0.325072
36.74 0.157146
36.75 0.00210808
36.76 -0.135212
36.77 -0.250184
36.78 -0.339791
36.79 -0.402495
36.8 -0.437746
36.81 -0.446793
36.82 -0.432059
36.83 -0.396616
36.84 -0.34408
36.85 -0.278053
36.86 -0.202523
36.87 -0.122355
36.88 -0.0431876
36.89 0.0295965
36.9 0.0926913
36.91 0.145215
36.92 0.18857
36.93 0.225822
36.94 0.26035
36.95 0.295517
36.96 0.333483
36.97 0.375063
36.98 0.420471
36.99 0.469132
37 0.520478
37.01 0.573909
37.02 0.628503
37.03 0.683589
37.04 0.737925
37.05 0.789219
37.06 0.835149
37.07 0.874431
37.08 0.907384
37.09 0.934889
37.1 0.957542
37.11 0.976047
37.12 0.991006
37.13 1.00366
37.14 1.01576
37.15 1.02849
37.16 1.04255
37.17 1.0573
37.18 1.07135
37.19 1.08356
37.2 1.09255
37.21 1.09772
37.22 1.09854
37.23 1.0938
37.24 1.08282
37.25 1.06562
37.26 1.04332
37.27 1.01808
37.28 0.99298
37.29 0.972453
37.3 0.960548
37.31 0.960177
37.32 0.973244
37.33 1.00007
37.34 1.03991
37.35 1.09106
37.36 1.15088
37.37 1.21627
37.38 1.28405
37.39 1.35144
37.4 1.41543
37.41 1.47258
37.42 1.52041
37.43 1.55704
37.44 1.58105
37.45 1.59142
37.46 1.58669
37.47 1.56623
37.48 1.5304
37.49 1.47964
37.5 1.41493
37.51 1.33716
37.52 1.24749
37.53 1.148
37.54 1.04093
37.55 0.928312
37.56 0.812275
37.57 0.69573
37.58 0.582545
37.59 0.476859
37.6 0.383035
37.61 0.304895
37.62 0.245036
37.63 0.205193
37.64 0.185653
37.65 0.185211
37.66 0.202006
37.67 0.233579
37.68 0.276787
37.69 0.327534
37.7 0.381386
37.71 0.434046
37.72 0.481379
37.73 0.520057
37.74 0.547129
37.75 0.560319
37.76 0.558949
37.77 0.543072
37.78 0.513774
37.79 0.473543
37.8 0.425762
37.81 0.37509
37.82 0.32687
37.83 0.286594
37.84 0.259261
37.85 0.249018
37.86 0.259822
37.87 0.294022
37.88 0.351343
37.89 0.430121
37.9 0.527599
37.91 0.640328
37.92 0.76476
37.93 0.896985
37.94 1.03269
37.95 1.16698
37.96 1.29531
37.97 1.4137
37.98 1.51796
37.99 1.60509
38 1.67321
38.01 1.72073
38.02 1.74683
38.03 1.75138
38.04 1.73484
38.05 1.6983
38.06 1.64375
38.07 1.57486
38.08 1.49613
38.09 1.41228
38.1 1.32846
38.11 1.24912
38.12 1.17793
38.13 1.1175
38.14 1.06939
38.15 1.03494
38.16 1.01504
38.17 1.01077
38.18 1.02305
38.19 1.05148
38.2 1.09417
38.21 1.14819
38.22 1.21113
38.23 1.28122
38.24 1.35615
38.25 1.43392
38.26 1.51215
38.27 1.58679
38.28 1.65388
38.29 1.71001
38.3 1.75264
38.31 1.78071
38.32 1.79313
38.33 1.78865
38.34 1.76589
38.35 1.72376
38.36 1.66257
38.37 1.58385
38.38 1.49033
38.39 1.38537
38.4 1.27217
38.41 1.15342
38.42 1.03148
38.43 0.909528
38.44 0.791639
38.45 0.682503
38.46 0.587369
38.47 0.510078
38.48 0.452486
38.49 0.415514
38.5 0.399325
38.51 0.404073
38.52 0.429477
38.53 0.47382
38.54 0.534165
38.55 0.606398
38.56 0.685579
38.57 0.766706
38.58 0.845545
38.59 0.919295
38.6 0.986051
38.61 1.04407
38.62 1.09153
38.63 1.12643
38.64 1.14704
38.65 1.15198
38.66 1.14063
38.67 1.11368
38.68 1.07195
38.69 1.01646
38.7 0.949352
38.71 0.873339
38.72 0.792049
38.73 0.709625
38.74 0.62972
38.75 0.555756
38.76 0.490275
38.77 0.434824
38.78 0.390971
38.79 0.360635
38.8 0.345065
38.81 0.344003
38.82 0.356201
38.83 0.379349
38.84 0.410431
38.85 0.447059
38.86 0.48769
38.87 0.531202
38.88 0.57627
38.89 0.62055
38.9 0.661483
38.91 0.697126
38.92 0.725892
38.93 0.747112
38.94 0.761374
38.95 0.770597
38.96 0.777107
38.97 0.782331
38.98 0.787572
38.99 0.794106
39 0.803344
39.01 0.817207
39.02 0.83718
39.03 0.864206
39.04 0.898315
39.05 0.938639
39.06 0.984311
39.07 1.03448
39.08 1.08878
39.09 1.1469
39.1 1.20737
39.11 1.26812
39.12 1.32633
39.13 1.37877
39.14 1.42275
39.15 1.45609
39.16 1.47749
39.17 1.48557
39.18 1.47816
39.19 1.454
39.2 1.41238
39.21 1.35291
39.22 1.2765
39.23 1.18521
39.24 1.0826
39.25 0.97303
39.26 0.860936
39.27 0.750738
39.28 0.645801
39.29 0.54931
39.3 0.464563
39.31 0.39373
39.32 0.338265
39.33 0.298852
39.34 0.275426
39.35 0.267844
39.36 0.276133
39.37 0.30056
39.38 0.340378
39.39 0.393307
39.4 0.456088
39.41 0.524876
39.42 0.596386
39.43 0.668111
39.44 0.738027
39.45 0.804443
39.46 0.864629
39.47 0.914959
39.48 0.95247
39.49 0.975206
39.5 0.983086
39.51 0.977749
39.52 0.961179
39.53 0.935352
39.54 0.901685
39.55 0.861224
39.56 0.81507
39.57 0.765025
39.58 0.714362
39.59 0.666263
39.6 0.622965
39.61 0.586
39.62 0.556005
39.63 0.534202
39.64 0.522946
39.65 0.524667
39.66 0.541146
39.67 0.572624
39.68 0.618025
39.69 0.675498
39.7 0.742814
39.71 0.818309
39.72 0.900266
39.73 0.986617
39.74 1.07463
39.75 1.1602
39.76 1.23946
39.77 1.30926
39.78 1.36702
39.79 1.41168
39.8 1.44252
39.81 1.45871
39.82 1.45947
39.83 1.44404
39.84 1.41328
39.85 1.36932
39.86 1.31435
39.87 1.25051
39.88 1.17893
39.89 1.10047
39.9 1.01669
39.91 0.92985
39.92 0.842958
39.93 0.758821
39.94 0.680122
39.95 0.609105
39.96 0.547422
39.97 0.496904
39.98 0.458477
39.99 0.432075
40 0.417739
40.01 0.415128
40.02 0.423176
40.03 0.439722
40.04 0.461694
40.05 0.486797
40.06 0.513546
40.07 0.54112
40.08 0.569209
40.09 0.596869
40.1 0.623026
40.11 0.64626
40.12 0.664792
40.13 0.67802
40.14 0.686413
40.15 0.691477
40.16 0.69528
40.17 0.698985
40.18 0.702918
40.19 0.706873
40.2 0.71099
40.21 0.716309
40.22 0.723921
40.23 0.734656
40.24 0.748799
40.25 0.766362
40.26 0.787097
40.27 0.810395
40.28 0.836008
40.29 0.863315
40.3 0.890678
40.31 0.915994
40.32 0.936744
40.33 0.950949
40.34 0.957826
40.35 0.957009
40.36 0.94828
40.37 0.930992
40.38 0.90471
40.39 0.87035
40.4 0.829651
40.41 0.785421
40.42 0.741052
40.43 0.699327
40.44 0.66279
40.45 0.633973
40.46 0.615761
40.47 0.611505
40.48 0.623701
40.49 0.653251
40.5 0.699222
40.51 0.759497
40.52 0.831631
40.53 0.912848
40.54 1.00082
40.55 1.09378
40.56 1.1899
40.57 1.28712
40.58 1.38286
40.59 1.47457
40.6 1.56048
40.61 1.63918
40.62 1.70943
40.63 1.7696
40.64 1.81802
40.65 1.85413
40.66 1.87768
40.67 1.88831
40.68 1.88593
40.69 1.87077
40.7 1.84416
40.71 1.80812
40.72 1.76462
40.73 1.71575
40.74 1.66318
40.75 1.60848
40.76 1.55369
40.77 1.50061
40.78 1.45088
40.79 1.40612
40.8 1.36813
40.81 1.3382
40.82 1.31631
40.83 1.30232
40.84 1.29603
40.85 1.29686
40.86 1.30486
40.87 1.32028
40.88 1.34248
40.89 1.36948
40.9 1.39893
40.91 1.42864
40.92 1.45554
40.93 1.47669
40.94 1.4903
40.95 1.49212
40.96 1.47573
